Device: cpu
Observation dim: 129
Loading checkpoint: checkpoints/stage_7_mastered.pt
[Episode    10] lane=x3 success=0 len=200  |  1=0.00(5)  2=0.00(2)  3=0.50(2)  retention=1.00(1)
[Episode    20] lane=x2 success=0 len=200  |  1=0.00(8)  2=0.00(3)  3=0.83(6)  retention=1.00(3)
[Episode    30] lane=x1 success=0 len=200  |  1=0.00(12)  2=0.00(8)  3=0.83(6)  retention=1.00(4)
[Episode    40] lane=x2 success=0 len=200  |  1=0.00(12)  2=0.00(9)  3=0.89(9)  retention=1.00(10)
[Episode    50] lane=x2 success=0 len=200  |  1=0.00(14)  2=0.00(13)  3=0.90(10)  retention=1.00(13)
[Episode    60] lane=x1 success=0 len=200  |  1=0.00(18)  2=0.00(17)  3=0.90(10)  retention=1.00(15)
[Episode    70] lane=x7 success=1 len=107  |  1=0.00(21)  2=0.00(19)  3=0.91(11)  retention=1.00(19)
[Episode    80] lane=x2 success=0 len=200  |  1=0.00(24)  2=0.00(21)  3=0.93(14)  retention=1.00(21)
[Episode    90] lane=x1 success=0 len=200  |  1=0.00(25)  2=0.00(24)  3=0.95(19)  retention=1.00(22)
[Episode   100] lane=x1 success=0 len=200  |  1=0.00(27)  2=0.00(26)  3=0.95(22)  retention=1.00(25)
[Episode   110] lane=x1 success=0 len=200  |  1=0.00(31)  2=0.00(27)  3=0.96(23)  retention=0.97(29)
[Episode   120] lane=x7 success=1 len= 60  |  1=0.00(31)  2=0.00(28)  3=0.96(24)  retention=0.97(37)
[Episode   130] lane=x1 success=0 len=200  |  1=0.00(36)  2=0.00(30)  3=0.96(26)  retention=0.97(38)
[Episode   140] lane=x3 success=1 len= 66  |  1=0.00(41)  2=0.00(30)  3=0.93(29)  retention=0.97(40)
[Episode   150] lane=x4 success=0 len=200  |  1=0.00(43)  2=0.00(34)  3=0.94(31)  retention=0.95(42)
[Episode   160] lane=x8 success=0 len=200  |  1=0.00(47)  2=0.00(37)  3=0.94(31)  retention=0.93(45)
[Episode   170] lane=x2 success=0 len=200  |  1=0.00(50)  2=0.00(39)  3=0.91(33)  retention=0.93(46)
[Episode   180] lane=x1 success=0 len=200  |  1=0.00(50)  2=0.00(42)  3=0.91(35)  retention=0.94(49)
[Episode   190] lane=x4 success=1 len= 36  |  1=0.00(50)  2=0.00(43)  3=0.91(35)  retention=0.92(50)
[Episode   200] lane=x3 success=1 len= 41  |  1=0.00(50)  2=0.00(43)  3=0.90(40)  retention=0.90(50)
[Episode   210] lane=x1 success=0 len=200  |  1=0.00(50)  2=0.00(48)  3=0.88(42)  retention=0.90(50)
[Episode   220] lane=x2 success=0 len=200  |  1=0.00(50)  2=0.00(50)  3=0.83(46)  retention=0.90(50)
[Episode   230] lane=x8 success=1 len=106  |  1=0.00(50)  2=0.00(50)  3=0.83(47)  retention=0.88(50)
[Episode   240] lane=x2 success=0 len=200  |  1=0.00(50)  2=0.00(50)  3=0.83(48)  retention=0.88(50)
[Episode   250] lane=x3 success=1 len=129  |  1=0.00(50)  2=0.00(50)  3=0.84(49)  retention=0.88(50)
[Episode   260] lane=x2 success=0 len=200  |  1=0.00(50)  2=0.00(50)  3=0.86(50)  retention=0.88(50)
[Episode   270] lane=x4 success=0 len=200  |  1=0.00(50)  2=0.00(50)  3=0.86(50)  retention=0.86(50)
[Episode   280] lane=x2 success=0 len=200  |  1=0.00(50)  2=0.00(50)  3=0.84(50)  retention=0.84(50)
[Episode   290] lane=x1 success=0 len=200  |  1=0.00(50)  2=0.00(50)  3=0.84(50)  retention=0.86(50)
[Episode   300] lane=x2 success=0 len=200  |  1=0.00(50)  2=0.00(50)  3=0.80(50)  retention=0.86(50)
[Episode   310] lane=x3 success=0 len=200  |  1=0.00(50)  2=0.00(50)  3=0.76(50)  retention=0.84(50)
[Episode   320] lane=x2 success=0 len=200  |  1=0.00(50)  2=0.00(50)  3=0.74(50)  retention=0.84(50)
[Episode   330] lane=x2 success=0 len=200  |  1=0.00(50)  2=0.00(50)  3=0.70(50)  retention=0.84(50)
[Episode   340] lane=x1 success=0 len=200  |  1=0.00(50)  2=0.00(50)  3=0.70(50)  retention=0.84(50)
[Episode   350] lane=x1 success=0 len=200  |  1=0.00(50)  2=0.00(50)  3=0.70(50)  retention=0.84(50)
[Episode   360] lane=x2 success=0 len=200  |  1=0.00(50)  2=0.00(50)  3=0.70(50)  retention=0.88(50)
[Episode   370] lane=x2 success=0 len=200  |  1=0.00(50)  2=0.00(50)  3=0.70(50)  retention=0.90(50)
[Episode   380] lane=x1 success=0 len=200  |  1=0.00(50)  2=0.00(50)  3=0.70(50)  retention=0.90(50)
[Episode   390] lane=x4 success=0 len=200  |  1=0.00(50)  2=0.00(50)  3=0.70(50)  retention=0.90(50)
[Episode   400] lane=x2 success=0 len=200  |  1=0.00(50)  2=0.00(50)  3=0.70(50)  retention=0.90(50)
[Episode   410] lane=x2 success=0 len=200  |  1=0.00(50)  2=0.00(50)  3=0.72(50)  retention=0.90(50)
[Episode   420] lane=x7 success=1 len= 93  |  1=0.00(50)  2=0.00(50)  3=0.70(50)  retention=0.90(50)
[Episode   430] lane=x4 success=1 len= 35  |  1=0.00(50)  2=0.00(50)  3=0.70(50)  retention=0.90(50)
[Episode   440] lane=x5 success=0 len=200  |  1=0.00(50)  2=0.00(50)  3=0.68(50)  retention=0.88(50)
[Episode   450] lane=x1 success=0 len=200  |  1=0.00(50)  2=0.00(50)  3=0.66(50)  retention=0.88(50)
[Episode   460] lane=x3 success=1 len=108  |  1=0.00(50)  2=0.00(50)  3=0.68(50)  retention=0.92(50)
[Episode   470] lane=x3 success=1 len=135  |  1=0.00(50)  2=0.00(50)  3=0.68(50)  retention=0.92(50)
[Episode   480] lane=x3 success=1 len= 67  |  1=0.00(50)  2=0.00(50)  3=0.68(50)  retention=0.92(50)
[Episode   490] lane=x1 success=0 len=200  |  1=0.00(50)  2=0.00(50)  3=0.66(50)  retention=0.90(50)
[Episode   500] lane=x2 success=0 len=200  |  1=0.00(50)  2=0.00(50)  3=0.66(50)  retention=0.92(50)
[Episode   510] lane=x1 success=0 len=200  |  1=0.00(50)  2=0.00(50)  3=0.66(50)  retention=0.92(50)
[Episode   520] lane=x2 success=0 len=200  |  1=0.00(50)  2=0.00(50)  3=0.68(50)  retention=0.92(50)
[Episode   530] lane=x2 success=0 len=200  |  1=0.00(50)  2=0.00(50)  3=0.68(50)  retention=0.92(50)
[Episode   540] lane=x1 success=0 len=200  |  1=0.00(50)  2=0.00(50)  3=0.70(50)  retention=0.90(50)
[Episode   550] lane=x2 success=0 len=200  |  1=0.00(50)  2=0.00(50)  3=0.74(50)  retention=0.90(50)
[Episode   560] lane=x3 success=1 len=117  |  1=0.00(50)  2=0.00(50)  3=0.74(50)  retention=0.90(50)
[Episode   570] lane=x8 success=1 len= 93  |  1=0.00(50)  2=0.00(50)  3=0.74(50)  retention=0.90(50)
[Episode   580] lane=x8 success=1 len=108  |  1=0.00(50)  2=0.00(50)  3=0.74(50)  retention=0.92(50)
[Episode   590] lane=x3 success=1 len= 33  |  1=0.00(50)  2=0.00(50)  3=0.74(50)  retention=0.94(50)
[Episode   600] lane=x5 success=1 len= 58  |  1=0.00(50)  2=0.00(50)  3=0.70(50)  retention=0.94(50)
[Episode   610] lane=x2 success=0 len=200  |  1=0.00(50)  2=0.00(50)  3=0.72(50)  retention=0.96(50)
[Episode   620] lane=x3 success=1 len= 56  |  1=0.00(50)  2=0.00(50)  3=0.72(50)  retention=0.96(50)
[Episode   630] lane=x1 success=0 len=200  |  1=0.00(50)  2=0.00(50)  3=0.72(50)  retention=0.94(50)
[Episode   640] lane=x7 success=1 len= 85  |  1=0.00(50)  2=0.00(50)  3=0.72(50)  retention=0.94(50)
[Episode   650] lane=x6 success=1 len=169  |  1=0.00(50)  2=0.00(50)  3=0.70(50)  retention=0.92(50)
[Episode   660] lane=x2 success=0 len=200  |  1=0.00(50)  2=0.00(50)  3=0.70(50)  retention=0.94(50)
[Episode   670] lane=x2 success=0 len=200  |  1=0.00(50)  2=0.00(50)  3=0.68(50)  retention=0.94(50)
[Episode   680] lane=x7 success=1 len= 42  |  1=0.00(50)  2=0.00(50)  3=0.68(50)  retention=0.94(50)
[Episode   690] lane=x8 success=1 len= 88  |  1=0.00(50)  2=0.00(50)  3=0.70(50)  retention=0.94(50)
[Episode   700] lane=x1 success=0 len=200  |  1=0.00(50)  2=0.00(50)  3=0.68(50)  retention=0.96(50)
[Episode   710] lane=x2 success=0 len=200  |  1=0.00(50)  2=0.00(50)  3=0.68(50)  retention=0.96(50)
[Episode   720] lane=x3 success=0 len=200  |  1=0.00(50)  2=0.00(50)  3=0.64(50)  retention=0.96(50)
[Episode   730] lane=x2 success=0 len=200  |  1=0.00(50)  2=0.00(50)  3=0.62(50)  retention=0.96(50)
[Episode   740] lane=x7 success=1 len= 79  |  1=0.00(50)  2=0.00(50)  3=0.62(50)  retention=0.96(50)
[Episode   750] lane=x3 success=0 len=200  |  1=0.00(50)  2=0.00(50)  3=0.56(50)  retention=0.96(50)
[Episode   760] lane=x6 success=1 len=110  |  1=0.00(50)  2=0.00(50)  3=0.58(50)  retention=0.94(50)
[Episode   770] lane=x7 success=1 len= 59  |  1=0.00(50)  2=0.00(50)  3=0.58(50)  retention=0.92(50)
[Episode   780] lane=x6 success=1 len= 39  |  1=0.00(50)  2=0.00(50)  3=0.58(50)  retention=0.92(50)
[Episode   790] lane=x3 success=0 len=200  |  1=0.00(50)  2=0.00(50)  3=0.56(50)  retention=0.92(50)
[Episode   800] lane=x2 success=0 len=200  |  1=0.00(50)  2=0.00(50)  3=0.56(50)  retention=0.94(50)
[Episode   810] lane=x2 success=0 len=200  |  1=0.00(50)  2=0.00(50)  3=0.54(50)  retention=0.90(50)
[Episode   820] lane=x1 success=0 len=200  |  1=0.00(50)  2=0.00(50)  3=0.52(50)  retention=0.90(50)
[Episode   830] lane=x8 success=1 len= 90  |  1=0.00(50)  2=0.00(50)  3=0.50(50)  retention=0.88(50)
[Episode   840] lane=x3 success=0 len=200  |  1=0.00(50)  2=0.00(50)  3=0.48(50)  retention=0.88(50)
[Episode   850] lane=x2 success=0 len=200  |  1=0.00(50)  2=0.00(50)  3=0.48(50)  retention=0.88(50)
[Episode   860] lane=x7 success=1 len= 69  |  1=0.00(50)  2=0.00(50)  3=0.44(50)  retention=0.88(50)
[Episode   870] lane=x2 success=0 len=200  |  1=0.00(50)  2=0.00(50)  3=0.38(50)  retention=0.88(50)
[Episode   880] lane=x2 success=0 len=200  |  1=0.00(50)  2=0.00(50)  3=0.36(50)  retention=0.88(50)
[Episode   890] lane=x6 success=1 len=107  |  1=0.00(50)  2=0.00(50)  3=0.36(50)  retention=0.88(50)
[Episode   900] lane=x2 success=0 len=200  |  1=0.00(50)  2=0.00(50)  3=0.36(50)  retention=0.84(50)
[Episode   910] lane=x2 success=0 len=200  |  1=0.00(50)  2=0.00(50)  3=0.36(50)  retention=0.80(50)
[Episode   920] lane=x2 success=0 len=200  |  1=0.00(50)  2=0.00(50)  3=0.40(50)  retention=0.78(50)
[Episode   930] lane=x1 success=0 len=200  |  1=0.00(50)  2=0.00(50)  3=0.44(50)  retention=0.78(50)
[Episode   940] lane=x3 success=0 len=200  |  1=0.00(50)  2=0.00(50)  3=0.42(50)  retention=0.78(50)
[Episode   950] lane=x2 success=0 len=200  |  1=0.00(50)  2=0.00(50)  3=0.42(50)  retention=0.78(50)
[Episode   960] lane=x5 success=1 len= 88  |  1=0.00(50)  2=0.00(50)  3=0.42(50)  retention=0.78(50)
[Episode   970] lane=x6 success=1 len=107  |  1=0.00(50)  2=0.00(50)  3=0.42(50)  retention=0.80(50)
[Episode   980] lane=x2 success=0 len=200  |  1=0.00(50)  2=0.00(50)  3=0.46(50)  retention=0.80(50)
[Episode   990] lane=x1 success=0 len=200  |  1=0.00(50)  2=0.00(50)  3=0.48(50)  retention=0.80(50)
[Episode  1000] lane=x1 success=0 len=200  |  1=0.00(50)  2=0.00(50)  3=0.50(50)  retention=0.80(50)
[Episode  1010] lane=x1 success=0 len=200  |  1=0.00(50)  2=0.00(50)  3=0.50(50)  retention=0.74(50)
[Episode  1020] lane=x3 success=0 len=200  |  1=0.00(50)  2=0.00(50)  3=0.50(50)  retention=0.76(50)
[Episode  1030] lane=x2 success=0 len=200  |  1=0.00(50)  2=0.00(50)  3=0.50(50)  retention=0.76(50)
[Episode  1040] lane=x2 success=0 len=200  |  1=0.00(50)  2=0.00(50)  3=0.50(50)  retention=0.76(50)
[Episode  1050] lane=x1 success=0 len=200  |  1=0.00(50)  2=0.00(50)  3=0.50(50)  retention=0.74(50)
[Episode  1060] lane=x4 success=1 len= 55  |  1=0.00(50)  2=0.00(50)  3=0.52(50)  retention=0.72(50)
[Episode  1070] lane=x2 success=0 len=200  |  1=0.00(50)  2=0.00(50)  3=0.54(50)  retention=0.70(50)
[Episode  1080] lane=x1 success=0 len=200  |  1=0.00(50)  2=0.00(50)  3=0.56(50)  retention=0.68(50)
[Episode  1090] lane=x2 success=0 len=200  |  1=0.00(50)  2=0.00(50)  3=0.60(50)  retention=0.66(50)
[Episode  1100] lane=x2 success=0 len=200  |  1=0.00(50)  2=0.00(50)  3=0.62(50)  retention=0.70(50)
[Episode  1110] lane=x6 success=1 len= 78  |  1=0.00(50)  2=0.00(50)  3=0.66(50)  retention=0.74(50)
[Episode  1120] lane=x3 success=0 len=200  |  1=0.00(50)  2=0.00(50)  3=0.68(50)  retention=0.74(50)
[Episode  1130] lane=x3 success=1 len=172  |  1=0.00(50)  2=0.00(50)  3=0.70(50)  retention=0.74(50)
[Episode  1140] lane=x2 success=0 len=200  |  1=0.00(50)  2=0.00(50)  3=0.72(50)  retention=0.74(50)
[Episode  1150] lane=x1 success=0 len=200  |  1=0.00(50)  2=0.00(50)  3=0.74(50)  retention=0.76(50)
[Episode  1160] lane=x3 success=1 len=145  |  1=0.00(50)  2=0.00(50)  3=0.74(50)  retention=0.78(50)
[Episode  1170] lane=x1 success=0 len=200  |  1=0.00(50)  2=0.00(50)  3=0.76(50)  retention=0.82(50)
[Episode  1180] lane=x7 success=1 len= 25  |  1=0.00(50)  2=0.00(50)  3=0.76(50)  retention=0.86(50)
[Episode  1190] lane=x2 success=0 len=200  |  1=0.00(50)  2=0.00(50)  3=0.76(50)  retention=0.88(50)
[Episode  1200] lane=x2 success=0 len=200  |  1=0.00(50)  2=0.00(50)  3=0.74(50)  retention=0.90(50)
[Episode  1210] lane=x2 success=0 len=200  |  1=0.00(50)  2=0.00(50)  3=0.74(50)  retention=0.92(50)
[Episode  1220] lane=x1 success=0 len=200  |  1=0.00(50)  2=0.00(50)  3=0.78(50)  retention=0.92(50)
[Episode  1230] lane=x4 success=1 len= 75  |  1=0.00(50)  2=0.00(50)  3=0.78(50)  retention=0.94(50)
[Episode  1240] lane=x4 success=1 len= 59  |  1=0.00(50)  2=0.00(50)  3=0.78(50)  retention=0.94(50)
[Episode  1250] lane=x1 success=0 len=200  |  1=0.00(50)  2=0.00(50)  3=0.76(50)  retention=0.96(50)
[Episode  1260] lane=x8 success=1 len= 65  |  1=0.00(50)  2=0.00(50)  3=0.72(50)  retention=0.94(50)
[Episode  1270] lane=x1 success=0 len=200  |  1=0.00(50)  2=0.00(50)  3=0.74(50)  retention=0.94(50)
[Episode  1280] lane=x8 success=1 len= 60  |  1=0.00(50)  2=0.00(50)  3=0.76(50)  retention=0.92(50)
[Episode  1290] lane=x2 success=0 len=200  |  1=0.00(50)  2=0.00(50)  3=0.76(50)  retention=0.92(50)
[Episode  1300] lane=x5 success=1 len= 92  |  1=0.00(50)  2=0.00(50)  3=0.74(50)  retention=0.90(50)
[Episode  1310] lane=x3 success=1 len= 86  |  1=0.00(50)  2=0.00(50)  3=0.76(50)  retention=0.90(50)
[Episode  1320] lane=x1 success=0 len=200  |  1=0.00(50)  2=0.00(50)  3=0.76(50)  retention=0.88(50)
[Episode  1330] lane=x3 success=1 len=107  |  1=0.00(50)  2=0.00(50)  3=0.78(50)  retention=0.88(50)
[Episode  1340] lane=x5 success=1 len= 35  |  1=0.00(50)  2=0.00(50)  3=0.80(50)  retention=0.88(50)
[Episode  1350] lane=x1 success=0 len=200  |  1=0.00(50)  2=0.00(50)  3=0.80(50)  retention=0.86(50)
[Episode  1360] lane=x2 success=0 len=200  |  1=0.00(50)  2=0.00(50)  3=0.78(50)  retention=0.86(50)
[Episode  1370] lane=x3 success=1 len=109  |  1=0.00(50)  2=0.00(50)  3=0.80(50)  retention=0.86(50)
[Episode  1380] lane=x3 success=1 len=148  |  1=0.00(50)  2=0.00(50)  3=0.80(50)  retention=0.86(50)
[Episode  1390] lane=x1 success=0 len=200  |  1=0.00(50)  2=0.00(50)  3=0.78(50)  retention=0.86(50)
[Episode  1400] lane=x1 success=0 len=200  |  1=0.00(50)  2=0.00(50)  3=0.78(50)  retention=0.86(50)
[Episode  1410] lane=x2 success=0 len=200  |  1=0.00(50)  2=0.00(50)  3=0.78(50)  retention=0.86(50)
[Episode  1420] lane=x2 success=0 len=200  |  1=0.00(50)  2=0.00(50)  3=0.80(50)  retention=0.88(50)
[Episode  1430] lane=x3 success=1 len= 52  |  1=0.00(50)  2=0.00(50)  3=0.80(50)  retention=0.88(50)
[Episode  1440] lane=x3 success=1 len=107  |  1=0.00(50)  2=0.00(50)  3=0.80(50)  retention=0.88(50)
[Episode  1450] lane=x3 success=1 len= 82  |  1=0.00(50)  2=0.00(50)  3=0.80(50)  retention=0.88(50)
[Episode  1460] lane=x3 success=1 len= 58  |  1=0.00(50)  2=0.00(50)  3=0.82(50)  retention=0.90(50)
[Episode  1470] lane=x2 success=0 len=200  |  1=0.00(50)  2=0.00(50)  3=0.80(50)  retention=0.90(50)
[Episode  1480] lane=x2 success=0 len=200  |  1=0.00(50)  2=0.00(50)  3=0.82(50)  retention=0.90(50)
[Episode  1490] lane=x6 success=1 len= 62  |  1=0.00(50)  2=0.00(50)  3=0.82(50)  retention=0.90(50)
[Episode  1500] lane=x2 success=0 len=200  |  1=0.00(50)  2=0.00(50)  3=0.82(50)  retention=0.92(50)
[Episode  1510] lane=x3 success=1 len=102  |  1=0.00(50)  2=0.00(50)  3=0.82(50)  retention=0.88(50)
[Episode  1520] lane=x1 success=0 len=200  |  1=0.00(50)  2=0.00(50)  3=0.82(50)  retention=0.88(50)
[Episode  1530] lane=x3 success=1 len=140  |  1=0.00(50)  2=0.00(50)  3=0.82(50)  retention=0.88(50)
[Episode  1540] lane=x2 success=0 len=200  |  1=0.00(50)  2=0.00(50)  3=0.80(50)  retention=0.90(50)
[Episode  1550] lane=x3 success=1 len= 88  |  1=0.00(50)  2=0.00(50)  3=0.80(50)  retention=0.92(50)
[Episode  1560] lane=x3 success=0 len=200  |  1=0.00(50)  2=0.00(50)  3=0.80(50)  retention=0.92(50)
[Episode  1570] lane=x1 success=0 len=200  |  1=0.00(50)  2=0.00(50)  3=0.82(50)  retention=0.92(50)
[Episode  1580] lane=x2 success=0 len=200  |  1=0.00(50)  2=0.00(50)  3=0.82(50)  retention=0.92(50)
[Episode  1590] lane=x3 success=1 len= 91  |  1=0.00(50)  2=0.00(50)  3=0.86(50)  retention=0.92(50)
[Episode  1600] lane=x1 success=0 len=200  |  1=0.00(50)  2=0.00(50)  3=0.86(50)  retention=0.92(50)
[Episode  1610] lane=x2 success=0 len=200  |  1=0.00(50)  2=0.00(50)  3=0.86(50)  retention=0.92(50)
[Episode  1620] lane=x2 success=0 len=200  |  1=0.00(50)  2=0.00(50)  3=0.88(50)  retention=0.92(50)
[Episode  1630] lane=x5 success=1 len= 33  |  1=0.00(50)  2=0.00(50)  3=0.86(50)  retention=0.92(50)
[Episode  1640] lane=x3 success=1 len= 50  |  1=0.00(50)  2=0.00(50)  3=0.88(50)  retention=0.94(50)
[Episode  1650] lane=x2 success=0 len=200  |  1=0.00(50)  2=0.00(50)  3=0.88(50)  retention=0.92(50)
[Episode  1660] lane=x8 success=1 len=106  |  1=0.00(50)  2=0.00(50)  3=0.90(50)  retention=0.94(50)
[Episode  1670] lane=x7 success=1 len= 61  |  1=0.00(50)  2=0.00(50)  3=0.90(50)  retention=0.90(50)
[Episode  1680] lane=x7 success=1 len= 62  |  1=0.00(50)  2=0.00(50)  3=0.88(50)  retention=0.90(50)
[Episode  1690] lane=x1 success=0 len=200  |  1=0.00(50)  2=0.00(50)  3=0.88(50)  retention=0.92(50)
[Episode  1700] lane=x1 success=0 len=200  |  1=0.00(50)  2=0.00(50)  3=0.88(50)  retention=0.92(50)
[Episode  1710] lane=x1 success=0 len=200  |  1=0.00(50)  2=0.00(50)  3=0.86(50)  retention=0.92(50)
[Episode  1720] lane=x2 success=0 len=200  |  1=0.00(50)  2=0.00(50)  3=0.88(50)  retention=0.92(50)
[Episode  1730] lane=x1 success=0 len=200  |  1=0.00(50)  2=0.00(50)  3=0.86(50)  retention=0.88(50)
[Episode  1740] lane=x4 success=1 len= 44  |  1=0.00(50)  2=0.00(50)  3=0.84(50)  retention=0.88(50)
[Episode  1750] lane=x2 success=0 len=200  |  1=0.00(50)  2=0.00(50)  3=0.86(50)  retention=0.88(50)
[Episode  1760] lane=x3 success=1 len= 97  |  1=0.00(50)  2=0.00(50)  3=0.86(50)  retention=0.88(50)
[Episode  1770] lane=x7 success=1 len= 56  |  1=0.00(50)  2=0.00(50)  3=0.86(50)  retention=0.88(50)
[Episode  1780] lane=x3 success=1 len= 90  |  1=0.00(50)  2=0.00(50)  3=0.86(50)  retention=0.88(50)
[Episode  1790] lane=x1 success=0 len=200  |  1=0.00(50)  2=0.00(50)  3=0.88(50)  retention=0.86(50)
[Episode  1800] lane=x1 success=0 len=200  |  1=0.00(50)  2=0.00(50)  3=0.86(50)  retention=0.84(50)
[Episode  1810] lane=x2 success=0 len=200  |  1=0.00(50)  2=0.00(50)  3=0.86(50)  retention=0.84(50)
[Episode  1820] lane=x1 success=0 len=200  |  1=0.00(50)  2=0.00(50)  3=0.84(50)  retention=0.84(50)
[Episode  1830] lane=x2 success=0 len=200  |  1=0.00(50)  2=0.00(50)  3=0.84(50)  retention=0.84(50)
[Episode  1840] lane=x2 success=0 len=200  |  1=0.00(50)  2=0.00(50)  3=0.84(50)  retention=0.84(50)
[Episode  1850] lane=x7 success=0 len=200  |  1=0.00(50)  2=0.00(50)  3=0.84(50)  retention=0.84(50)
[Episode  1860] lane=x3 success=1 len= 56  |  1=0.00(50)  2=0.00(50)  3=0.80(50)  retention=0.80(50)
[Episode  1870] lane=x2 success=0 len=200  |  1=0.00(50)  2=0.00(50)  3=0.78(50)  retention=0.82(50)
[Episode  1880] lane=x6 success=1 len= 62  |  1=0.00(50)  2=0.00(50)  3=0.78(50)  retention=0.82(50)
[Episode  1890] lane=x6 success=1 len= 71  |  1=0.00(50)  2=0.00(50)  3=0.80(50)  retention=0.82(50)
[Episode  1900] lane=x8 success=1 len=166  |  1=0.00(50)  2=0.00(50)  3=0.80(50)  retention=0.82(50)
[Episode  1910] lane=x8 success=1 len=103  |  1=0.00(50)  2=0.00(50)  3=0.80(50)  retention=0.84(50)
[Episode  1920] lane=x1 success=0 len=200  |  1=0.00(50)  2=0.00(50)  3=0.80(50)  retention=0.84(50)
[Episode  1930] lane=x2 success=0 len=200  |  1=0.00(50)  2=0.00(50)  3=0.84(50)  retention=0.86(50)
[Episode  1940] lane=x1 success=0 len=200  |  1=0.00(50)  2=0.00(50)  3=0.82(50)  retention=0.86(50)
[Episode  1950] lane=x8 success=1 len= 87  |  1=0.00(50)  2=0.00(50)  3=0.78(50)  retention=0.86(50)
[Episode  1960] lane=x1 success=0 len=200  |  1=0.00(50)  2=0.00(50)  3=0.76(50)  retention=0.86(50)
[Episode  1970] lane=x1 success=0 len=200  |  1=0.00(50)  2=0.00(50)  3=0.80(50)  retention=0.86(50)
[Episode  1980] lane=x3 success=0 len=200  |  1=0.00(50)  2=0.00(50)  3=0.76(50)  retention=0.86(50)
[Episode  1990] lane=x2 success=0 len=200  |  1=0.00(50)  2=0.00(50)  3=0.76(50)  retention=0.86(50)
[Episode  2000] lane=x5 success=1 len=106  |  1=0.00(50)  2=0.00(50)  3=0.74(50)  retention=0.82(50)
[Episode  2010] lane=x3 success=1 len=168  |  1=0.00(50)  2=0.00(50)  3=0.74(50)  retention=0.86(50)
[Episode  2020] lane=x6 success=1 len=118  |  1=0.00(50)  2=0.00(50)  3=0.72(50)  retention=0.86(50)
[Episode  2030] lane=x5 success=1 len=142  |  1=0.00(50)  2=0.00(50)  3=0.70(50)  retention=0.86(50)
[Episode  2040] lane=x6 success=0 len=200  |  1=0.00(50)  2=0.00(50)  3=0.68(50)  retention=0.88(50)
[Episode  2050] lane=x5 success=1 len=155  |  1=0.00(50)  2=0.00(50)  3=0.64(50)  retention=0.88(50)
[Episode  2060] lane=x4 success=1 len= 81  |  1=0.00(50)  2=0.00(50)  3=0.62(50)  retention=0.88(50)
[Episode  2070] lane=x6 success=1 len=127  |  1=0.00(50)  2=0.00(50)  3=0.62(50)  retention=0.86(50)
[Episode  2080] lane=x1 success=0 len=200  |  1=0.00(50)  2=0.00(50)  3=0.62(50)  retention=0.86(50)
[Episode  2090] lane=x5 success=1 len= 53  |  1=0.00(50)  2=0.00(50)  3=0.62(50)  retention=0.86(50)
[Episode  2100] lane=x3 success=1 len= 77  |  1=0.00(50)  2=0.00(50)  3=0.62(50)  retention=0.84(50)
[Episode  2110] lane=x1 success=0 len=200  |  1=0.00(50)  2=0.00(50)  3=0.62(50)  retention=0.84(50)
[Episode  2120] lane=x3 success=1 len=105  |  1=0.00(50)  2=0.00(50)  3=0.60(50)  retention=0.84(50)
[Episode  2130] lane=x1 success=0 len=200  |  1=0.00(50)  2=0.00(50)  3=0.60(50)  retention=0.82(50)
[Episode  2140] lane=x4 success=1 len= 39  |  1=0.00(50)  2=0.00(50)  3=0.60(50)  retention=0.82(50)
[Episode  2150] lane=x2 success=0 len=200  |  1=0.00(50)  2=0.00(50)  3=0.60(50)  retention=0.80(50)
[Episode  2160] lane=x4 success=1 len=111  |  1=0.00(50)  2=0.00(50)  3=0.62(50)  retention=0.82(50)
[Episode  2170] lane=x5 success=1 len= 62  |  1=0.00(50)  2=0.00(50)  3=0.64(50)  retention=0.84(50)
[Episode  2180] lane=x4 success=1 len= 51  |  1=0.00(50)  2=0.00(50)  3=0.66(50)  retention=0.86(50)
[Episode  2190] lane=x5 success=1 len= 59  |  1=0.00(50)  2=0.00(50)  3=0.68(50)  retention=0.86(50)
[Episode  2200] lane=x2 success=0 len=200  |  1=0.00(50)  2=0.00(50)  3=0.66(50)  retention=0.90(50)
[Episode  2210] lane=x2 success=0 len=200  |  1=0.00(50)  2=0.00(50)  3=0.66(50)  retention=0.90(50)
[Episode  2220] lane=x3 success=0 len=200  |  1=0.00(50)  2=0.00(50)  3=0.62(50)  retention=0.92(50)
[Episode  2230] lane=x8 success=1 len= 54  |  1=0.00(50)  2=0.00(50)  3=0.66(50)  retention=0.92(50)
[Episode  2240] lane=x1 success=0 len=200  |  1=0.00(50)  2=0.00(50)  3=0.66(50)  retention=0.94(50)
[Episode  2250] lane=x4 success=1 len= 81  |  1=0.00(50)  2=0.00(50)  3=0.64(50)  retention=0.96(50)
[Episode  2260] lane=x7 success=1 len= 41  |  1=0.00(50)  2=0.00(50)  3=0.60(50)  retention=0.96(50)
[Episode  2270] lane=x2 success=0 len=200  |  1=0.00(50)  2=0.00(50)  3=0.60(50)  retention=0.96(50)
[Episode  2280] lane=x1 success=0 len=200  |  1=0.00(50)  2=0.00(50)  3=0.60(50)  retention=0.94(50)
[Episode  2290] lane=x2 success=0 len=200  |  1=0.00(50)  2=0.00(50)  3=0.60(50)  retention=0.94(50)
[Episode  2300] lane=x4 success=1 len=168  |  1=0.00(50)  2=0.00(50)  3=0.62(50)  retention=0.92(50)
[Episode  2310] lane=x1 success=0 len=200  |  1=0.00(50)  2=0.00(50)  3=0.62(50)  retention=0.90(50)
[Episode  2320] lane=x3 success=0 len=200  |  1=0.00(50)  2=0.00(50)  3=0.62(50)  retention=0.90(50)
[Episode  2330] lane=x1 success=0 len=200  |  1=0.00(50)  2=0.00(50)  3=0.66(50)  retention=0.90(50)
[Episode  2340] lane=x3 success=1 len= 97  |  1=0.00(50)  2=0.00(50)  3=0.68(50)  retention=0.90(50)
[Episode  2350] lane=x1 success=0 len=200  |  1=0.00(50)  2=0.00(50)  3=0.68(50)  retention=0.90(50)
[Episode  2360] lane=x6 success=1 len= 77  |  1=0.00(50)  2=0.00(50)  3=0.68(50)  retention=0.88(50)
[Episode  2370] lane=x3 success=1 len=133  |  1=0.00(50)  2=0.00(50)  3=0.70(50)  retention=0.86(50)
[Episode  2380] lane=x8 success=1 len=106  |  1=0.00(50)  2=0.00(50)  3=0.68(50)  retention=0.84(50)
[Episode  2390] lane=x1 success=0 len=200  |  1=0.00(50)  2=0.00(50)  3=0.68(50)  retention=0.84(50)
[Episode  2400] lane=x8 success=1 len= 46  |  1=0.00(50)  2=0.00(50)  3=0.68(50)  retention=0.84(50)
[Episode  2410] lane=x2 success=0 len=200  |  1=0.00(50)  2=0.00(50)  3=0.70(50)  retention=0.84(50)
[Episode  2420] lane=x2 success=0 len=200  |  1=0.00(50)  2=0.00(50)  3=0.70(50)  retention=0.84(50)
[Episode  2430] lane=x6 success=1 len= 72  |  1=0.00(50)  2=0.00(50)  3=0.68(50)  retention=0.84(50)
[Episode  2440] lane=x7 success=1 len= 78  |  1=0.00(50)  2=0.00(50)  3=0.68(50)  retention=0.84(50)
[Episode  2450] lane=x2 success=0 len=200  |  1=0.00(50)  2=0.00(50)  3=0.64(50)  retention=0.84(50)
[Episode  2460] lane=x1 success=0 len=200  |  1=0.00(50)  2=0.00(50)  3=0.64(50)  retention=0.84(50)
[Episode  2470] lane=x1 success=0 len=200  |  1=0.00(50)  2=0.00(50)  3=0.60(50)  retention=0.82(50)
[Episode  2480] lane=x2 success=0 len=200  |  1=0.00(50)  2=0.00(50)  3=0.60(50)  retention=0.78(50)
[Episode  2490] lane=x2 success=0 len=200  |  1=0.00(50)  2=0.00(50)  3=0.56(50)  retention=0.78(50)
[Episode  2500] lane=x5 success=0 len=200  |  1=0.00(50)  2=0.00(50)  3=0.54(50)  retention=0.74(50)
[Episode  2510] lane=x3 success=0 len=200  |  1=0.00(50)  2=0.00(50)  3=0.52(50)  retention=0.70(50)
[Episode  2520] lane=x4 success=0 len=200  |  1=0.00(50)  2=0.00(50)  3=0.48(50)  retention=0.70(50)
[Episode  2530] lane=x1 success=0 len=200  |  1=0.00(50)  2=0.00(50)  3=0.48(50)  retention=0.68(50)
[Episode  2540] lane=x2 success=0 len=200  |  1=0.00(50)  2=0.00(50)  3=0.46(50)  retention=0.68(50)
[Episode  2550] lane=x2 success=0 len=200  |  1=0.00(50)  2=0.00(50)  3=0.44(50)  retention=0.68(50)
[Episode  2560] lane=x1 success=0 len=200  |  1=0.00(50)  2=0.02(50)  3=0.42(50)  retention=0.66(50)
[Episode  2570] lane=x2 success=0 len=200  |  1=0.00(50)  2=0.02(50)  3=0.42(50)  retention=0.64(50)
[Episode  2580] lane=x2 success=0 len=200  |  1=0.00(50)  2=0.02(50)  3=0.42(50)  retention=0.62(50)
[Episode  2590] lane=x4 success=0 len=200  |  1=0.00(50)  2=0.02(50)  3=0.46(50)  retention=0.58(50)
[Episode  2600] lane=x2 success=0 len=200  |  1=0.00(50)  2=0.04(50)  3=0.46(50)  retention=0.56(50)
[Episode  2610] lane=x2 success=0 len=200  |  1=0.00(50)  2=0.04(50)  3=0.50(50)  retention=0.58(50)
[Episode  2620] lane=x3 success=0 len=200  |  1=0.00(50)  2=0.08(50)  3=0.48(50)  retention=0.58(50)
[Episode  2630] lane=x7 success=0 len=200  |  1=0.02(50)  2=0.08(50)  3=0.48(50)  retention=0.54(50)
[Episode  2640] lane=x3 success=0 len=200  |  1=0.02(50)  2=0.08(50)  3=0.44(50)  retention=0.54(50)
[Episode  2650] lane=x1 success=0 len=200  |  1=0.02(50)  2=0.08(50)  3=0.46(50)  retention=0.50(50)
[Episode  2660] lane=x3 success=0 len=200  |  1=0.02(50)  2=0.10(50)  3=0.46(50)  retention=0.50(50)
[Episode  2670] lane=x2 success=0 len=200  |  1=0.02(50)  2=0.12(50)  3=0.44(50)  retention=0.50(50)
[Episode  2680] lane=x2 success=1 len= 59  |  1=0.04(50)  2=0.14(50)  3=0.40(50)  retention=0.56(50)
[Episode  2690] lane=x1 success=0 len=200  |  1=0.04(50)  2=0.14(50)  3=0.40(50)  retention=0.56(50)
[Episode  2700] lane=x1 success=1 len=100  |  1=0.08(50)  2=0.14(50)  3=0.38(50)  retention=0.58(50)
[Episode  2710] lane=x1 success=0 len=200  |  1=0.08(50)  2=0.14(50)  3=0.40(50)  retention=0.60(50)
[Episode  2720] lane=x1 success=0 len=200  |  1=0.08(50)  2=0.14(50)  3=0.42(50)  retention=0.60(50)
[Episode  2730] lane=x2 success=0 len=200  |  1=0.08(50)  2=0.14(50)  3=0.42(50)  retention=0.58(50)
[Episode  2740] lane=x2 success=0 len=200  |  1=0.08(50)  2=0.14(50)  3=0.44(50)  retention=0.58(50)
[Episode  2750] lane=x2 success=1 len=122  |  1=0.08(50)  2=0.18(50)  3=0.50(50)  retention=0.58(50)
[Episode  2760] lane=x8 success=1 len=167  |  1=0.08(50)  2=0.20(50)  3=0.54(50)  retention=0.62(50)
[Episode  2770] lane=x1 success=0 len=200  |  1=0.08(50)  2=0.22(50)  3=0.54(50)  retention=0.60(50)
[Episode  2780] lane=x3 success=1 len=118  |  1=0.08(50)  2=0.22(50)  3=0.56(50)  retention=0.64(50)
[Episode  2790] lane=x5 success=0 len=200  |  1=0.08(50)  2=0.20(50)  3=0.56(50)  retention=0.66(50)
[Episode  2800] lane=x2 success=1 len=122  |  1=0.08(50)  2=0.22(50)  3=0.56(50)  retention=0.68(50)
[Episode  2810] lane=x8 success=1 len=120  |  1=0.06(50)  2=0.26(50)  3=0.56(50)  retention=0.72(50)
[Episode  2820] lane=x3 success=1 len= 53  |  1=0.06(50)  2=0.24(50)  3=0.56(50)  retention=0.76(50)
[Episode  2830] lane=x1 success=0 len=200  |  1=0.06(50)  2=0.24(50)  3=0.56(50)  retention=0.82(50)
[Episode  2840] lane=x2 success=0 len=200  |  1=0.06(50)  2=0.24(50)  3=0.56(50)  retention=0.80(50)
[Episode  2850] lane=x3 success=0 len=200  |  1=0.06(50)  2=0.26(50)  3=0.58(50)  retention=0.80(50)
[Episode  2860] lane=x4 success=1 len= 74  |  1=0.06(50)  2=0.26(50)  3=0.56(50)  retention=0.78(50)
[Episode  2870] lane=x1 success=0 len=200  |  1=0.06(50)  2=0.28(50)  3=0.58(50)  retention=0.74(50)
[Episode  2880] lane=x8 success=1 len=129  |  1=0.04(50)  2=0.28(50)  3=0.58(50)  retention=0.72(50)
[Episode  2890] lane=x3 success=0 len=200  |  1=0.04(50)  2=0.28(50)  3=0.60(50)  retention=0.72(50)
[Episode  2900] lane=x2 success=0 len=200  |  1=0.04(50)  2=0.26(50)  3=0.58(50)  retention=0.68(50)
[Episode  2910] lane=x1 success=0 len=200  |  1=0.02(50)  2=0.26(50)  3=0.58(50)  retention=0.64(50)
[Episode  2920] lane=x2 success=1 len= 65  |  1=0.00(50)  2=0.32(50)  3=0.62(50)  retention=0.64(50)
[Episode  2930] lane=x1 success=1 len= 99  |  1=0.02(50)  2=0.34(50)  3=0.60(50)  retention=0.62(50)
[Episode  2940] lane=x2 success=0 len=200  |  1=0.02(50)  2=0.34(50)  3=0.60(50)  retention=0.64(50)
[Episode  2950] lane=x1 success=0 len=200  |  1=0.02(50)  2=0.36(50)  3=0.60(50)  retention=0.64(50)
[Episode  2960] lane=x8 success=1 len=111  |  1=0.02(50)  2=0.34(50)  3=0.58(50)  retention=0.66(50)
[Episode  2970] lane=x2 success=0 len=200  |  1=0.02(50)  2=0.36(50)  3=0.56(50)  retention=0.64(50)
[Episode  2980] lane=x8 success=1 len=122  |  1=0.02(50)  2=0.34(50)  3=0.56(50)  retention=0.62(50)
[Episode  2990] lane=x2 success=0 len=200  |  1=0.02(50)  2=0.30(50)  3=0.56(50)  retention=0.58(50)
[Episode  3000] lane=x3 success=0 len=200  |  1=0.02(50)  2=0.32(50)  3=0.56(50)  retention=0.56(50)
[Episode  3010] lane=x2 success=1 len= 78  |  1=0.02(50)  2=0.36(50)  3=0.58(50)  retention=0.60(50)
[Episode  3020] lane=x1 success=0 len=200  |  1=0.02(50)  2=0.32(50)  3=0.56(50)  retention=0.60(50)
[Episode  3030] lane=x3 success=1 len= 61  |  1=0.02(50)  2=0.32(50)  3=0.58(50)  retention=0.58(50)
[Episode  3040] lane=x6 success=1 len=135  |  1=0.02(50)  2=0.32(50)  3=0.58(50)  retention=0.56(50)
[Episode  3050] lane=x1 success=0 len=200  |  1=0.02(50)  2=0.40(50)  3=0.58(50)  retention=0.56(50)
[Episode  3060] lane=x2 success=1 len=108  |  1=0.02(50)  2=0.40(50)  3=0.62(50)  retention=0.54(50)
[Episode  3070] lane=x3 success=1 len= 42  |  1=0.02(50)  2=0.44(50)  3=0.66(50)  retention=0.52(50)
[Episode  3080] lane=x8 success=0 len=200  |  1=0.04(50)  2=0.44(50)  3=0.66(50)  retention=0.50(50)
[Episode  3090] lane=x2 success=0 len=200  |  1=0.10(50)  2=0.44(50)  3=0.68(50)  retention=0.48(50)
[Episode  3100] lane=x3 success=1 len= 47  |  1=0.12(50)  2=0.46(50)  3=0.72(50)  retention=0.46(50)
[Episode  3110] lane=x2 success=1 len=158  |  1=0.12(50)  2=0.50(50)  3=0.68(50)  retention=0.48(50)
[Episode  3120] lane=x1 success=0 len=200  |  1=0.12(50)  2=0.48(50)  3=0.66(50)  retention=0.46(50)
[Episode  3130] lane=x3 success=0 len=200  |  1=0.12(50)  2=0.50(50)  3=0.66(50)  retention=0.36(50)
[Episode  3140] lane=x3 success=0 len=200  |  1=0.14(50)  2=0.48(50)  3=0.66(50)  retention=0.26(50)
[Episode  3150] lane=x5 success=1 len=164  |  1=0.16(50)  2=0.46(50)  3=0.64(50)  retention=0.24(50)
[Episode  3160] lane=x2 success=0 len=200  |  1=0.24(50)  2=0.46(50)  3=0.64(50)  retention=0.22(50)
[Episode  3170] lane=x2 success=0 len=200  |  1=0.24(50)  2=0.44(50)  3=0.62(50)  retention=0.24(50)
[Episode  3180] lane=x3 success=0 len=200  |  1=0.24(50)  2=0.44(50)  3=0.60(50)  retention=0.20(50)
[Episode  3190] lane=x3 success=1 len=124  |  1=0.28(50)  2=0.44(50)  3=0.60(50)  retention=0.20(50)
[Episode  3200] lane=x1 success=0 len=200  |  1=0.28(50)  2=0.44(50)  3=0.56(50)  retention=0.20(50)
[Episode  3210] lane=x6 success=0 len=200  |  1=0.30(50)  2=0.44(50)  3=0.58(50)  retention=0.24(50)
[Episode  3220] lane=x2 success=1 len= 73  |  1=0.32(50)  2=0.44(50)  3=0.56(50)  retention=0.20(50)
[Episode  3230] lane=x8 success=0 len=200  |  1=0.36(50)  2=0.46(50)  3=0.56(50)  retention=0.18(50)
[Episode  3240] lane=x7 success=0 len=200  |  1=0.42(50)  2=0.48(50)  3=0.58(50)  retention=0.16(50)
[Episode  3250] lane=x1 success=0 len=200  |  1=0.44(50)  2=0.48(50)  3=0.54(50)  retention=0.16(50)
[Episode  3260] lane=x1 success=0 len=200  |  1=0.46(50)  2=0.48(50)  3=0.50(50)  retention=0.18(50)
[Episode  3270] lane=x3 success=0 len=200  |  1=0.44(50)  2=0.48(50)  3=0.42(50)  retention=0.18(50)
[Episode  3280] lane=x2 success=0 len=200  |  1=0.44(50)  2=0.46(50)  3=0.38(50)  retention=0.16(50)
[Episode  3290] lane=x1 success=0 len=200  |  1=0.40(50)  2=0.46(50)  3=0.32(50)  retention=0.16(50)
[Episode  3300] lane=x7 success=0 len=200  |  1=0.40(50)  2=0.38(50)  3=0.28(50)  retention=0.16(50)
[Episode  3310] lane=x6 success=0 len=200  |  1=0.40(50)  2=0.38(50)  3=0.22(50)  retention=0.16(50)
[Episode  3320] lane=x7 success=0 len=200  |  1=0.34(50)  2=0.38(50)  3=0.22(50)  retention=0.16(50)
[Episode  3330] lane=x6 success=0 len=200  |  1=0.34(50)  2=0.30(50)  3=0.20(50)  retention=0.16(50)
[Episode  3340] lane=x1 success=0 len=200  |  1=0.30(50)  2=0.30(50)  3=0.18(50)  retention=0.14(50)
[Episode  3350] lane=x7 success=0 len=200  |  1=0.28(50)  2=0.24(50)  3=0.18(50)  retention=0.12(50)
[Episode  3360] lane=x3 success=0 len=200  |  1=0.26(50)  2=0.22(50)  3=0.18(50)  retention=0.10(50)
[Episode  3370] lane=x3 success=0 len=200  |  1=0.24(50)  2=0.22(50)  3=0.18(50)  retention=0.10(50)
[Episode  3380] lane=x1 success=0 len=200  |  1=0.20(50)  2=0.22(50)  3=0.16(50)  retention=0.06(50)
[Episode  3390] lane=x1 success=0 len=200  |  1=0.18(50)  2=0.22(50)  3=0.14(50)  retention=0.04(50)
[Episode  3400] lane=x3 success=0 len=200  |  1=0.18(50)  2=0.22(50)  3=0.14(50)  retention=0.04(50)
[Episode  3410] lane=x2 success=1 len=135  |  1=0.16(50)  2=0.24(50)  3=0.10(50)  retention=0.04(50)
[Episode  3420] lane=x2 success=0 len=200  |  1=0.16(50)  2=0.22(50)  3=0.08(50)  retention=0.04(50)
[Episode  3430] lane=x2 success=0 len=200  |  1=0.14(50)  2=0.18(50)  3=0.08(50)  retention=0.02(50)
[Episode  3440] lane=x2 success=0 len=200  |  1=0.10(50)  2=0.12(50)  3=0.06(50)  retention=0.02(50)
[Episode  3450] lane=x2 success=0 len=200  |  1=0.10(50)  2=0.06(50)  3=0.04(50)  retention=0.00(50)
[Episode  3460] lane=x3 success=0 len=200  |  1=0.10(50)  2=0.02(50)  3=0.02(50)  retention=0.00(50)
[Episode  3470] lane=x3 success=1 len= 88  |  1=0.08(50)  2=0.04(50)  3=0.04(50)  retention=0.00(50)
[Episode  3480] lane=x2 success=1 len=116  |  1=0.06(50)  2=0.08(50)  3=0.04(50)  retention=0.00(50)
[Episode  3490] lane=x1 success=0 len=200  |  1=0.06(50)  2=0.10(50)  3=0.04(50)  retention=0.00(50)
[Episode  3500] lane=x2 success=1 len=126  |  1=0.04(50)  2=0.12(50)  3=0.02(50)  retention=0.00(50)
[Episode  3510] lane=x6 success=0 len=200  |  1=0.04(50)  2=0.16(50)  3=0.02(50)  retention=0.00(50)
[Episode  3520] lane=x3 success=0 len=200  |  1=0.04(50)  2=0.16(50)  3=0.02(50)  retention=0.00(50)
[Episode  3530] lane=x5 success=0 len=200  |  1=0.04(50)  2=0.20(50)  3=0.02(50)  retention=0.00(50)
[Episode  3540] lane=x2 success=1 len= 65  |  1=0.04(50)  2=0.28(50)  3=0.02(50)  retention=0.00(50)
[Episode  3550] lane=x6 success=0 len=200  |  1=0.04(50)  2=0.28(50)  3=0.02(50)  retention=0.00(50)
[Episode  3560] lane=x1 success=0 len=200  |  1=0.04(50)  2=0.34(50)  3=0.02(50)  retention=0.00(50)
[Episode  3570] lane=x2 success=1 len= 65  |  1=0.06(50)  2=0.38(50)  3=0.02(50)  retention=0.00(50)
[Episode  3580] lane=x3 success=0 len=200  |  1=0.06(50)  2=0.42(50)  3=0.02(50)  retention=0.00(50)
[Episode  3590] lane=x4 success=0 len=200  |  1=0.06(50)  2=0.42(50)  3=0.02(50)  retention=0.00(50)
[Episode  3600] lane=x1 success=0 len=200  |  1=0.06(50)  2=0.44(50)  3=0.02(50)  retention=0.00(50)
[Episode  3610] lane=x7 success=0 len=200  |  1=0.06(50)  2=0.44(50)  3=0.02(50)  retention=0.00(50)
[Episode  3620] lane=x4 success=0 len=200  |  1=0.06(50)  2=0.44(50)  3=0.02(50)  retention=0.00(50)
[Episode  3630] lane=x8 success=0 len=200  |  1=0.04(50)  2=0.44(50)  3=0.04(50)  retention=0.00(50)
[Episode  3640] lane=x3 success=1 len= 78  |  1=0.04(50)  2=0.48(50)  3=0.06(50)  retention=0.00(50)
[Episode  3650] lane=x1 success=1 len=108  |  1=0.08(50)  2=0.50(50)  3=0.08(50)  retention=0.00(50)
[Episode  3660] lane=x3 success=1 len= 68  |  1=0.10(50)  2=0.52(50)  3=0.16(50)  retention=0.00(50)
[Episode  3670] lane=x2 success=0 len=200  |  1=0.18(50)  2=0.52(50)  3=0.16(50)  retention=0.00(50)
[Episode  3680] lane=x3 success=1 len= 94  |  1=0.22(50)  2=0.54(50)  3=0.22(50)  retention=0.02(50)
[Episode  3690] lane=x1 success=1 len= 84  |  1=0.28(50)  2=0.54(50)  3=0.24(50)  retention=0.02(50)
[Episode  3700] lane=x2 success=0 len=200  |  1=0.32(50)  2=0.56(50)  3=0.26(50)  retention=0.02(50)
[Episode  3710] lane=x6 success=0 len=200  |  1=0.34(50)  2=0.60(50)  3=0.30(50)  retention=0.02(50)
[Episode  3720] lane=x4 success=0 len=200  |  1=0.36(50)  2=0.62(50)  3=0.36(50)  retention=0.02(50)
[Episode  3730] lane=x3 success=1 len= 71  |  1=0.38(50)  2=0.62(50)  3=0.40(50)  retention=0.02(50)
[Episode  3740] lane=x3 success=1 len= 60  |  1=0.40(50)  2=0.62(50)  3=0.44(50)  retention=0.02(50)
[Episode  3750] lane=x8 success=0 len=200  |  1=0.44(50)  2=0.62(50)  3=0.46(50)  retention=0.02(50)
[Episode  3760] lane=x3 success=0 len=200  |  1=0.44(50)  2=0.66(50)  3=0.46(50)  retention=0.02(50)
[Episode  3770] lane=x1 success=1 len= 80  |  1=0.46(50)  2=0.66(50)  3=0.50(50)  retention=0.02(50)
[Episode  3780] lane=x5 success=0 len=200  |  1=0.52(50)  2=0.62(50)  3=0.50(50)  retention=0.02(50)
[Episode  3790] lane=x2 success=0 len=200  |  1=0.54(50)  2=0.66(50)  3=0.54(50)  retention=0.02(50)
[Episode  3800] lane=x8 success=0 len=200  |  1=0.58(50)  2=0.64(50)  3=0.56(50)  retention=0.02(50)
[Episode  3810] lane=x5 success=0 len=200  |  1=0.62(50)  2=0.64(50)  3=0.58(50)  retention=0.02(50)
[Episode  3820] lane=x3 success=1 len= 60  |  1=0.66(50)  2=0.64(50)  3=0.64(50)  retention=0.02(50)
[Episode  3830] lane=x2 success=0 len=200  |  1=0.68(50)  2=0.66(50)  3=0.66(50)  retention=0.02(50)
[Episode  3840] lane=x7 success=0 len=200  |  1=0.68(50)  2=0.74(50)  3=0.66(50)  retention=0.02(50)
[Episode  3850] lane=x1 success=1 len= 48  |  1=0.76(50)  2=0.74(50)  3=0.66(50)  retention=0.02(50)
[Episode  3860] lane=x2 success=0 len=200  |  1=0.78(50)  2=0.74(50)  3=0.68(50)  retention=0.02(50)
[Episode  3870] lane=x8 success=0 len=200  |  1=0.78(50)  2=0.76(50)  3=0.68(50)  retention=0.02(50)
[Episode  3880] lane=x3 success=0 len=200  |  1=0.80(50)  2=0.76(50)  3=0.68(50)  retention=0.02(50)
[Episode  3890] lane=x3 success=0 len=200  |  1=0.80(50)  2=0.74(50)  3=0.66(50)  retention=0.02(50)
[Episode  3900] lane=x6 success=0 len=200  |  1=0.82(50)  2=0.74(50)  3=0.66(50)  retention=0.02(50)
[Episode  3910] lane=x3 success=0 len=200  |  1=0.78(50)  2=0.74(50)  3=0.66(50)  retention=0.02(50)
[Episode  3920] lane=x1 success=0 len=200  |  1=0.74(50)  2=0.72(50)  3=0.66(50)  retention=0.02(50)
[Episode  3930] lane=x3 success=0 len=200  |  1=0.72(50)  2=0.72(50)  3=0.64(50)  retention=0.02(50)
[Episode  3940] lane=x4 success=0 len=200  |  1=0.72(50)  2=0.70(50)  3=0.62(50)  retention=0.02(50)
[Episode  3950] lane=x1 success=0 len=200  |  1=0.72(50)  2=0.68(50)  3=0.62(50)  retention=0.02(50)
[Episode  3960] lane=x1 success=1 len=169  |  1=0.72(50)  2=0.72(50)  3=0.60(50)  retention=0.02(50)
[Episode  3970] lane=x5 success=0 len=200  |  1=0.74(50)  2=0.74(50)  3=0.58(50)  retention=0.02(50)
[Episode  3980] lane=x3 success=0 len=200  |  1=0.74(50)  2=0.72(50)  3=0.54(50)  retention=0.02(50)
[Episode  3990] lane=x2 success=0 len=200  |  1=0.78(50)  2=0.70(50)  3=0.54(50)  retention=0.00(50)
[Episode  4000] lane=x8 success=0 len=200  |  1=0.74(50)  2=0.72(50)  3=0.54(50)  retention=0.00(50)
[Episode  4010] lane=x3 success=0 len=200  |  1=0.76(50)  2=0.70(50)  3=0.52(50)  retention=0.00(50)
[Episode  4020] lane=x1 success=1 len= 56  |  1=0.78(50)  2=0.68(50)  3=0.54(50)  retention=0.00(50)
[Episode  4030] lane=x1 success=1 len= 49  |  1=0.80(50)  2=0.66(50)  3=0.54(50)  retention=0.00(50)
[Episode  4040] lane=x2 success=1 len=121  |  1=0.78(50)  2=0.66(50)  3=0.56(50)  retention=0.00(50)
[Episode  4050] lane=x2 success=1 len= 82  |  1=0.76(50)  2=0.66(50)  3=0.60(50)  retention=0.00(50)
[Episode  4060] lane=x3 success=1 len= 53  |  1=0.76(50)  2=0.64(50)  3=0.60(50)  retention=0.00(50)
[Episode  4070] lane=x5 success=0 len=200  |  1=0.72(50)  2=0.64(50)  3=0.60(50)  retention=0.00(50)
[Episode  4080] lane=x8 success=0 len=200  |  1=0.72(50)  2=0.62(50)  3=0.62(50)  retention=0.00(50)
[Episode  4090] lane=x7 success=0 len=200  |  1=0.70(50)  2=0.62(50)  3=0.60(50)  retention=0.00(50)
[Episode  4100] lane=x1 success=0 len=200  |  1=0.68(50)  2=0.62(50)  3=0.60(50)  retention=0.00(50)
[Episode  4110] lane=x6 success=0 len=200  |  1=0.66(50)  2=0.62(50)  3=0.60(50)  retention=0.00(50)
[Episode  4120] lane=x1 success=0 len=200  |  1=0.66(50)  2=0.62(50)  3=0.58(50)  retention=0.00(50)
[Episode  4130] lane=x8 success=0 len=200  |  1=0.66(50)  2=0.64(50)  3=0.58(50)  retention=0.00(50)
[Episode  4140] lane=x1 success=0 len=200  |  1=0.68(50)  2=0.66(50)  3=0.58(50)  retention=0.00(50)
[Episode  4150] lane=x4 success=0 len=200  |  1=0.70(50)  2=0.66(50)  3=0.60(50)  retention=0.00(50)
[Episode  4160] lane=x6 success=0 len=200  |  1=0.68(50)  2=0.66(50)  3=0.62(50)  retention=0.00(50)
[Episode  4170] lane=x1 success=1 len= 68  |  1=0.68(50)  2=0.64(50)  3=0.62(50)  retention=0.00(50)
[Episode  4180] lane=x7 success=0 len=200  |  1=0.66(50)  2=0.66(50)  3=0.60(50)  retention=0.00(50)
[Episode  4190] lane=x8 success=0 len=200  |  1=0.64(50)  2=0.66(50)  3=0.60(50)  retention=0.00(50)
[Episode  4200] lane=x2 success=1 len= 33  |  1=0.66(50)  2=0.66(50)  3=0.60(50)  retention=0.00(50)
[Episode  4210] lane=x2 success=1 len= 53  |  1=0.66(50)  2=0.72(50)  3=0.64(50)  retention=0.00(50)
[Episode  4220] lane=x8 success=0 len=200  |  1=0.62(50)  2=0.72(50)  3=0.62(50)  retention=0.00(50)
[Episode  4230] lane=x5 success=0 len=200  |  1=0.62(50)  2=0.72(50)  3=0.66(50)  retention=0.00(50)
[Episode  4240] lane=x8 success=0 len=200  |  1=0.60(50)  2=0.74(50)  3=0.64(50)  retention=0.00(50)
[Episode  4250] lane=x6 success=0 len=200  |  1=0.62(50)  2=0.72(50)  3=0.66(50)  retention=0.00(50)
[Episode  4260] lane=x3 success=1 len= 33  |  1=0.64(50)  2=0.72(50)  3=0.66(50)  retention=0.00(50)
[Episode  4270] lane=x2 success=1 len= 90  |  1=0.64(50)  2=0.74(50)  3=0.62(50)  retention=0.00(50)
[Episode  4280] lane=x3 success=1 len= 36  |  1=0.68(50)  2=0.72(50)  3=0.62(50)  retention=0.00(50)
[Episode  4290] lane=x3 success=0 len=200  |  1=0.68(50)  2=0.72(50)  3=0.60(50)  retention=0.00(50)
[Episode  4300] lane=x2 success=0 len=200  |  1=0.70(50)  2=0.72(50)  3=0.60(50)  retention=0.00(50)
[Episode  4310] lane=x4 success=0 len=200  |  1=0.72(50)  2=0.74(50)  3=0.58(50)  retention=0.00(50)
[Episode  4320] lane=x7 success=0 len=200  |  1=0.72(50)  2=0.74(50)  3=0.56(50)  retention=0.00(50)
[Episode  4330] lane=x2 success=1 len= 98  |  1=0.72(50)  2=0.72(50)  3=0.56(50)  retention=0.00(50)
[Episode  4340] lane=x6 success=0 len=200  |  1=0.72(50)  2=0.68(50)  3=0.58(50)  retention=0.00(50)
[Episode  4350] lane=x6 success=0 len=200  |  1=0.72(50)  2=0.70(50)  3=0.56(50)  retention=0.00(50)
[Episode  4360] lane=x3 success=1 len= 65  |  1=0.70(50)  2=0.70(50)  3=0.56(50)  retention=0.00(50)
[Episode  4370] lane=x8 success=0 len=200  |  1=0.70(50)  2=0.74(50)  3=0.56(50)  retention=0.00(50)
[Episode  4380] lane=x4 success=0 len=200  |  1=0.70(50)  2=0.74(50)  3=0.56(50)  retention=0.00(50)
[Episode  4390] lane=x2 success=1 len= 45  |  1=0.68(50)  2=0.76(50)  3=0.56(50)  retention=0.00(50)
[Episode  4400] lane=x2 success=1 len= 41  |  1=0.70(50)  2=0.76(50)  3=0.56(50)  retention=0.00(50)
[Episode  4410] lane=x4 success=0 len=200  |  1=0.68(50)  2=0.76(50)  3=0.58(50)  retention=0.00(50)
[Episode  4420] lane=x6 success=0 len=200  |  1=0.66(50)  2=0.72(50)  3=0.58(50)  retention=0.00(50)
[Episode  4430] lane=x5 success=0 len=200  |  1=0.66(50)  2=0.70(50)  3=0.58(50)  retention=0.00(50)
[Episode  4440] lane=x1 success=0 len=200  |  1=0.62(50)  2=0.68(50)  3=0.58(50)  retention=0.00(50)
[Episode  4450] lane=x2 success=1 len= 63  |  1=0.56(50)  2=0.66(50)  3=0.60(50)  retention=0.00(50)
[Episode  4460] lane=x1 success=0 len=200  |  1=0.50(50)  2=0.66(50)  3=0.58(50)  retention=0.00(50)
[Episode  4470] lane=x2 success=1 len= 70  |  1=0.50(50)  2=0.66(50)  3=0.56(50)  retention=0.00(50)
[Episode  4480] lane=x5 success=0 len=200  |  1=0.48(50)  2=0.64(50)  3=0.58(50)  retention=0.00(50)
[Episode  4490] lane=x4 success=0 len=200  |  1=0.46(50)  2=0.64(50)  3=0.58(50)  retention=0.00(50)
[Episode  4500] lane=x3 success=1 len= 47  |  1=0.40(50)  2=0.66(50)  3=0.58(50)  retention=0.00(50)
[Episode  4510] lane=x4 success=0 len=200  |  1=0.40(50)  2=0.68(50)  3=0.62(50)  retention=0.00(50)
[Episode  4520] lane=x2 success=0 len=200  |  1=0.36(50)  2=0.66(50)  3=0.64(50)  retention=0.00(50)
[Episode  4530] lane=x2 success=0 len=200  |  1=0.36(50)  2=0.64(50)  3=0.64(50)  retention=0.00(50)
[Episode  4540] lane=x4 success=1 len=189  |  1=0.32(50)  2=0.66(50)  3=0.64(50)  retention=0.02(50)
[Episode  4550] lane=x3 success=0 len=200  |  1=0.36(50)  2=0.66(50)  3=0.66(50)  retention=0.02(50)
[Episode  4560] lane=x1 success=1 len=130  |  1=0.38(50)  2=0.64(50)  3=0.68(50)  retention=0.02(50)
[Episode  4570] lane=x1 success=1 len= 47  |  1=0.40(50)  2=0.62(50)  3=0.72(50)  retention=0.02(50)
[Episode  4580] lane=x2 success=1 len= 55  |  1=0.38(50)  2=0.60(50)  3=0.72(50)  retention=0.02(50)
[Episode  4590] lane=x3 success=0 len=200  |  1=0.42(50)  2=0.60(50)  3=0.70(50)  retention=0.02(50)
[Episode  4600] lane=x2 success=0 len=200  |  1=0.50(50)  2=0.58(50)  3=0.70(50)  retention=0.02(50)
[Episode  4610] lane=x2 success=0 len=200  |  1=0.52(50)  2=0.54(50)  3=0.72(50)  retention=0.02(50)
[Episode  4620] lane=x1 success=1 len=107  |  1=0.56(50)  2=0.54(50)  3=0.70(50)  retention=0.02(50)
[Episode  4630] lane=x2 success=1 len= 34  |  1=0.58(50)  2=0.54(50)  3=0.72(50)  retention=0.02(50)
[Episode  4640] lane=x3 success=1 len= 31  |  1=0.60(50)  2=0.56(50)  3=0.72(50)  retention=0.02(50)
[Episode  4650] lane=x3 success=1 len= 46  |  1=0.60(50)  2=0.58(50)  3=0.72(50)  retention=0.02(50)
[Episode  4660] lane=x4 success=0 len=200  |  1=0.62(50)  2=0.56(50)  3=0.72(50)  retention=0.02(50)
[Episode  4670] lane=x2 success=1 len= 35  |  1=0.62(50)  2=0.60(50)  3=0.70(50)  retention=0.02(50)
[Episode  4680] lane=x5 success=0 len=200  |  1=0.64(50)  2=0.62(50)  3=0.70(50)  retention=0.02(50)
[Episode  4690] lane=x3 success=1 len= 41  |  1=0.66(50)  2=0.64(50)  3=0.68(50)  retention=0.02(50)
[Episode  4700] lane=x4 success=0 len=200  |  1=0.68(50)  2=0.62(50)  3=0.68(50)  retention=0.00(50)
[Episode  4710] lane=x8 success=0 len=200  |  1=0.70(50)  2=0.64(50)  3=0.66(50)  retention=0.00(50)
[Episode  4720] lane=x5 success=0 len=200  |  1=0.70(50)  2=0.66(50)  3=0.68(50)  retention=0.00(50)
[Episode  4730] lane=x2 success=1 len= 31  |  1=0.70(50)  2=0.70(50)  3=0.66(50)  retention=0.00(50)
[Episode  4740] lane=x8 success=0 len=200  |  1=0.72(50)  2=0.74(50)  3=0.66(50)  retention=0.00(50)
[Episode  4750] lane=x1 success=0 len=200  |  1=0.74(50)  2=0.72(50)  3=0.68(50)  retention=0.00(50)
[Episode  4760] lane=x1 success=0 len=200  |  1=0.72(50)  2=0.72(50)  3=0.68(50)  retention=0.00(50)
[Episode  4770] lane=x2 success=1 len= 54  |  1=0.72(50)  2=0.70(50)  3=0.66(50)  retention=0.00(50)
[Episode  4780] lane=x1 success=0 len=200  |  1=0.64(50)  2=0.72(50)  3=0.64(50)  retention=0.00(50)
[Episode  4790] lane=x6 success=0 len=200  |  1=0.62(50)  2=0.70(50)  3=0.64(50)  retention=0.00(50)
[Episode  4800] lane=x7 success=0 len=200  |  1=0.64(50)  2=0.70(50)  3=0.64(50)  retention=0.00(50)
[Episode  4810] lane=x6 success=0 len=200  |  1=0.60(50)  2=0.70(50)  3=0.64(50)  retention=0.00(50)
[Episode  4820] lane=x1 success=1 len= 53  |  1=0.58(50)  2=0.68(50)  3=0.66(50)  retention=0.00(50)
[Episode  4830] lane=x2 success=1 len= 27  |  1=0.62(50)  2=0.68(50)  3=0.64(50)  retention=0.00(50)
[Episode  4840] lane=x3 success=1 len= 83  |  1=0.58(50)  2=0.68(50)  3=0.66(50)  retention=0.00(50)
[Episode  4850] lane=x3 success=0 len=200  |  1=0.58(50)  2=0.64(50)  3=0.66(50)  retention=0.00(50)
[Episode  4860] lane=x3 success=1 len= 52  |  1=0.58(50)  2=0.64(50)  3=0.66(50)  retention=0.00(50)
[Episode  4870] lane=x3 success=1 len= 42  |  1=0.56(50)  2=0.66(50)  3=0.64(50)  retention=0.00(50)
[Episode  4880] lane=x1 success=0 len=200  |  1=0.54(50)  2=0.66(50)  3=0.64(50)  retention=0.00(50)
[Episode  4890] lane=x2 success=1 len= 69  |  1=0.54(50)  2=0.68(50)  3=0.66(50)  retention=0.00(50)
[Episode  4900] lane=x3 success=0 len=200  |  1=0.54(50)  2=0.68(50)  3=0.66(50)  retention=0.00(50)
[Episode  4910] lane=x1 success=0 len=200  |  1=0.54(50)  2=0.66(50)  3=0.66(50)  retention=0.00(50)
[Episode  4920] lane=x1 success=0 len=200  |  1=0.52(50)  2=0.66(50)  3=0.68(50)  retention=0.00(50)
[Episode  4930] lane=x1 success=1 len= 56  |  1=0.54(50)  2=0.66(50)  3=0.70(50)  retention=0.00(50)
[Episode  4940] lane=x2 success=1 len= 60  |  1=0.50(50)  2=0.70(50)  3=0.72(50)  retention=0.00(50)
[Episode  4950] lane=x1 success=1 len= 61  |  1=0.52(50)  2=0.72(50)  3=0.72(50)  retention=0.00(50)
[Episode  4960] lane=x7 success=0 len=200  |  1=0.56(50)  2=0.72(50)  3=0.68(50)  retention=0.00(50)
[Episode  4970] lane=x3 success=1 len= 96  |  1=0.56(50)  2=0.72(50)  3=0.70(50)  retention=0.00(50)
[Episode  4980] lane=x1 success=1 len= 32  |  1=0.60(50)  2=0.72(50)  3=0.70(50)  retention=0.00(50)
[Episode  4990] lane=x7 success=0 len=200  |  1=0.60(50)  2=0.74(50)  3=0.72(50)  retention=0.00(50)
[Episode  5000] lane=x1 success=1 len= 20  |  1=0.66(50)  2=0.78(50)  3=0.70(50)  retention=0.00(50)
[Episode  5010] lane=x3 success=1 len= 42  |  1=0.66(50)  2=0.78(50)  3=0.70(50)  retention=0.00(50)
[Episode  5020] lane=x2 success=1 len= 37  |  1=0.68(50)  2=0.80(50)  3=0.70(50)  retention=0.00(50)
[Episode  5030] lane=x3 success=1 len= 63  |  1=0.66(50)  2=0.80(50)  3=0.68(50)  retention=0.00(50)
[Episode  5040] lane=x3 success=1 len= 48  |  1=0.66(50)  2=0.82(50)  3=0.70(50)  retention=0.00(50)
[Episode  5050] lane=x2 success=0 len=200  |  1=0.66(50)  2=0.78(50)  3=0.70(50)  retention=0.00(50)
[Episode  5060] lane=x1 success=1 len= 60  |  1=0.66(50)  2=0.78(50)  3=0.66(50)  retention=0.00(50)
[Episode  5070] lane=x3 success=1 len= 77  |  1=0.66(50)  2=0.78(50)  3=0.68(50)  retention=0.00(50)
[Episode  5080] lane=x5 success=0 len=200  |  1=0.66(50)  2=0.72(50)  3=0.68(50)  retention=0.00(50)
[Episode  5090] lane=x8 success=0 len=200  |  1=0.66(50)  2=0.70(50)  3=0.68(50)  retention=0.00(50)
[Episode  5100] lane=x3 success=0 len=200  |  1=0.66(50)  2=0.68(50)  3=0.66(50)  retention=0.00(50)
[Episode  5110] lane=x3 success=0 len=200  |  1=0.66(50)  2=0.64(50)  3=0.68(50)  retention=0.00(50)
[Episode  5120] lane=x3 success=0 len=200  |  1=0.68(50)  2=0.64(50)  3=0.66(50)  retention=0.00(50)
[Episode  5130] lane=x2 success=0 len=200  |  1=0.68(50)  2=0.64(50)  3=0.62(50)  retention=0.00(50)
[Episode  5140] lane=x1 success=0 len=200  |  1=0.64(50)  2=0.64(50)  3=0.60(50)  retention=0.00(50)
[Episode  5150] lane=x6 success=0 len=200  |  1=0.66(50)  2=0.60(50)  3=0.60(50)  retention=0.00(50)
[Episode  5160] lane=x8 success=0 len=200  |  1=0.68(50)  2=0.60(50)  3=0.54(50)  retention=0.00(50)
[Episode  5170] lane=x1 success=1 len= 57  |  1=0.68(50)  2=0.54(50)  3=0.50(50)  retention=0.00(50)
[Episode  5180] lane=x1 success=0 len=200  |  1=0.68(50)  2=0.52(50)  3=0.50(50)  retention=0.00(50)
[Episode  5190] lane=x5 success=0 len=200  |  1=0.64(50)  2=0.50(50)  3=0.50(50)  retention=0.00(50)
[Episode  5200] lane=x2 success=1 len= 55  |  1=0.68(50)  2=0.46(50)  3=0.50(50)  retention=0.00(50)
[Episode  5210] lane=x7 success=0 len=200  |  1=0.68(50)  2=0.46(50)  3=0.50(50)  retention=0.00(50)
[Episode  5220] lane=x3 success=1 len=108  |  1=0.68(50)  2=0.46(50)  3=0.50(50)  retention=0.00(50)
[Episode  5230] lane=x7 success=0 len=200  |  1=0.64(50)  2=0.46(50)  3=0.46(50)  retention=0.00(50)
[Episode  5240] lane=x8 success=0 len=200  |  1=0.64(50)  2=0.42(50)  3=0.44(50)  retention=0.00(50)
[Episode  5250] lane=x3 success=0 len=200  |  1=0.64(50)  2=0.42(50)  3=0.40(50)  retention=0.00(50)
[Episode  5260] lane=x6 success=0 len=200  |  1=0.64(50)  2=0.42(50)  3=0.38(50)  retention=0.00(50)
[Episode  5270] lane=x2 success=1 len= 69  |  1=0.62(50)  2=0.38(50)  3=0.38(50)  retention=0.00(50)
[Episode  5280] lane=x7 success=0 len=200  |  1=0.60(50)  2=0.42(50)  3=0.36(50)  retention=0.00(50)
[Episode  5290] lane=x3 success=0 len=200  |  1=0.60(50)  2=0.42(50)  3=0.34(50)  retention=0.00(50)
[Episode  5300] lane=x2 success=0 len=200  |  1=0.60(50)  2=0.38(50)  3=0.30(50)  retention=0.00(50)
[Episode  5310] lane=x6 success=0 len=200  |  1=0.58(50)  2=0.36(50)  3=0.28(50)  retention=0.00(50)
[Episode  5320] lane=x1 success=1 len= 84  |  1=0.60(50)  2=0.36(50)  3=0.26(50)  retention=0.00(50)
[Episode  5330] lane=x1 success=1 len= 50  |  1=0.58(50)  2=0.36(50)  3=0.26(50)  retention=0.00(50)
[Episode  5340] lane=x3 success=0 len=200  |  1=0.58(50)  2=0.36(50)  3=0.26(50)  retention=0.00(50)
[Episode  5350] lane=x6 success=0 len=200  |  1=0.58(50)  2=0.34(50)  3=0.22(50)  retention=0.00(50)
[Episode  5360] lane=x2 success=0 len=200  |  1=0.54(50)  2=0.32(50)  3=0.18(50)  retention=0.00(50)
[Episode  5370] lane=x1 success=1 len= 94  |  1=0.52(50)  2=0.32(50)  3=0.18(50)  retention=0.00(50)
[Episode  5380] lane=x2 success=1 len= 73  |  1=0.52(50)  2=0.34(50)  3=0.16(50)  retention=0.00(50)
[Episode  5390] lane=x3 success=0 len=200  |  1=0.52(50)  2=0.36(50)  3=0.14(50)  retention=0.00(50)
[Episode  5400] lane=x7 success=0 len=200  |  1=0.54(50)  2=0.38(50)  3=0.12(50)  retention=0.00(50)
[Episode  5410] lane=x3 success=0 len=200  |  1=0.56(50)  2=0.36(50)  3=0.10(50)  retention=0.00(50)
[Episode  5420] lane=x2 success=0 len=200  |  1=0.54(50)  2=0.34(50)  3=0.10(50)  retention=0.00(50)
[Episode  5430] lane=x6 success=0 len=200  |  1=0.58(50)  2=0.34(50)  3=0.10(50)  retention=0.00(50)
[Episode  5440] lane=x2 success=0 len=200  |  1=0.60(50)  2=0.34(50)  3=0.10(50)  retention=0.00(50)
[Episode  5450] lane=x8 success=0 len=200  |  1=0.62(50)  2=0.34(50)  3=0.10(50)  retention=0.00(50)
[Episode  5460] lane=x4 success=0 len=200  |  1=0.64(50)  2=0.34(50)  3=0.10(50)  retention=0.00(50)
[Episode  5470] lane=x1 success=1 len= 67  |  1=0.64(50)  2=0.36(50)  3=0.06(50)  retention=0.00(50)
[Episode  5480] lane=x1 success=1 len= 56  |  1=0.60(50)  2=0.34(50)  3=0.06(50)  retention=0.00(50)
[Episode  5490] lane=x3 success=0 len=200  |  1=0.60(50)  2=0.32(50)  3=0.02(50)  retention=0.00(50)
[Episode  5500] lane=x4 success=0 len=200  |  1=0.56(50)  2=0.30(50)  3=0.02(50)  retention=0.00(50)
[Episode  5510] lane=x6 success=0 len=200  |  1=0.56(50)  2=0.28(50)  3=0.02(50)  retention=0.00(50)
[Episode  5520] lane=x1 success=0 len=200  |  1=0.56(50)  2=0.28(50)  3=0.02(50)  retention=0.00(50)
[Episode  5530] lane=x3 success=0 len=200  |  1=0.56(50)  2=0.28(50)  3=0.02(50)  retention=0.00(50)
[Episode  5540] lane=x2 success=0 len=200  |  1=0.48(50)  2=0.26(50)  3=0.02(50)  retention=0.00(50)
[Episode  5550] lane=x8 success=0 len=200  |  1=0.44(50)  2=0.24(50)  3=0.02(50)  retention=0.00(50)
[Episode  5560] lane=x7 success=0 len=200  |  1=0.38(50)  2=0.24(50)  3=0.02(50)  retention=0.00(50)
[Episode  5570] lane=x1 success=0 len=200  |  1=0.34(50)  2=0.22(50)  3=0.02(50)  retention=0.00(50)
[Episode  5580] lane=x8 success=0 len=200  |  1=0.32(50)  2=0.20(50)  3=0.02(50)  retention=0.00(50)
[Episode  5590] lane=x2 success=0 len=200  |  1=0.30(50)  2=0.14(50)  3=0.02(50)  retention=0.00(50)
[Episode  5600] lane=x6 success=0 len=200  |  1=0.28(50)  2=0.12(50)  3=0.02(50)  retention=0.00(50)
[Episode  5610] lane=x7 success=0 len=200  |  1=0.24(50)  2=0.12(50)  3=0.02(50)  retention=0.00(50)
[Episode  5620] lane=x2 success=0 len=200  |  1=0.22(50)  2=0.10(50)  3=0.02(50)  retention=0.00(50)
[Episode  5630] lane=x2 success=0 len=200  |  1=0.18(50)  2=0.08(50)  3=0.02(50)  retention=0.00(50)
[Episode  5640] lane=x3 success=0 len=200  |  1=0.12(50)  2=0.08(50)  3=0.02(50)  retention=0.00(50)
[Episode  5650] lane=x3 success=0 len=200  |  1=0.12(50)  2=0.08(50)  3=0.00(50)  retention=0.00(50)
[Episode  5660] lane=x1 success=0 len=200  |  1=0.08(50)  2=0.06(50)  3=0.00(50)  retention=0.00(50)
[Episode  5670] lane=x3 success=0 len=200  |  1=0.08(50)  2=0.04(50)  3=0.00(50)  retention=0.00(50)
[Episode  5680] lane=x4 success=0 len=200  |  1=0.06(50)  2=0.02(50)  3=0.00(50)  retention=0.00(50)
[Episode  5690] lane=x1 success=0 len=200  |  1=0.02(50)  2=0.00(50)  3=0.00(50)  retention=0.00(50)
[Episode  5700] lane=x1 success=0 len=200  |  1=0.00(50)  2=0.00(50)  3=0.00(50)  retention=0.00(50)
[Episode  5710] lane=x7 success=0 len=200  |  1=0.00(50)  2=0.00(50)  3=0.00(50)  retention=0.00(50)
[Episode  5720] lane=x4 success=0 len=200  |  1=0.00(50)  2=0.00(50)  3=0.00(50)  retention=0.00(50)
[Episode  5730] lane=x3 success=0 len=200  |  1=0.00(50)  2=0.00(50)  3=0.00(50)  retention=0.00(50)
[Episode  5740] lane=x8 success=0 len=200  |  1=0.00(50)  2=0.00(50)  3=0.00(50)  retention=0.00(50)
[Episode  5750] lane=x8 success=0 len=200  |  1=0.00(50)  2=0.00(50)  3=0.00(50)  retention=0.00(50)
[Episode  5760] lane=x1 success=0 len=200  |  1=0.00(50)  2=0.00(50)  3=0.00(50)  retention=0.00(50)
[Episode  5770] lane=x3 success=0 len=200  |  1=0.00(50)  2=0.00(50)  3=0.00(50)  retention=0.00(50)
[Episode  5780] lane=x1 success=0 len=200  |  1=0.00(50)  2=0.00(50)  3=0.00(50)  retention=0.00(50)
[Episode  5790] lane=x1 success=0 len=200  |  1=0.00(50)  2=0.00(50)  3=0.00(50)  retention=0.00(50)
[Episode  5800] lane=x3 success=0 len=200  |  1=0.00(50)  2=0.00(50)  3=0.00(50)  retention=0.00(50)
[Episode  5810] lane=x8 success=0 len=200  |  1=0.00(50)  2=0.00(50)  3=0.00(50)  retention=0.00(50)
[Episode  5820] lane=x7 success=0 len=200  |  1=0.00(50)  2=0.00(50)  3=0.00(50)  retention=0.00(50)
[Episode  5830] lane=x2 success=0 len=200  |  1=0.00(50)  2=0.00(50)  3=0.00(50)  retention=0.00(50)
[Episode  5840] lane=x2 success=0 len=200  |  1=0.00(50)  2=0.00(50)  3=0.00(50)  retention=0.00(50)
[Episode  5850] lane=x3 success=0 len=200  |  1=0.00(50)  2=0.00(50)  3=0.00(50)  retention=0.00(50)
[Episode  5860] lane=x1 success=0 len=200  |  1=0.00(50)  2=0.00(50)  3=0.00(50)  retention=0.00(50)
[Episode  5870] lane=x1 success=0 len=200  |  1=0.00(50)  2=0.00(50)  3=0.00(50)  retention=0.00(50)
[Episode  5880] lane=x3 success=0 len=200  |  1=0.00(50)  2=0.00(50)  3=0.00(50)  retention=0.00(50)
[Episode  5890] lane=x3 success=0 len=200  |  1=0.00(50)  2=0.00(50)  3=0.00(50)  retention=0.00(50)
[Episode  5900] lane=x1 success=0 len=200  |  1=0.00(50)  2=0.00(50)  3=0.00(50)  retention=0.00(50)
[Episode  5910] lane=x6 success=0 len=200  |  1=0.00(50)  2=0.00(50)  3=0.00(50)  retention=0.00(50)
[Episode  5920] lane=x1 success=0 len=200  |  1=0.00(50)  2=0.00(50)  3=0.00(50)  retention=0.00(50)
[Episode  5930] lane=x2 success=0 len=200  |  1=0.00(50)  2=0.00(50)  3=0.00(50)  retention=0.00(50)
[Episode  5940] lane=x8 success=0 len=200  |  1=0.00(50)  2=0.00(50)  3=0.00(50)  retention=0.00(50)
[Episode  5950] lane=x5 success=0 len=200  |  1=0.00(50)  2=0.00(50)  3=0.00(50)  retention=0.00(50)
[Episode  5960] lane=x3 success=0 len=200  |  1=0.00(50)  2=0.00(50)  3=0.00(50)  retention=0.00(50)
[Episode  5970] lane=x8 success=0 len=200  |  1=0.00(50)  2=0.00(50)  3=0.00(50)  retention=0.00(50)
[Episode  5980] lane=x2 success=0 len=200  |  1=0.00(50)  2=0.00(50)  3=0.00(50)  retention=0.00(50)
[Episode  5990] lane=x4 success=0 len=200  |  1=0.00(50)  2=0.00(50)  3=0.00(50)  retention=0.00(50)
[Episode  6000] lane=x1 success=0 len=200  |  1=0.00(50)  2=0.00(50)  3=0.00(50)  retention=0.00(50)
Left-lane focus fine-tuning complete.
Warning: reached MAX_EPISODES without hitting all bucket thresholds.
{1: {'n': 50, 'success_rate': 0.0, 'ready': False}, 2: {'n': 50, 'success_rate': 0.0, 'ready': False}, 3: {'n': 50, 'success_rate': 0.0, 'ready': False}, 'retention': {'n': 50, 'success_rate': 0.0, 'ready': False}}
