Device: cpu
Observation dim: 129
Loading Stage 7 checkpoint: checkpoints/stage_7_mastered.pt
[Episode    10] stage_8A_size        bucket=large_d0-2_obs0 bucket_success=1.000 total_episodes=   10 avg_len=65.0 return=9.690
[Episode    20] stage_8A_size        bucket=large_d0-2_obs0 bucket_success=1.000 total_episodes=   20 avg_len=56.8 return=10.302
[Episode    30] stage_8A_size        bucket=small_d0-2_obs0 bucket_success=0.933 total_episodes=   30 avg_len=53.4 return=10.513
[Episode    40] stage_8A_size        bucket=large_d0-2_obs0 bucket_success=1.000 total_episodes=   40 avg_len=54.2 return=10.338
[Episode    50] stage_8A_size        bucket=small_d0-2_obs0 bucket_success=0.917 total_episodes=   50 avg_len=52.1 return=10.463
[Episode    60] stage_8A_size        bucket=small_d0-2_obs0 bucket_success=0.926 total_episodes=   60 avg_len=50.2 return=10.551
[Episode    70] stage_8A_size        bucket=large_d0-2_obs0 bucket_success=1.000 total_episodes=   70 avg_len=47.9 return=10.624
[Episode    80] stage_8A_size        bucket=large_d0-2_obs0 bucket_success=1.000 total_episodes=   80 avg_len=46.0 return=10.680
[Episode    90] stage_8A_size        bucket=small_d0-2_obs0 bucket_success=0.956 total_episodes=   90 avg_len=44.6 return=10.723
[Episode   100] stage_8A_size        bucket=small_d0-2_obs0 bucket_success=0.960 total_episodes=  100 avg_len=44.1 return=10.751
[Episode   110] stage_8A_size        bucket=large_d0-2_obs0 bucket_success=0.981 total_episodes=  110 avg_len=44.4 return=10.642
[Episode   120] stage_8A_size        bucket=large_d0-2_obs0 bucket_success=0.982 total_episodes=  120 avg_len=42.3 return=10.663
[Episode   130] stage_8A_size        bucket=large_d0-2_obs0 bucket_success=0.983 total_episodes=  130 avg_len=40.2 return=10.684
[Episode   140] stage_8A_size        bucket=large_d0-2_obs0 bucket_success=0.985 total_episodes=  140 avg_len=38.7 return=10.801
[Episode   150] stage_8A_size        bucket=large_d0-2_obs0 bucket_success=0.986 total_episodes=  150 avg_len=38.9 return=10.799
[Episode   160] stage_8A_size        bucket=large_d0-2_obs0 bucket_success=0.987 total_episodes=  160 avg_len=38.3 return=10.805
[Episode   170] stage_8A_size        bucket=large_d0-2_obs0 bucket_success=0.988 total_episodes=  170 avg_len=38.5 return=10.803
[Episode   180] stage_8A_size        bucket=small_d0-2_obs0 bucket_success=0.967 total_episodes=  180 avg_len=40.7 return=10.679
[Episode   190] stage_8A_size        bucket=small_d0-2_obs0 bucket_success=0.969 total_episodes=  190 avg_len=41.5 return=10.671
[Episode   200] stage_8A_size        bucket=small_d0-2_obs0 bucket_success=0.970 total_episodes=  200 avg_len=41.5 return=10.671
[Episode   210] stage_8A_size        bucket=large_d0-2_obs0 bucket_success=0.980 total_episodes=  210 avg_len=38.8 return=10.911
[Episode   220] stage_8A_size        bucket=small_d0-2_obs0 bucket_success=0.980 total_episodes=  220 avg_len=40.8 return=10.890
[Episode   230] stage_8A_size        bucket=large_d0-2_obs0 bucket_success=0.980 total_episodes=  230 avg_len=41.1 return=10.887
[Episode   240] stage_8A_size        bucket=small_d0-2_obs0 bucket_success=0.980 total_episodes=  240 avg_len=40.1 return=10.897
[Episode   250] stage_8A_size        bucket=small_d0-2_obs0 bucket_success=0.990 total_episodes=  250 avg_len=38.4 return=10.914
[Episode   260] stage_8A_size        bucket=large_d0-2_obs0 bucket_success=0.980 total_episodes=  260 avg_len=37.6 return=10.922
[Episode   270] stage_8A_size        bucket=large_d0-2_obs0 bucket_success=0.970 total_episodes=  270 avg_len=38.8 return=10.808
[Episode   280] stage_8A_size        bucket=large_d0-2_obs0 bucket_success=0.960 total_episodes=  280 avg_len=38.0 return=10.816
[Episode   290] stage_8A_size        bucket=small_d0-2_obs0 bucket_success=0.990 total_episodes=  290 avg_len=36.8 return=10.828
[Episode   300] stage_8A_size        bucket=small_d0-2_obs0 bucket_success=0.990 total_episodes=  300 avg_len=35.5 return=10.841
[Episode   310] stage_8A_size        bucket=small_d0-2_obs0 bucket_success=0.990 total_episodes=  310 avg_len=34.2 return=10.854
[Episode   320] stage_8A_size        bucket=large_d0-2_obs0 bucket_success=0.970 total_episodes=  320 avg_len=32.5 return=10.871
[Episode   330] stage_8A_size        bucket=large_d0-2_obs0 bucket_success=0.970 total_episodes=  330 avg_len=32.6 return=10.870
[Episode   340] stage_8A_size        bucket=large_d0-2_obs0 bucket_success=0.970 total_episodes=  340 avg_len=32.4 return=10.872
[Episode   350] stage_8A_size        bucket=small_d0-2_obs0 bucket_success=1.000 total_episodes=  350 avg_len=32.5 return=10.871
[Episode   360] stage_8A_size        bucket=large_d0-2_obs0 bucket_success=0.980 total_episodes=  360 avg_len=32.6 return=10.870
[Episode   370] stage_8A_size        bucket=large_d0-2_obs0 bucket_success=0.980 total_episodes=  370 avg_len=30.8 return=10.990
[Episode   380] stage_8A_size        bucket=small_d0-2_obs0 bucket_success=1.000 total_episodes=  380 avg_len=28.6 return=11.114
[Episode   390] stage_8A_size        bucket=large_d0-2_obs0 bucket_success=0.980 total_episodes=  390 avg_len=27.8 return=11.122
[Episode   400] stage_8A_size        bucket=large_d0-2_obs0 bucket_success=0.980 total_episodes=  400 avg_len=27.9 return=11.121
[Episode   410] stage_8A_size        bucket=small_d0-2_obs0 bucket_success=1.000 total_episodes=  410 avg_len=27.7 return=11.123
[Episode   420] stage_8A_size        bucket=small_d0-2_obs0 bucket_success=1.000 total_episodes=  420 avg_len=27.7 return=11.123
[Episode   430] stage_8A_size        bucket=small_d0-2_obs0 bucket_success=1.000 total_episodes=  430 avg_len=27.4 return=11.126
[Episode   440] stage_8A_size        bucket=small_d0-2_obs0 bucket_success=1.000 total_episodes=  440 avg_len=27.0 return=11.130
[Episode   450] stage_8A_size        bucket=small_d0-2_obs0 bucket_success=1.000 total_episodes=  450 avg_len=27.2 return=11.128
[Episode   460] stage_8A_size        bucket=large_d0-2_obs0 bucket_success=0.990 total_episodes=  460 avg_len=26.9 return=11.131
[Episode   470] stage_8A_size        bucket=small_d0-2_obs0 bucket_success=1.000 total_episodes=  470 avg_len=26.4 return=11.136
[Episode   480] stage_8A_size        bucket=large_d0-2_obs0 bucket_success=1.000 total_episodes=  480 avg_len=26.8 return=11.133
[Episode   490] stage_8A_size        bucket=small_d0-2_obs0 bucket_success=1.000 total_episodes=  490 avg_len=28.5 return=11.115
[Episode   500] stage_8A_size        bucket=small_d0-2_obs0 bucket_success=1.000 total_episodes=  500 avg_len=28.2 return=11.117
[Episode   510] stage_8A_size        bucket=large_d0-2_obs0 bucket_success=1.000 total_episodes=  510 avg_len=29.0 return=11.110
[Episode   520] stage_8A_size        bucket=small_d0-2_obs0 bucket_success=1.000 total_episodes=  520 avg_len=29.1 return=11.110
[Episode   530] stage_8A_size        bucket=small_d0-2_obs0 bucket_success=1.000 total_episodes=  530 avg_len=29.3 return=11.107
[Episode   540] stage_8A_size        bucket=small_d0-2_obs0 bucket_success=1.000 total_episodes=  540 avg_len=30.3 return=11.097
[Episode   550] stage_8A_size        bucket=large_d0-2_obs0 bucket_success=0.990 total_episodes=  550 avg_len=31.9 return=10.977
[Episode   560] stage_8A_size        bucket=large_d0-2_obs0 bucket_success=0.990 total_episodes=  560 avg_len=32.7 return=10.969
[Episode   570] stage_8A_size        bucket=small_d0-2_obs0 bucket_success=1.000 total_episodes=  570 avg_len=33.1 return=10.965
[Episode   580] stage_8A_size        bucket=small_d0-2_obs0 bucket_success=1.000 total_episodes=  580 avg_len=35.3 return=10.837
[Episode   590] stage_8A_size        bucket=large_d0-2_obs0 bucket_success=0.980 total_episodes=  590 avg_len=35.5 return=10.835
[Episode   600] stage_8A_size        bucket=small_d0-2_obs0 bucket_success=1.000 total_episodes=  600 avg_len=38.9 return=10.593
[Episode   610] stage_8A_size        bucket=large_d0-2_obs0 bucket_success=0.960 total_episodes=  610 avg_len=40.8 return=10.574
[Episode   620] stage_8A_size        bucket=small_d0-2_obs0 bucket_success=1.000 total_episodes=  620 avg_len=41.8 return=10.458
[Episode   630] stage_8A_size        bucket=small_d0-2_obs0 bucket_success=1.000 total_episodes=  630 avg_len=44.4 return=10.330
[Episode   640] stage_8A_size        bucket=large_d0-2_obs0 bucket_success=0.940 total_episodes=  640 avg_len=43.1 return=10.343
[Episode   650] stage_8A_size        bucket=large_d0-2_obs0 bucket_success=0.940 total_episodes=  650 avg_len=41.8 return=10.460
[Episode   660] stage_8A_size        bucket=large_d0-2_obs0 bucket_success=0.940 total_episodes=  660 avg_len=43.4 return=10.444
[Episode   670] stage_8A_size        bucket=small_d0-2_obs0 bucket_success=1.000 total_episodes=  670 avg_len=44.9 return=10.327
[Episode   680] stage_8A_size        bucket=large_d0-2_obs0 bucket_success=0.920 total_episodes=  680 avg_len=44.5 return=10.335
[Episode   690] stage_8A_size        bucket=large_d0-2_obs0 bucket_success=0.910 total_episodes=  690 avg_len=45.3 return=10.225
[Episode   700] stage_8A_size        bucket=small_d0-2_obs0 bucket_success=1.000 total_episodes=  700 avg_len=42.5 return=10.461
[Episode   710] stage_8A_size        bucket=large_d0-2_obs0 bucket_success=0.900 total_episodes=  710 avg_len=41.8 return=10.366
[Episode   720] stage_8A_size        bucket=small_d0-2_obs0 bucket_success=1.000 total_episodes=  720 avg_len=40.4 return=10.486
[Episode   730] stage_8A_size        bucket=large_d0-2_obs0 bucket_success=0.910 total_episodes=  730 avg_len=37.5 return=10.617
[Episode   740] stage_8A_size        bucket=small_d0-2_obs0 bucket_success=1.000 total_episodes=  740 avg_len=38.4 return=10.608
[Episode   750] stage_8A_size        bucket=small_d0-2_obs0 bucket_success=1.000 total_episodes=  750 avg_len=37.8 return=10.614
[Episode   760] stage_8A_size        bucket=small_d0-2_obs0 bucket_success=1.000 total_episodes=  760 avg_len=36.0 return=10.632
[Episode   770] stage_8A_size        bucket=large_d0-2_obs0 bucket_success=0.920 total_episodes=  770 avg_len=33.9 return=10.755
[Episode   780] stage_8A_size        bucket=large_d0-2_obs0 bucket_success=0.920 total_episodes=  780 avg_len=32.3 return=10.873
[Episode   790] stage_8A_size        bucket=small_d0-2_obs0 bucket_success=1.000 total_episodes=  790 avg_len=31.1 return=10.879
[Episode   800] stage_8A_size        bucket=small_d0-2_obs0 bucket_success=1.000 total_episodes=  800 avg_len=30.5 return=10.885
[Episode   810] stage_8A_size        bucket=small_d0-2_obs0 bucket_success=1.000 total_episodes=  810 avg_len=29.0 return=11.002
[Episode   820] stage_8A_size        bucket=small_d0-2_obs0 bucket_success=1.000 total_episodes=  820 avg_len=29.4 return=10.998
[Episode   830] stage_8A_size        bucket=small_d0-2_obs0 bucket_success=1.000 total_episodes=  830 avg_len=30.2 return=10.990
[Episode   840] stage_8A_size        bucket=large_d0-2_obs0 bucket_success=0.950 total_episodes=  840 avg_len=30.1 return=10.991
[Episode   850] stage_8A_size        bucket=large_d0-2_obs0 bucket_success=0.950 total_episodes=  850 avg_len=29.7 return=10.995
[Episode   860] stage_8A_size        bucket=large_d0-2_obs0 bucket_success=0.950 total_episodes=  860 avg_len=29.6 return=10.996
[Episode   870] stage_8A_size        bucket=large_d0-2_obs0 bucket_success=0.960 total_episodes=  870 avg_len=29.9 return=10.993
[Episode   880] stage_8A_size        bucket=small_d0-2_obs0 bucket_success=1.000 total_episodes=  880 avg_len=29.5 return=10.997
[Episode   890] stage_8A_size        bucket=small_d0-2_obs0 bucket_success=1.000 total_episodes=  890 avg_len=28.5 return=11.115
[Episode   900] stage_8A_size        bucket=large_d0-2_obs0 bucket_success=0.980 total_episodes=  900 avg_len=28.7 return=11.113
[Episode   910] stage_8A_size        bucket=small_d0-2_obs0 bucket_success=1.000 total_episodes=  910 avg_len=28.4 return=11.116
[Episode   920] stage_8A_size        bucket=large_d0-2_obs0 bucket_success=0.990 total_episodes=  920 avg_len=28.0 return=11.120
[Episode   930] stage_8A_size        bucket=large_d0-2_obs0 bucket_success=0.990 total_episodes=  930 avg_len=27.3 return=11.127
[Episode   940] stage_8A_size        bucket=large_d0-2_obs0 bucket_success=0.990 total_episodes=  940 avg_len=27.6 return=11.124
[Episode   950] stage_8A_size        bucket=small_d0-2_obs0 bucket_success=1.000 total_episodes=  950 avg_len=27.6 return=11.124
[Episode   960] stage_8A_size        bucket=small_d0-2_obs0 bucket_success=1.000 total_episodes=  960 avg_len=27.4 return=11.126
[Episode   970] stage_8A_size        bucket=large_d0-2_obs0 bucket_success=0.980 total_episodes=  970 avg_len=29.0 return=11.008
[Episode   980] stage_8A_size        bucket=small_d0-2_obs0 bucket_success=1.000 total_episodes=  980 avg_len=29.8 return=11.000
[Episode   990] stage_8A_size        bucket=large_d0-2_obs0 bucket_success=0.970 total_episodes=  990 avg_len=31.5 return=10.877
[Episode  1000] stage_8A_size        bucket=large_d0-2_obs0 bucket_success=0.980 total_episodes= 1000 avg_len=32.3 return=10.869
[Episode  1010] stage_8A_size        bucket=large_d0-2_obs0 bucket_success=0.980 total_episodes= 1010 avg_len=32.9 return=10.863
[Episode  1020] stage_8A_size        bucket=large_d0-2_obs0 bucket_success=0.980 total_episodes= 1020 avg_len=32.8 return=10.864
[Episode  1030] stage_8A_size        bucket=small_d0-2_obs0 bucket_success=1.000 total_episodes= 1030 avg_len=32.7 return=10.865
[Episode  1040] stage_8A_size        bucket=large_d0-2_obs0 bucket_success=0.980 total_episodes= 1040 avg_len=32.4 return=10.869
[Episode  1050] stage_8A_size        bucket=large_d0-2_obs0 bucket_success=0.980 total_episodes= 1050 avg_len=32.1 return=10.871
[Episode  1060] stage_8A_size        bucket=small_d0-2_obs0 bucket_success=1.000 total_episodes= 1060 avg_len=31.9 return=10.873
[Episode  1070] stage_8A_size        bucket=small_d0-2_obs0 bucket_success=1.000 total_episodes= 1070 avg_len=29.8 return=10.996
[Episode  1080] stage_8A_size        bucket=large_d0-2_obs0 bucket_success=0.980 total_episodes= 1080 avg_len=29.4 return=11.000
[Episode  1090] stage_8A_size        bucket=large_d0-2_obs0 bucket_success=0.980 total_episodes= 1090 avg_len=28.5 return=11.115
[Episode  1100] stage_8A_size        bucket=small_d0-2_obs0 bucket_success=1.000 total_episodes= 1100 avg_len=27.5 return=11.125
[Episode  1110] stage_8A_size        bucket=large_d0-2_obs0 bucket_success=0.970 total_episodes= 1110 avg_len=29.2 return=11.000
[Episode  1120] stage_8A_size        bucket=large_d0-2_obs0 bucket_success=0.970 total_episodes= 1120 avg_len=29.0 return=11.002
[Episode  1130] stage_8A_size        bucket=small_d0-2_obs0 bucket_success=1.000 total_episodes= 1130 avg_len=28.8 return=11.004
[Episode  1140] stage_8A_size        bucket=small_d0-2_obs0 bucket_success=1.000 total_episodes= 1140 avg_len=28.4 return=11.008
[Episode  1150] stage_8A_size        bucket=large_d0-2_obs0 bucket_success=0.970 total_episodes= 1150 avg_len=28.7 return=11.005
[Episode  1160] stage_8A_size        bucket=small_d0-2_obs0 bucket_success=1.000 total_episodes= 1160 avg_len=29.3 return=10.999
[Episode  1170] stage_8A_size        bucket=large_d0-2_obs0 bucket_success=0.980 total_episodes= 1170 avg_len=29.6 return=10.996
[Episode  1180] stage_8A_size        bucket=large_d0-2_obs0 bucket_success=0.990 total_episodes= 1180 avg_len=30.8 return=10.984
[Episode  1190] stage_8A_size        bucket=small_d0-2_obs0 bucket_success=1.000 total_episodes= 1190 avg_len=31.2 return=10.979
[Episode  1200] stage_8A_size        bucket=small_d0-2_obs0 bucket_success=1.000 total_episodes= 1200 avg_len=32.8 return=10.964
[Episode  1210] stage_8A_size        bucket=large_d0-2_obs0 bucket_success=0.990 total_episodes= 1210 avg_len=30.7 return=11.093
[Episode  1220] stage_8A_size        bucket=large_d0-2_obs0 bucket_success=0.990 total_episodes= 1220 avg_len=31.0 return=11.090
[Episode  1230] stage_8A_size        bucket=large_d0-2_obs0 bucket_success=0.990 total_episodes= 1230 avg_len=31.2 return=11.088
[Episode  1240] stage_8A_size        bucket=large_d0-2_obs0 bucket_success=0.990 total_episodes= 1240 avg_len=31.5 return=11.085
[Episode  1250] stage_8A_size        bucket=large_d0-2_obs0 bucket_success=0.990 total_episodes= 1250 avg_len=31.3 return=11.087
[Episode  1260] stage_8A_size        bucket=small_d0-2_obs0 bucket_success=1.000 total_episodes= 1260 avg_len=30.7 return=11.093
[Episode  1270] stage_8A_size        bucket=small_d0-2_obs0 bucket_success=1.000 total_episodes= 1270 avg_len=31.0 return=11.090
[Episode  1280] stage_8A_size        bucket=large_d0-2_obs0 bucket_success=0.990 total_episodes= 1280 avg_len=29.3 return=11.107
[Episode  1290] stage_8A_size        bucket=large_d0-2_obs0 bucket_success=0.990 total_episodes= 1290 avg_len=28.0 return=11.120
[Episode  1300] stage_8A_size        bucket=large_d0-2_obs0 bucket_success=0.990 total_episodes= 1300 avg_len=26.2 return=11.138
[Episode  1310] stage_8A_size        bucket=large_d0-2_obs0 bucket_success=1.000 total_episodes= 1310 avg_len=26.4 return=11.136
[Episode  1320] stage_8A_size        bucket=large_d0-2_obs0 bucket_success=1.000 total_episodes= 1320 avg_len=26.2 return=11.138
[Episode  1330] stage_8A_size        bucket=large_d0-2_obs0 bucket_success=1.000 total_episodes= 1330 avg_len=26.4 return=11.136
[Episode  1340] stage_8A_size        bucket=large_d0-2_obs0 bucket_success=1.000 total_episodes= 1340 avg_len=26.2 return=11.138
[Episode  1350] stage_8A_size        bucket=large_d0-2_obs0 bucket_success=1.000 total_episodes= 1350 avg_len=26.5 return=11.135
[Episode  1360] stage_8A_size        bucket=large_d0-2_obs0 bucket_success=1.000 total_episodes= 1360 avg_len=27.2 return=11.128
[Episode  1370] stage_8A_size        bucket=small_d0-2_obs0 bucket_success=1.000 total_episodes= 1370 avg_len=27.2 return=11.128
[Episode  1380] stage_8A_size        bucket=small_d0-2_obs0 bucket_success=1.000 total_episodes= 1380 avg_len=27.1 return=11.129
[Episode  1390] stage_8A_size        bucket=large_d0-2_obs0 bucket_success=1.000 total_episodes= 1390 avg_len=27.7 return=11.123
[Episode  1400] stage_8A_size        bucket=small_d0-2_obs0 bucket_success=1.000 total_episodes= 1400 avg_len=27.8 return=11.122
[Episode  1410] stage_8A_size        bucket=large_d0-2_obs0 bucket_success=1.000 total_episodes= 1410 avg_len=27.2 return=11.128
[Episode  1420] stage_8A_size        bucket=small_d0-2_obs0 bucket_success=0.990 total_episodes= 1420 avg_len=28.6 return=11.006
[Episode  1430] stage_8A_size        bucket=small_d0-2_obs0 bucket_success=0.990 total_episodes= 1430 avg_len=28.5 return=11.007
[Episode  1440] stage_8A_size        bucket=large_d0-2_obs0 bucket_success=1.000 total_episodes= 1440 avg_len=28.7 return=11.005
[Episode  1450] stage_8A_size        bucket=large_d0-2_obs0 bucket_success=1.000 total_episodes= 1450 avg_len=28.7 return=11.005
[Episode  1460] stage_8A_size        bucket=small_d0-2_obs0 bucket_success=0.990 total_episodes= 1460 avg_len=28.4 return=11.008
[Episode  1470] stage_8A_size        bucket=small_d0-2_obs0 bucket_success=0.990 total_episodes= 1470 avg_len=27.8 return=11.014
[Episode  1480] stage_8A_size        bucket=large_d0-2_obs0 bucket_success=1.000 total_episodes= 1480 avg_len=27.5 return=11.017
[Episode  1490] stage_8A_size        bucket=large_d0-2_obs0 bucket_success=1.000 total_episodes= 1490 avg_len=27.0 return=11.022
[Episode  1500] stage_8A_size        bucket=large_d0-2_obs0 bucket_success=1.000 total_episodes= 1500 avg_len=26.6 return=11.026

======================================================================
stage_8A_size mastered!
  large_d0-2_obs0  n= 100 success_rate=1.000
  small_d0-2_obs0  n= 100 success_rate=0.990
======================================================================

Moving to stage_8B1_position_r2
[Episode  1510] stage_8B1_position_r2 bucket=small_d0-2_obs0 bucket_success=0.500 total_episodes=   10 avg_len=164.9 return=1.331
[Episode  1520] stage_8B1_position_r2 bucket=large_d3-5_obs0 bucket_success=0.400 total_episodes=   20 avg_len=159.8 return=1.712
[Episode  1530] stage_8B1_position_r2 bucket=large_d3-5_obs0 bucket_success=0.250 total_episodes=   30 avg_len=167.5 return=1.159
[Episode  1540] stage_8B1_position_r2 bucket=small_d3-5_obs0 bucket_success=0.125 total_episodes=   40 avg_len=171.4 return=0.911
[Episode  1550] stage_8B1_position_r2 bucket=small_d3-5_obs0 bucket_success=0.091 total_episodes=   50 avg_len=170.5 return=0.943
[Episode  1560] stage_8B1_position_r2 bucket=small_d0-2_obs0 bucket_success=0.182 total_episodes=   60 avg_len=169.8 return=0.941
[Episode  1570] stage_8B1_position_r2 bucket=small_d3-5_obs0 bucket_success=0.235 total_episodes=   70 avg_len=168.4 return=1.133
[Episode  1580] stage_8B1_position_r2 bucket=large_d0-2_obs0 bucket_success=0.214 total_episodes=   80 avg_len=171.9 return=0.976
[Episode  1590] stage_8B1_position_r2 bucket=small_d3-5_obs0 bucket_success=0.167 total_episodes=   90 avg_len=175.0 return=0.728
[Episode  1600] stage_8B1_position_r2 bucket=large_d0-2_obs0 bucket_success=0.194 total_episodes=  100 avg_len=176.9 return=0.602
[Episode  1610] stage_8B1_position_r2 bucket=large_d3-5_obs0 bucket_success=0.107 total_episodes=  110 avg_len=180.5 return=0.323
[Episode  1620] stage_8B1_position_r2 bucket=small_d0-2_obs0 bucket_success=0.208 total_episodes=  120 avg_len=182.1 return=0.223
[Episode  1630] stage_8B1_position_r2 bucket=large_d0-2_obs0 bucket_success=0.154 total_episodes=  130 avg_len=181.8 return=0.322
[Episode  1640] stage_8B1_position_r2 bucket=large_d3-5_obs0 bucket_success=0.088 total_episodes=  140 avg_len=180.4 return=0.414
[Episode  1650] stage_8B1_position_r2 bucket=large_d3-5_obs0 bucket_success=0.081 total_episodes=  150 avg_len=183.8 return=0.168
[Episode  1660] stage_8B1_position_r2 bucket=small_d3-5_obs0 bucket_success=0.139 total_episodes=  160 avg_len=187.1 return=-0.077
[Episode  1670] stage_8B1_position_r2 bucket=large_d3-5_obs0 bucket_success=0.067 total_episodes=  170 avg_len=191.1 return=-0.473
[Episode  1680] stage_8B1_position_r2 bucket=small_d0-2_obs0 bucket_success=0.159 total_episodes=  180 avg_len=191.5 return=-0.611
[Episode  1690] stage_8B1_position_r2 bucket=small_d3-5_obs0 bucket_success=0.114 total_episodes=  190 avg_len=191.5 return=-0.651
[Episode  1700] stage_8B1_position_r2 bucket=large_d3-5_obs0 bucket_success=0.058 total_episodes=  200 avg_len=192.0 return=-0.772
[Episode  1710] stage_8B1_position_r2 bucket=small_d0-2_obs0 bucket_success=0.135 total_episodes=  210 avg_len=192.0 return=-0.804
[Episode  1720] stage_8B1_position_r2 bucket=small_d3-5_obs0 bucket_success=0.093 total_episodes=  220 avg_len=194.9 return=-1.092
[Episode  1730] stage_8B1_position_r2 bucket=small_d3-5_obs0 bucket_success=0.088 total_episodes=  230 avg_len=197.0 return=-1.366
[Episode  1740] stage_8B1_position_r2 bucket=large_d0-2_obs0 bucket_success=0.117 total_episodes=  240 avg_len=200.0 return=-1.634
[Episode  1750] stage_8B1_position_r2 bucket=large_d0-2_obs0 bucket_success=0.111 total_episodes=  250 avg_len=200.0 return=-1.670
[Episode  1760] stage_8B1_position_r2 bucket=large_d3-5_obs0 bucket_success=0.043 total_episodes=  260 avg_len=199.7 return=-1.567
[Episode  1770] stage_8B1_position_r2 bucket=small_d3-5_obs0 bucket_success=0.077 total_episodes=  270 avg_len=199.7 return=-1.563
[Episode  1780] stage_8B1_position_r2 bucket=small_d3-5_obs0 bucket_success=0.072 total_episodes=  280 avg_len=199.7 return=-1.585
[Episode  1790] stage_8B1_position_r2 bucket=large_d0-2_obs0 bucket_success=0.096 total_episodes=  290 avg_len=198.3 return=-1.471
[Episode  1800] stage_8B1_position_r2 bucket=large_d3-5_obs0 bucket_success=0.037 total_episodes=  300 avg_len=198.3 return=-1.481
[Episode  1810] stage_8B1_position_r2 bucket=small_d3-5_obs0 bucket_success=0.068 total_episodes=  310 avg_len=198.3 return=-1.463
[Episode  1820] stage_8B1_position_r2 bucket=large_d0-2_obs0 bucket_success=0.086 total_episodes=  320 avg_len=197.5 return=-1.343
[Episode  1830] stage_8B1_position_r2 bucket=small_d0-2_obs0 bucket_success=0.123 total_episodes=  330 avg_len=197.5 return=-1.349
[Episode  1840] stage_8B1_position_r2 bucket=large_d0-2_obs0 bucket_success=0.080 total_episodes=  340 avg_len=197.5 return=-1.375
[Episode  1850] stage_8B1_position_r2 bucket=small_d3-5_obs0 bucket_success=0.063 total_episodes=  350 avg_len=196.4 return=-1.248
[Episode  1860] stage_8B1_position_r2 bucket=small_d3-5_obs0 bucket_success=0.058 total_episodes=  360 avg_len=196.7 return=-1.391
[Episode  1870] stage_8B1_position_r2 bucket=small_d3-5_obs0 bucket_success=0.057 total_episodes=  370 avg_len=196.7 return=-1.379
[Episode  1880] stage_8B1_position_r2 bucket=large_d3-5_obs0 bucket_success=0.030 total_episodes=  380 avg_len=196.7 return=-1.401
[Episode  1890] stage_8B1_position_r2 bucket=small_d3-5_obs0 bucket_success=0.054 total_episodes=  390 avg_len=198.1 return=-1.537
[Episode  1900] stage_8B1_position_r2 bucket=small_d3-5_obs0 bucket_success=0.053 total_episodes=  400 avg_len=198.1 return=-1.541
[Episode  1910] stage_8B1_position_r2 bucket=large_d0-2_obs0 bucket_success=0.060 total_episodes=  410 avg_len=198.1 return=-1.547
[Episode  1920] stage_8B1_position_r2 bucket=small_d3-5_obs0 bucket_success=0.051 total_episodes=  420 avg_len=198.9 return=-1.671
[Episode  1930] stage_8B1_position_r2 bucket=large_d3-5_obs0 bucket_success=0.000 total_episodes=  430 avg_len=198.9 return=-1.651
[Episode  1940] stage_8B1_position_r2 bucket=small_d3-5_obs0 bucket_success=0.050 total_episodes=  440 avg_len=198.9 return=-1.651
[Episode  1950] stage_8B1_position_r2 bucket=small_d0-2_obs0 bucket_success=0.100 total_episodes=  450 avg_len=199.0 return=-1.622
[Episode  1960] stage_8B1_position_r2 bucket=large_d3-5_obs0 bucket_success=0.000 total_episodes=  460 avg_len=199.0 return=-1.566
[Episode  1970] stage_8B1_position_r2 bucket=small_d0-2_obs0 bucket_success=0.090 total_episodes=  470 avg_len=199.0 return=-1.582
[Episode  1980] stage_8B1_position_r2 bucket=large_d0-2_obs0 bucket_success=0.020 total_episodes=  480 avg_len=197.4 return=-1.435
[Episode  1990] stage_8B1_position_r2 bucket=small_d0-2_obs0 bucket_success=0.080 total_episodes=  490 avg_len=197.4 return=-1.423
[Episode  2000] stage_8B1_position_r2 bucket=large_d0-2_obs0 bucket_success=0.010 total_episodes=  500 avg_len=195.8 return=-1.244
[Episode  2010] stage_8B1_position_r2 bucket=small_d0-2_obs0 bucket_success=0.090 total_episodes=  510 avg_len=194.5 return=-1.109
[Episode  2020] stage_8B1_position_r2 bucket=small_d3-5_obs0 bucket_success=0.010 total_episodes=  520 avg_len=194.5 return=-1.077
[Episode  2030] stage_8B1_position_r2 bucket=small_d3-5_obs0 bucket_success=0.010 total_episodes=  530 avg_len=194.5 return=-1.063
[Episode  2040] stage_8B1_position_r2 bucket=small_d0-2_obs0 bucket_success=0.080 total_episodes=  540 avg_len=194.5 return=-1.035
[Episode  2050] stage_8B1_position_r2 bucket=small_d3-5_obs0 bucket_success=0.010 total_episodes=  550 avg_len=195.5 return=-1.181
[Episode  2060] stage_8B1_position_r2 bucket=small_d0-2_obs0 bucket_success=0.080 total_episodes=  560 avg_len=193.9 return=-1.091
[Episode  2070] stage_8B1_position_r2 bucket=small_d3-5_obs0 bucket_success=0.010 total_episodes=  570 avg_len=193.9 return=-1.107
[Episode  2080] stage_8B1_position_r2 bucket=small_d3-5_obs0 bucket_success=0.010 total_episodes=  580 avg_len=195.5 return=-1.231
[Episode  2090] stage_8B1_position_r2 bucket=large_d3-5_obs0 bucket_success=0.000 total_episodes=  590 avg_len=195.5 return=-1.195
[Episode  2100] stage_8B1_position_r2 bucket=large_d0-2_obs0 bucket_success=0.000 total_episodes=  600 avg_len=196.1 return=-1.207
[Episode  2110] stage_8B1_position_r2 bucket=small_d3-5_obs0 bucket_success=0.010 total_episodes=  610 avg_len=197.4 return=-1.326
[Episode  2120] stage_8B1_position_r2 bucket=small_d0-2_obs0 bucket_success=0.090 total_episodes=  620 avg_len=197.4 return=-1.312
[Episode  2130] stage_8B1_position_r2 bucket=small_d3-5_obs0 bucket_success=0.020 total_episodes=  630 avg_len=195.8 return=-1.182
[Episode  2140] stage_8B1_position_r2 bucket=small_d3-5_obs0 bucket_success=0.020 total_episodes=  640 avg_len=195.2 return=-1.052
[Episode  2150] stage_8B1_position_r2 bucket=large_d3-5_obs0 bucket_success=0.010 total_episodes=  650 avg_len=194.1 return=-0.887
[Episode  2160] stage_8B1_position_r2 bucket=small_d3-5_obs0 bucket_success=0.030 total_episodes=  660 avg_len=194.0 return=-0.850
[Episode  2170] stage_8B1_position_r2 bucket=large_d0-2_obs0 bucket_success=0.010 total_episodes=  670 avg_len=192.2 return=-0.672
[Episode  2180] stage_8B1_position_r2 bucket=small_d3-5_obs0 bucket_success=0.030 total_episodes=  680 avg_len=192.2 return=-0.636
[Episode  2190] stage_8B1_position_r2 bucket=large_d0-2_obs0 bucket_success=0.010 total_episodes=  690 avg_len=190.7 return=-0.537
[Episode  2200] stage_8B1_position_r2 bucket=large_d0-2_obs0 bucket_success=0.010 total_episodes=  700 avg_len=191.7 return=-0.683
[Episode  2210] stage_8B1_position_r2 bucket=small_d0-2_obs0 bucket_success=0.100 total_episodes=  710 avg_len=189.4 return=-0.460
[Episode  2220] stage_8B1_position_r2 bucket=large_d0-2_obs0 bucket_success=0.010 total_episodes=  720 avg_len=189.4 return=-0.482
[Episode  2230] stage_8B1_position_r2 bucket=small_d0-2_obs0 bucket_success=0.090 total_episodes=  730 avg_len=191.0 return=-0.654
[Episode  2240] stage_8B1_position_r2 bucket=small_d3-5_obs0 bucket_success=0.030 total_episodes=  740 avg_len=191.6 return=-0.800
[Episode  2250] stage_8B1_position_r2 bucket=large_d3-5_obs0 bucket_success=0.010 total_episodes=  750 avg_len=192.7 return=-0.963
[Episode  2260] stage_8B1_position_r2 bucket=large_d3-5_obs0 bucket_success=0.010 total_episodes=  760 avg_len=194.4 return=-1.134
[Episode  2270] stage_8B1_position_r2 bucket=large_d0-2_obs0 bucket_success=0.010 total_episodes=  770 avg_len=196.2 return=-1.316
[Episode  2280] stage_8B1_position_r2 bucket=small_d0-2_obs0 bucket_success=0.090 total_episodes=  780 avg_len=196.2 return=-1.350
[Episode  2290] stage_8B1_position_r2 bucket=large_d0-2_obs0 bucket_success=0.010 total_episodes=  790 avg_len=197.7 return=-1.485
[Episode  2300] stage_8B1_position_r2 bucket=large_d0-2_obs0 bucket_success=0.010 total_episodes=  800 avg_len=197.7 return=-1.493
[Episode  2310] stage_8B1_position_r2 bucket=large_d3-5_obs0 bucket_success=0.010 total_episodes=  810 avg_len=199.0 return=-1.604
[Episode  2320] stage_8B1_position_r2 bucket=small_d0-2_obs0 bucket_success=0.100 total_episodes=  820 avg_len=199.0 return=-1.606
[Episode  2330] stage_8B1_position_r2 bucket=small_d3-5_obs0 bucket_success=0.030 total_episodes=  830 avg_len=199.0 return=-1.568
[Episode  2340] stage_8B1_position_r2 bucket=small_d0-2_obs0 bucket_success=0.090 total_episodes=  840 avg_len=199.0 return=-1.556
[Episode  2350] stage_8B1_position_r2 bucket=large_d0-2_obs0 bucket_success=0.010 total_episodes=  850 avg_len=198.1 return=-1.445
[Episode  2360] stage_8B1_position_r2 bucket=large_d3-5_obs0 bucket_success=0.010 total_episodes=  860 avg_len=198.1 return=-1.441
[Episode  2370] stage_8B1_position_r2 bucket=small_d0-2_obs0 bucket_success=0.080 total_episodes=  870 avg_len=198.1 return=-1.435
[Episode  2380] stage_8B1_position_r2 bucket=large_d0-2_obs0 bucket_success=0.010 total_episodes=  880 avg_len=198.1 return=-1.459
[Episode  2390] stage_8B1_position_r2 bucket=small_d3-5_obs0 bucket_success=0.030 total_episodes=  890 avg_len=198.1 return=-1.467
[Episode  2400] stage_8B1_position_r2 bucket=large_d0-2_obs0 bucket_success=0.010 total_episodes=  900 avg_len=198.1 return=-1.475
[Episode  2410] stage_8B1_position_r2 bucket=small_d0-2_obs0 bucket_success=0.070 total_episodes=  910 avg_len=199.1 return=-1.619
[Episode  2420] stage_8B1_position_r2 bucket=large_d0-2_obs0 bucket_success=0.010 total_episodes=  920 avg_len=199.1 return=-1.663
[Episode  2430] stage_8B1_position_r2 bucket=small_d0-2_obs0 bucket_success=0.070 total_episodes=  930 avg_len=199.1 return=-1.717
[Episode  2440] stage_8B1_position_r2 bucket=small_d0-2_obs0 bucket_success=0.070 total_episodes=  940 avg_len=199.1 return=-1.739
[Episode  2450] stage_8B1_position_r2 bucket=small_d0-2_obs0 bucket_success=0.070 total_episodes=  950 avg_len=200.0 return=-1.878
[Episode  2460] stage_8B1_position_r2 bucket=large_d0-2_obs0 bucket_success=0.010 total_episodes=  960 avg_len=200.0 return=-1.898
[Episode  2470] stage_8B1_position_r2 bucket=small_d0-2_obs0 bucket_success=0.060 total_episodes=  970 avg_len=200.0 return=-1.898
[Episode  2480] stage_8B1_position_r2 bucket=small_d3-5_obs0 bucket_success=0.020 total_episodes=  980 avg_len=200.0 return=-1.878
[Episode  2490] stage_8B1_position_r2 bucket=large_d3-5_obs0 bucket_success=0.010 total_episodes=  990 avg_len=200.0 return=-1.856
[Episode  2500] stage_8B1_position_r2 bucket=large_d3-5_obs0 bucket_success=0.010 total_episodes= 1000 avg_len=200.0 return=-1.850
[Episode  2510] stage_8B1_position_r2 bucket=small_d0-2_obs0 bucket_success=0.060 total_episodes= 1010 avg_len=200.0 return=-1.828
[Episode  2520] stage_8B1_position_r2 bucket=small_d3-5_obs0 bucket_success=0.020 total_episodes= 1020 avg_len=198.5 return=-1.693
[Episode  2530] stage_8B1_position_r2 bucket=large_d0-2_obs0 bucket_success=0.000 total_episodes= 1030 avg_len=198.5 return=-1.671
[Episode  2540] stage_8B1_position_r2 bucket=small_d3-5_obs0 bucket_success=0.010 total_episodes= 1040 avg_len=198.5 return=-1.665
[Episode  2550] stage_8B1_position_r2 bucket=small_d0-2_obs0 bucket_success=0.040 total_episodes= 1050 avg_len=198.5 return=-1.649
[Episode  2560] stage_8B1_position_r2 bucket=small_d3-5_obs0 bucket_success=0.010 total_episodes= 1060 avg_len=198.5 return=-1.635
[Episode  2570] stage_8B1_position_r2 bucket=large_d3-5_obs0 bucket_success=0.010 total_episodes= 1070 avg_len=198.5 return=-1.651
[Episode  2580] stage_8B1_position_r2 bucket=large_d0-2_obs0 bucket_success=0.000 total_episodes= 1080 avg_len=197.6 return=-1.552
[Episode  2590] stage_8B1_position_r2 bucket=large_d3-5_obs0 bucket_success=0.010 total_episodes= 1090 avg_len=197.6 return=-1.576
[Episode  2600] stage_8B1_position_r2 bucket=large_d0-2_obs0 bucket_success=0.000 total_episodes= 1100 avg_len=197.6 return=-1.572
[Episode  2610] stage_8B1_position_r2 bucket=small_d3-5_obs0 bucket_success=0.000 total_episodes= 1110 avg_len=197.6 return=-1.612
[Episode  2620] stage_8B1_position_r2 bucket=small_d0-2_obs0 bucket_success=0.040 total_episodes= 1120 avg_len=199.1 return=-1.723
[Episode  2630] stage_8B1_position_r2 bucket=small_d3-5_obs0 bucket_success=0.000 total_episodes= 1130 avg_len=199.1 return=-1.709
[Episode  2640] stage_8B1_position_r2 bucket=small_d3-5_obs0 bucket_success=0.000 total_episodes= 1140 avg_len=199.1 return=-1.711
[Episode  2650] stage_8B1_position_r2 bucket=small_d0-2_obs0 bucket_success=0.040 total_episodes= 1150 avg_len=199.1 return=-1.715
[Episode  2660] stage_8B1_position_r2 bucket=large_d3-5_obs0 bucket_success=0.000 total_episodes= 1160 avg_len=199.1 return=-1.701
[Episode  2670] stage_8B1_position_r2 bucket=small_d0-2_obs0 bucket_success=0.040 total_episodes= 1170 avg_len=197.5 return=-1.573
[Episode  2680] stage_8B1_position_r2 bucket=large_d0-2_obs0 bucket_success=0.000 total_episodes= 1180 avg_len=196.8 return=-1.550
[Episode  2690] stage_8B1_position_r2 bucket=large_d3-5_obs0 bucket_success=0.000 total_episodes= 1190 avg_len=196.8 return=-1.518
[Episode  2700] stage_8B1_position_r2 bucket=large_d3-5_obs0 bucket_success=0.000 total_episodes= 1200 avg_len=195.3 return=-1.410
[Episode  2710] stage_8B1_position_r2 bucket=large_d3-5_obs0 bucket_success=0.000 total_episodes= 1210 avg_len=193.5 return=-1.257
[Episode  2720] stage_8B1_position_r2 bucket=small_d0-2_obs0 bucket_success=0.050 total_episodes= 1220 avg_len=193.5 return=-1.253
[Episode  2730] stage_8B1_position_r2 bucket=large_d0-2_obs0 bucket_success=0.000 total_episodes= 1230 avg_len=193.5 return=-1.265
[Episode  2740] stage_8B1_position_r2 bucket=large_d0-2_obs0 bucket_success=0.000 total_episodes= 1240 avg_len=193.5 return=-1.243
[Episode  2750] stage_8B1_position_r2 bucket=small_d0-2_obs0 bucket_success=0.060 total_episodes= 1250 avg_len=193.4 return=-1.142
[Episode  2760] stage_8B1_position_r2 bucket=small_d3-5_obs0 bucket_success=0.010 total_episodes= 1260 avg_len=193.4 return=-1.158
[Episode  2770] stage_8B1_position_r2 bucket=small_d0-2_obs0 bucket_success=0.060 total_episodes= 1270 avg_len=195.0 return=-1.278
[Episode  2780] stage_8B1_position_r2 bucket=large_d3-5_obs0 bucket_success=0.000 total_episodes= 1280 avg_len=196.6 return=-1.422
[Episode  2790] stage_8B1_position_r2 bucket=small_d0-2_obs0 bucket_success=0.070 total_episodes= 1290 avg_len=196.4 return=-1.340
[Episode  2800] stage_8B1_position_r2 bucket=large_d3-5_obs0 bucket_success=0.000 total_episodes= 1300 avg_len=196.9 return=-1.351
[Episode  2810] stage_8B1_position_r2 bucket=small_d3-5_obs0 bucket_success=0.010 total_episodes= 1310 avg_len=198.8 return=-1.472
[Episode  2820] stage_8B1_position_r2 bucket=small_d3-5_obs0 bucket_success=0.020 total_episodes= 1320 avg_len=197.2 return=-1.344
[Episode  2830] stage_8B1_position_r2 bucket=large_d3-5_obs0 bucket_success=0.000 total_episodes= 1330 avg_len=197.2 return=-1.368
[Episode  2840] stage_8B1_position_r2 bucket=large_d0-2_obs0 bucket_success=0.000 total_episodes= 1340 avg_len=197.2 return=-1.406
[Episode  2850] stage_8B1_position_r2 bucket=small_d0-2_obs0 bucket_success=0.080 total_episodes= 1350 avg_len=196.0 return=-1.396
[Episode  2860] stage_8B1_position_r2 bucket=small_d0-2_obs0 bucket_success=0.080 total_episodes= 1360 avg_len=196.0 return=-1.394
[Episode  2870] stage_8B1_position_r2 bucket=large_d0-2_obs0 bucket_success=0.000 total_episodes= 1370 avg_len=196.0 return=-1.396
[Episode  2880] stage_8B1_position_r2 bucket=large_d0-2_obs0 bucket_success=0.000 total_episodes= 1380 avg_len=196.0 return=-1.380
[Episode  2890] stage_8B1_position_r2 bucket=small_d3-5_obs0 bucket_success=0.040 total_episodes= 1390 avg_len=195.5 return=-1.381
[Episode  2900] stage_8B1_position_r2 bucket=large_d3-5_obs0 bucket_success=0.000 total_episodes= 1400 avg_len=196.4 return=-1.474
[Episode  2910] stage_8B1_position_r2 bucket=large_d0-2_obs0 bucket_success=0.000 total_episodes= 1410 avg_len=196.4 return=-1.492
[Episode  2920] stage_8B1_position_r2 bucket=small_d3-5_obs0 bucket_success=0.060 total_episodes= 1420 avg_len=194.8 return=-1.374
[Episode  2930] stage_8B1_position_r2 bucket=large_d3-5_obs0 bucket_success=0.000 total_episodes= 1430 avg_len=194.8 return=-1.354
[Episode  2940] stage_8B1_position_r2 bucket=large_d0-2_obs0 bucket_success=0.000 total_episodes= 1440 avg_len=193.4 return=-1.230
[Episode  2950] stage_8B1_position_r2 bucket=small_d3-5_obs0 bucket_success=0.070 total_episodes= 1450 avg_len=194.7 return=-1.363
[Episode  2960] stage_8B1_position_r2 bucket=large_d0-2_obs0 bucket_success=0.000 total_episodes= 1460 avg_len=194.7 return=-1.349
[Episode  2970] stage_8B1_position_r2 bucket=large_d0-2_obs0 bucket_success=0.000 total_episodes= 1470 avg_len=194.7 return=-1.349
[Episode  2980] stage_8B1_position_r2 bucket=small_d0-2_obs0 bucket_success=0.060 total_episodes= 1480 avg_len=194.7 return=-1.351
[Episode  2990] stage_8B1_position_r2 bucket=large_d0-2_obs0 bucket_success=0.000 total_episodes= 1490 avg_len=194.3 return=-1.321
[Episode  3000] stage_8B1_position_r2 bucket=large_d0-2_obs0 bucket_success=0.000 total_episodes= 1500 avg_len=191.8 return=-0.982
[Episode  3010] stage_8B1_position_r2 bucket=large_d0-2_obs0 bucket_success=0.000 total_episodes= 1510 avg_len=190.8 return=-0.866
[Episode  3020] stage_8B1_position_r2 bucket=small_d3-5_obs0 bucket_success=0.080 total_episodes= 1520 avg_len=193.9 return=-1.129
[Episode  3030] stage_8B1_position_r2 bucket=small_d0-2_obs0 bucket_success=0.100 total_episodes= 1530 avg_len=193.9 return=-1.121
[Episode  3040] stage_8B1_position_r2 bucket=small_d0-2_obs0 bucket_success=0.100 total_episodes= 1540 avg_len=193.7 return=-1.109
[Episode  3050] stage_8B1_position_r2 bucket=small_d3-5_obs0 bucket_success=0.090 total_episodes= 1550 avg_len=193.1 return=-0.949
[Episode  3060] stage_8B1_position_r2 bucket=large_d3-5_obs0 bucket_success=0.000 total_episodes= 1560 avg_len=193.1 return=-0.965
[Episode  3070] stage_8B1_position_r2 bucket=small_d0-2_obs0 bucket_success=0.090 total_episodes= 1570 avg_len=192.3 return=-0.843
[Episode  3080] stage_8B1_position_r2 bucket=large_d0-2_obs0 bucket_success=0.000 total_episodes= 1580 avg_len=192.3 return=-0.855
[Episode  3090] stage_8B1_position_r2 bucket=large_d3-5_obs0 bucket_success=0.000 total_episodes= 1590 avg_len=193.5 return=-0.997
[Episode  3100] stage_8B1_position_r2 bucket=small_d3-5_obs0 bucket_success=0.100 total_episodes= 1600 avg_len=196.0 return=-1.364
[Episode  3110] stage_8B1_position_r2 bucket=small_d3-5_obs0 bucket_success=0.100 total_episodes= 1610 avg_len=197.0 return=-1.484
[Episode  3120] stage_8B1_position_r2 bucket=small_d0-2_obs0 bucket_success=0.090 total_episodes= 1620 avg_len=195.9 return=-1.363
[Episode  3130] stage_8B1_position_r2 bucket=small_d3-5_obs0 bucket_success=0.090 total_episodes= 1630 avg_len=195.9 return=-1.369
[Episode  3140] stage_8B1_position_r2 bucket=small_d0-2_obs0 bucket_success=0.100 total_episodes= 1640 avg_len=196.1 return=-1.377
[Episode  3150] stage_8B1_position_r2 bucket=small_d3-5_obs0 bucket_success=0.090 total_episodes= 1650 avg_len=196.7 return=-1.503
[Episode  3160] stage_8B1_position_r2 bucket=large_d0-2_obs0 bucket_success=0.000 total_episodes= 1660 avg_len=196.2 return=-1.382
[Episode  3170] stage_8B1_position_r2 bucket=small_d3-5_obs0 bucket_success=0.090 total_episodes= 1670 avg_len=194.0 return=-1.244
[Episode  3180] stage_8B1_position_r2 bucket=small_d3-5_obs0 bucket_success=0.090 total_episodes= 1680 avg_len=194.0 return=-1.246
[Episode  3190] stage_8B1_position_r2 bucket=small_d0-2_obs0 bucket_success=0.110 total_episodes= 1690 avg_len=192.9 return=-1.133
[Episode  3200] stage_8B1_position_r2 bucket=large_d3-5_obs0 bucket_success=0.000 total_episodes= 1700 avg_len=192.9 return=-1.129
[Episode  3210] stage_8B1_position_r2 bucket=small_d3-5_obs0 bucket_success=0.080 total_episodes= 1710 avg_len=192.2 return=-0.990
[Episode  3220] stage_8B1_position_r2 bucket=small_d3-5_obs0 bucket_success=0.090 total_episodes= 1720 avg_len=193.3 return=-0.995
[Episode  3230] stage_8B1_position_r2 bucket=small_d3-5_obs0 bucket_success=0.090 total_episodes= 1730 avg_len=193.3 return=-0.991
[Episode  3240] stage_8B1_position_r2 bucket=large_d3-5_obs0 bucket_success=0.000 total_episodes= 1740 avg_len=194.7 return=-1.073
[Episode  3250] stage_8B1_position_r2 bucket=large_d3-5_obs0 bucket_success=0.000 total_episodes= 1750 avg_len=194.7 return=-1.085
[Episode  3260] stage_8B1_position_r2 bucket=large_d0-2_obs0 bucket_success=0.000 total_episodes= 1760 avg_len=195.2 return=-1.222
[Episode  3270] stage_8B1_position_r2 bucket=large_d3-5_obs0 bucket_success=0.000 total_episodes= 1770 avg_len=198.2 return=-1.488
[Episode  3280] stage_8B1_position_r2 bucket=small_d0-2_obs0 bucket_success=0.130 total_episodes= 1780 avg_len=197.2 return=-1.348
[Episode  3290] stage_8B1_position_r2 bucket=small_d3-5_obs0 bucket_success=0.080 total_episodes= 1790 avg_len=198.3 return=-1.453
[Episode  3300] stage_8B1_position_r2 bucket=large_d3-5_obs0 bucket_success=0.000 total_episodes= 1800 avg_len=198.3 return=-1.433
[Episode  3310] stage_8B1_position_r2 bucket=large_d0-2_obs0 bucket_success=0.000 total_episodes= 1810 avg_len=198.9 return=-1.570
[Episode  3320] stage_8B1_position_r2 bucket=large_d3-5_obs0 bucket_success=0.000 total_episodes= 1820 avg_len=197.4 return=-1.542
[Episode  3330] stage_8B1_position_r2 bucket=small_d0-2_obs0 bucket_success=0.130 total_episodes= 1830 avg_len=197.4 return=-1.536
[Episode  3340] stage_8B1_position_r2 bucket=large_d3-5_obs0 bucket_success=0.000 total_episodes= 1840 avg_len=195.8 return=-1.440
[Episode  3350] stage_8B1_position_r2 bucket=small_d0-2_obs0 bucket_success=0.130 total_episodes= 1850 avg_len=194.1 return=-1.291
[Episode  3360] stage_8B1_position_r2 bucket=large_d3-5_obs0 bucket_success=0.000 total_episodes= 1860 avg_len=192.8 return=-1.150
[Episode  3370] stage_8B1_position_r2 bucket=small_d0-2_obs0 bucket_success=0.130 total_episodes= 1870 avg_len=191.2 return=-0.978
[Episode  3380] stage_8B1_position_r2 bucket=small_d0-2_obs0 bucket_success=0.130 total_episodes= 1880 avg_len=192.3 return=-1.097
[Episode  3390] stage_8B1_position_r2 bucket=small_d0-2_obs0 bucket_success=0.130 total_episodes= 1890 avg_len=192.3 return=-1.115
[Episode  3400] stage_8B1_position_r2 bucket=small_d0-2_obs0 bucket_success=0.140 total_episodes= 1900 avg_len=187.6 return=-0.746
[Episode  3410] stage_8B1_position_r2 bucket=large_d0-2_obs0 bucket_success=0.000 total_episodes= 1910 avg_len=187.6 return=-0.740
[Episode  3420] stage_8B1_position_r2 bucket=large_d0-2_obs0 bucket_success=0.000 total_episodes= 1920 avg_len=189.2 return=-0.878
[Episode  3430] stage_8B1_position_r2 bucket=small_d0-2_obs0 bucket_success=0.140 total_episodes= 1930 avg_len=189.2 return=-0.884
[Episode  3440] stage_8B1_position_r2 bucket=small_d0-2_obs0 bucket_success=0.140 total_episodes= 1940 avg_len=190.8 return=-0.968
[Episode  3450] stage_8B1_position_r2 bucket=large_d3-5_obs0 bucket_success=0.000 total_episodes= 1950 avg_len=192.4 return=-1.122
[Episode  3460] stage_8B1_position_r2 bucket=large_d3-5_obs0 bucket_success=0.000 total_episodes= 1960 avg_len=193.8 return=-1.230
[Episode  3470] stage_8B1_position_r2 bucket=large_d0-2_obs0 bucket_success=0.000 total_episodes= 1970 avg_len=194.0 return=-1.262
[Episode  3480] stage_8B1_position_r2 bucket=large_d0-2_obs0 bucket_success=0.000 total_episodes= 1980 avg_len=194.0 return=-1.266
[Episode  3490] stage_8B1_position_r2 bucket=small_d0-2_obs0 bucket_success=0.120 total_episodes= 1990 avg_len=194.0 return=-1.248
[Episode  3500] stage_8B1_position_r2 bucket=small_d3-5_obs0 bucket_success=0.040 total_episodes= 2000 avg_len=198.7 return=-1.619
[Episode  3510] stage_8B1_position_r2 bucket=small_d0-2_obs0 bucket_success=0.110 total_episodes= 2010 avg_len=198.7 return=-1.595
[Episode  3520] stage_8B1_position_r2 bucket=large_d0-2_obs0 bucket_success=0.000 total_episodes= 2020 avg_len=198.7 return=-1.597
[Episode  3530] stage_8B1_position_r2 bucket=small_d0-2_obs0 bucket_success=0.080 total_episodes= 2030 avg_len=198.7 return=-1.575
[Episode  3540] stage_8B1_position_r2 bucket=large_d0-2_obs0 bucket_success=0.000 total_episodes= 2040 avg_len=198.7 return=-1.613
[Episode  3550] stage_8B1_position_r2 bucket=large_d3-5_obs0 bucket_success=0.000 total_episodes= 2050 avg_len=198.7 return=-1.611
[Episode  3560] stage_8B1_position_r2 bucket=large_d0-2_obs0 bucket_success=0.000 total_episodes= 2060 avg_len=197.1 return=-1.519
[Episode  3570] stage_8B1_position_r2 bucket=small_d3-5_obs0 bucket_success=0.040 total_episodes= 2070 avg_len=198.5 return=-1.641
[Episode  3580] stage_8B1_position_r2 bucket=large_d0-2_obs0 bucket_success=0.000 total_episodes= 2080 avg_len=196.6 return=-1.536
[Episode  3590] stage_8B1_position_r2 bucket=small_d3-5_obs0 bucket_success=0.050 total_episodes= 2090 avg_len=196.6 return=-1.542
[Episode  3600] stage_8B1_position_r2 bucket=small_d0-2_obs0 bucket_success=0.080 total_episodes= 2100 avg_len=196.6 return=-1.520
[Episode  3610] stage_8B1_position_r2 bucket=large_d3-5_obs0 bucket_success=0.000 total_episodes= 2110 avg_len=196.6 return=-1.538
[Episode  3620] stage_8B1_position_r2 bucket=small_d0-2_obs0 bucket_success=0.080 total_episodes= 2120 avg_len=196.6 return=-1.520
[Episode  3630] stage_8B1_position_r2 bucket=large_d0-2_obs0 bucket_success=0.000 total_episodes= 2130 avg_len=196.6 return=-1.572
[Episode  3640] stage_8B1_position_r2 bucket=small_d3-5_obs0 bucket_success=0.050 total_episodes= 2140 avg_len=195.3 return=-1.471
[Episode  3650] stage_8B1_position_r2 bucket=small_d3-5_obs0 bucket_success=0.050 total_episodes= 2150 avg_len=195.3 return=-1.477
[Episode  3660] stage_8B1_position_r2 bucket=small_d0-2_obs0 bucket_success=0.080 total_episodes= 2160 avg_len=196.8 return=-1.574
[Episode  3670] stage_8B1_position_r2 bucket=small_d3-5_obs0 bucket_success=0.040 total_episodes= 2170 avg_len=196.8 return=-1.564
[Episode  3680] stage_8B1_position_r2 bucket=large_d3-5_obs0 bucket_success=0.000 total_episodes= 2180 avg_len=198.6 return=-1.664
[Episode  3690] stage_8B1_position_r2 bucket=large_d0-2_obs0 bucket_success=0.000 total_episodes= 2190 avg_len=198.6 return=-1.660
[Episode  3700] stage_8B1_position_r2 bucket=large_d0-2_obs0 bucket_success=0.000 total_episodes= 2200 avg_len=198.6 return=-1.656
[Episode  3710] stage_8B1_position_r2 bucket=small_d0-2_obs0 bucket_success=0.090 total_episodes= 2210 avg_len=196.3 return=-1.423
[Episode  3720] stage_8B1_position_r2 bucket=large_d0-2_obs0 bucket_success=0.000 total_episodes= 2220 avg_len=195.3 return=-1.305
[Episode  3730] stage_8B1_position_r2 bucket=large_d3-5_obs0 bucket_success=0.000 total_episodes= 2230 avg_len=194.2 return=-1.170
[Episode  3740] stage_8B1_position_r2 bucket=large_d0-2_obs0 bucket_success=0.000 total_episodes= 2240 avg_len=195.6 return=-1.248
[Episode  3750] stage_8B1_position_r2 bucket=large_d3-5_obs0 bucket_success=0.000 total_episodes= 2250 avg_len=191.4 return=-0.854
[Episode  3760] stage_8B1_position_r2 bucket=large_d0-2_obs0 bucket_success=0.000 total_episodes= 2260 avg_len=191.4 return=-0.862
[Episode  3770] stage_8B1_position_r2 bucket=large_d3-5_obs0 bucket_success=0.000 total_episodes= 2270 avg_len=191.4 return=-0.890
[Episode  3780] stage_8B1_position_r2 bucket=large_d0-2_obs0 bucket_success=0.000 total_episodes= 2280 avg_len=190.5 return=-0.779
[Episode  3790] stage_8B1_position_r2 bucket=small_d0-2_obs0 bucket_success=0.090 total_episodes= 2290 avg_len=190.5 return=-0.761
[Episode  3800] stage_8B1_position_r2 bucket=large_d0-2_obs0 bucket_success=0.000 total_episodes= 2300 avg_len=190.5 return=-0.783
[Episode  3810] stage_8B1_position_r2 bucket=small_d3-5_obs0 bucket_success=0.040 total_episodes= 2310 avg_len=192.8 return=-1.014
[Episode  3820] stage_8B1_position_r2 bucket=large_d3-5_obs0 bucket_success=0.000 total_episodes= 2320 avg_len=192.6 return=-1.016
[Episode  3830] stage_8B1_position_r2 bucket=small_d3-5_obs0 bucket_success=0.050 total_episodes= 2330 avg_len=190.9 return=-0.877
[Episode  3840] stage_8B1_position_r2 bucket=large_d3-5_obs0 bucket_success=0.000 total_episodes= 2340 avg_len=189.2 return=-0.654
[Episode  3850] stage_8B1_position_r2 bucket=small_d0-2_obs0 bucket_success=0.130 total_episodes= 2350 avg_len=191.8 return=-0.898
[Episode  3860] stage_8B1_position_r2 bucket=small_d3-5_obs0 bucket_success=0.060 total_episodes= 2360 avg_len=191.8 return=-0.894
[Episode  3870] stage_8B1_position_r2 bucket=small_d0-2_obs0 bucket_success=0.130 total_episodes= 2370 avg_len=191.8 return=-0.872
[Episode  3880] stage_8B1_position_r2 bucket=small_d3-5_obs0 bucket_success=0.050 total_episodes= 2380 avg_len=192.7 return=-0.991
[Episode  3890] stage_8B1_position_r2 bucket=small_d0-2_obs0 bucket_success=0.130 total_episodes= 2390 avg_len=192.3 return=-0.887
[Episode  3900] stage_8B1_position_r2 bucket=large_d3-5_obs0 bucket_success=0.000 total_episodes= 2400 avg_len=192.3 return=-0.891
[Episode  3910] stage_8B1_position_r2 bucket=small_d0-2_obs0 bucket_success=0.130 total_episodes= 2410 avg_len=192.3 return=-0.881
[Episode  3920] stage_8B1_position_r2 bucket=large_d3-5_obs0 bucket_success=0.000 total_episodes= 2420 avg_len=193.6 return=-1.022
[Episode  3930] stage_8B1_position_r2 bucket=large_d0-2_obs0 bucket_success=0.000 total_episodes= 2430 avg_len=196.3 return=-1.279
[Episode  3940] stage_8B1_position_r2 bucket=small_d0-2_obs0 bucket_success=0.120 total_episodes= 2440 avg_len=198.1 return=-1.535
[Episode  3950] stage_8B1_position_r2 bucket=large_d0-2_obs0 bucket_success=0.000 total_episodes= 2450 avg_len=199.5 return=-1.689
[Episode  3960] stage_8B1_position_r2 bucket=small_d3-5_obs0 bucket_success=0.050 total_episodes= 2460 avg_len=199.5 return=-1.709
[Episode  3970] stage_8B1_position_r2 bucket=small_d3-5_obs0 bucket_success=0.050 total_episodes= 2470 avg_len=199.5 return=-1.715
[Episode  3980] stage_8B1_position_r2 bucket=small_d0-2_obs0 bucket_success=0.120 total_episodes= 2480 avg_len=199.5 return=-1.717
[Episode  3990] stage_8B1_position_r2 bucket=small_d3-5_obs0 bucket_success=0.050 total_episodes= 2490 avg_len=200.0 return=-1.822
[Episode  4000] stage_8B1_position_r2 bucket=large_d3-5_obs0 bucket_success=0.000 total_episodes= 2500 avg_len=200.0 return=-1.836
[Episode  4010] stage_8B1_position_r2 bucket=large_d0-2_obs0 bucket_success=0.000 total_episodes= 2510 avg_len=199.7 return=-1.731
[Episode  4020] stage_8B1_position_r2 bucket=large_d0-2_obs0 bucket_success=0.000 total_episodes= 2520 avg_len=199.7 return=-1.727
[Episode  4030] stage_8B1_position_r2 bucket=small_d3-5_obs0 bucket_success=0.050 total_episodes= 2530 avg_len=199.7 return=-1.703
[Episode  4040] stage_8B1_position_r2 bucket=large_d0-2_obs0 bucket_success=0.000 total_episodes= 2540 avg_len=199.7 return=-1.675
[Episode  4050] stage_8B1_position_r2 bucket=small_d3-5_obs0 bucket_success=0.040 total_episodes= 2550 avg_len=199.7 return=-1.641
[Episode  4060] stage_8B1_position_r2 bucket=small_d0-2_obs0 bucket_success=0.120 total_episodes= 2560 avg_len=199.7 return=-1.611
[Episode  4070] stage_8B1_position_r2 bucket=small_d3-5_obs0 bucket_success=0.050 total_episodes= 2570 avg_len=197.9 return=-1.429
[Episode  4080] stage_8B1_position_r2 bucket=small_d0-2_obs0 bucket_success=0.090 total_episodes= 2580 avg_len=197.9 return=-1.371
[Episode  4090] stage_8B1_position_r2 bucket=large_d3-5_obs0 bucket_success=0.000 total_episodes= 2590 avg_len=197.9 return=-1.393
[Episode  4100] stage_8B1_position_r2 bucket=small_d3-5_obs0 bucket_success=0.060 total_episodes= 2600 avg_len=197.4 return=-1.274
[Episode  4110] stage_8B1_position_r2 bucket=small_d0-2_obs0 bucket_success=0.080 total_episodes= 2610 avg_len=195.8 return=-1.146
[Episode  4120] stage_8B1_position_r2 bucket=small_d0-2_obs0 bucket_success=0.080 total_episodes= 2620 avg_len=195.8 return=-1.138
[Episode  4130] stage_8B1_position_r2 bucket=small_d0-2_obs0 bucket_success=0.080 total_episodes= 2630 avg_len=195.8 return=-1.164
[Episode  4140] stage_8B1_position_r2 bucket=large_d0-2_obs0 bucket_success=0.000 total_episodes= 2640 avg_len=195.2 return=-1.018
[Episode  4150] stage_8B1_position_r2 bucket=small_d0-2_obs0 bucket_success=0.080 total_episodes= 2650 avg_len=193.7 return=-0.913
[Episode  4160] stage_8B1_position_r2 bucket=small_d0-2_obs0 bucket_success=0.080 total_episodes= 2660 avg_len=192.7 return=-0.791
[Episode  4170] stage_8B1_position_r2 bucket=small_d3-5_obs0 bucket_success=0.070 total_episodes= 2670 avg_len=194.4 return=-0.982
[Episode  4180] stage_8B1_position_r2 bucket=large_d0-2_obs0 bucket_success=0.000 total_episodes= 2680 avg_len=194.4 return=-1.058
[Episode  4190] stage_8B1_position_r2 bucket=small_d3-5_obs0 bucket_success=0.050 total_episodes= 2690 avg_len=194.4 return=-1.068
[Episode  4200] stage_8B1_position_r2 bucket=small_d0-2_obs0 bucket_success=0.070 total_episodes= 2700 avg_len=191.8 return=-0.921
[Episode  4210] stage_8B1_position_r2 bucket=small_d0-2_obs0 bucket_success=0.050 total_episodes= 2710 avg_len=193.8 return=-1.154
[Episode  4220] stage_8B1_position_r2 bucket=large_d0-2_obs0 bucket_success=0.000 total_episodes= 2720 avg_len=193.8 return=-1.146
[Episode  4230] stage_8B1_position_r2 bucket=large_d3-5_obs0 bucket_success=0.000 total_episodes= 2730 avg_len=193.8 return=-1.126
[Episode  4240] stage_8B1_position_r2 bucket=large_d3-5_obs0 bucket_success=0.000 total_episodes= 2740 avg_len=194.3 return=-1.289
[Episode  4250] stage_8B1_position_r2 bucket=small_d0-2_obs0 bucket_success=0.040 total_episodes= 2750 avg_len=195.9 return=-1.413
[Episode  4260] stage_8B1_position_r2 bucket=large_d0-2_obs0 bucket_success=0.000 total_episodes= 2760 avg_len=196.8 return=-1.557
[Episode  4270] stage_8B1_position_r2 bucket=small_d3-5_obs0 bucket_success=0.060 total_episodes= 2770 avg_len=196.8 return=-1.533
[Episode  4280] stage_8B1_position_r2 bucket=large_d3-5_obs0 bucket_success=0.000 total_episodes= 2780 avg_len=196.8 return=-1.501
[Episode  4290] stage_8B1_position_r2 bucket=small_d0-2_obs0 bucket_success=0.040 total_episodes= 2790 avg_len=196.8 return=-1.505
[Episode  4300] stage_8B1_position_r2 bucket=small_d3-5_obs0 bucket_success=0.060 total_episodes= 2800 avg_len=200.0 return=-1.770
[Episode  4310] stage_8B1_position_r2 bucket=small_d0-2_obs0 bucket_success=0.050 total_episodes= 2810 avg_len=198.6 return=-1.660
[Episode  4320] stage_8B1_position_r2 bucket=large_d3-5_obs0 bucket_success=0.000 total_episodes= 2820 avg_len=198.6 return=-1.672
[Episode  4330] stage_8B1_position_r2 bucket=small_d3-5_obs0 bucket_success=0.060 total_episodes= 2830 avg_len=198.5 return=-1.577
[Episode  4340] stage_8B1_position_r2 bucket=small_d0-2_obs0 bucket_success=0.060 total_episodes= 2840 avg_len=198.5 return=-1.559
[Episode  4350] stage_8B1_position_r2 bucket=large_d3-5_obs0 bucket_success=0.000 total_episodes= 2850 avg_len=197.2 return=-1.442
[Episode  4360] stage_8B1_position_r2 bucket=small_d0-2_obs0 bucket_success=0.060 total_episodes= 2860 avg_len=197.2 return=-1.430
[Episode  4370] stage_8B1_position_r2 bucket=large_d0-2_obs0 bucket_success=0.000 total_episodes= 2870 avg_len=197.2 return=-1.454
[Episode  4380] stage_8B1_position_r2 bucket=large_d0-2_obs0 bucket_success=0.000 total_episodes= 2880 avg_len=197.2 return=-1.486
[Episode  4390] stage_8B1_position_r2 bucket=large_d0-2_obs0 bucket_success=0.000 total_episodes= 2890 avg_len=197.2 return=-1.464
[Episode  4400] stage_8B1_position_r2 bucket=large_d0-2_obs0 bucket_success=0.000 total_episodes= 2900 avg_len=196.4 return=-1.346
[Episode  4410] stage_8B1_position_r2 bucket=large_d3-5_obs0 bucket_success=0.000 total_episodes= 2910 avg_len=197.8 return=-1.480
[Episode  4420] stage_8B1_position_r2 bucket=small_d0-2_obs0 bucket_success=0.070 total_episodes= 2920 avg_len=196.2 return=-1.344
[Episode  4430] stage_8B1_position_r2 bucket=small_d0-2_obs0 bucket_success=0.070 total_episodes= 2930 avg_len=195.0 return=-1.338
[Episode  4440] stage_8B1_position_r2 bucket=large_d0-2_obs0 bucket_success=0.000 total_episodes= 2940 avg_len=195.0 return=-1.380
[Episode  4450] stage_8B1_position_r2 bucket=small_d0-2_obs0 bucket_success=0.080 total_episodes= 2950 avg_len=193.5 return=-1.153
[Episode  4460] stage_8B1_position_r2 bucket=large_d0-2_obs0 bucket_success=0.000 total_episodes= 2960 avg_len=193.5 return=-1.157
[Episode  4470] stage_8B1_position_r2 bucket=large_d0-2_obs0 bucket_success=0.000 total_episodes= 2970 avg_len=191.8 return=-0.999
[Episode  4480] stage_8B1_position_r2 bucket=large_d3-5_obs0 bucket_success=0.000 total_episodes= 2980 avg_len=191.8 return=-0.969
[Episode  4490] stage_8B1_position_r2 bucket=large_d0-2_obs0 bucket_success=0.000 total_episodes= 2990 avg_len=191.8 return=-0.953
[Episode  4500] stage_8B1_position_r2 bucket=small_d3-5_obs0 bucket_success=0.060 total_episodes= 3000 avg_len=192.6 return=-1.050
[Episode  4510] stage_8B1_position_r2 bucket=large_d3-5_obs0 bucket_success=0.000 total_episodes= 3010 avg_len=192.6 return=-1.036
[Episode  4520] stage_8B1_position_r2 bucket=large_d0-2_obs0 bucket_success=0.000 total_episodes= 3020 avg_len=194.2 return=-1.164
[Episode  4530] stage_8B1_position_r2 bucket=small_d0-2_obs0 bucket_success=0.070 total_episodes= 3030 avg_len=195.5 return=-1.271
[Episode  4540] stage_8B1_position_r2 bucket=small_d0-2_obs0 bucket_success=0.070 total_episodes= 3040 avg_len=195.5 return=-1.247
[Episode  4550] stage_8B1_position_r2 bucket=large_d3-5_obs0 bucket_success=0.000 total_episodes= 3050 avg_len=198.4 return=-1.606
[Episode  4560] stage_8B1_position_r2 bucket=large_d0-2_obs0 bucket_success=0.000 total_episodes= 3060 avg_len=198.4 return=-1.604
[Episode  4570] stage_8B1_position_r2 bucket=large_d0-2_obs0 bucket_success=0.000 total_episodes= 3070 avg_len=200.0 return=-1.750
[Episode  4580] stage_8B1_position_r2 bucket=small_d0-2_obs0 bucket_success=0.070 total_episodes= 3080 avg_len=199.7 return=-1.649
[Episode  4590] stage_8B1_position_r2 bucket=small_d3-5_obs0 bucket_success=0.060 total_episodes= 3090 avg_len=199.7 return=-1.659
[Episode  4600] stage_8B1_position_r2 bucket=small_d3-5_obs0 bucket_success=0.050 total_episodes= 3100 avg_len=199.7 return=-1.669
[Episode  4610] stage_8B1_position_r2 bucket=small_d3-5_obs0 bucket_success=0.040 total_episodes= 3110 avg_len=198.6 return=-1.546
[Episode  4620] stage_8B1_position_r2 bucket=small_d0-2_obs0 bucket_success=0.080 total_episodes= 3120 avg_len=198.6 return=-1.540
[Episode  4630] stage_8B1_position_r2 bucket=large_d0-2_obs0 bucket_success=0.000 total_episodes= 3130 avg_len=196.3 return=-1.275
[Episode  4640] stage_8B1_position_r2 bucket=small_d0-2_obs0 bucket_success=0.090 total_episodes= 3140 avg_len=196.3 return=-1.283
[Episode  4650] stage_8B1_position_r2 bucket=large_d0-2_obs0 bucket_success=0.000 total_episodes= 3150 avg_len=196.3 return=-1.287
[Episode  4660] stage_8B1_position_r2 bucket=small_d3-5_obs0 bucket_success=0.050 total_episodes= 3160 avg_len=196.3 return=-1.303
[Episode  4670] stage_8B1_position_r2 bucket=small_d0-2_obs0 bucket_success=0.090 total_episodes= 3170 avg_len=196.3 return=-1.295
[Episode  4680] stage_8B1_position_r2 bucket=large_d0-2_obs0 bucket_success=0.000 total_episodes= 3180 avg_len=196.6 return=-1.414
[Episode  4690] stage_8B1_position_r2 bucket=small_d3-5_obs0 bucket_success=0.050 total_episodes= 3190 avg_len=196.6 return=-1.442
[Episode  4700] stage_8B1_position_r2 bucket=small_d3-5_obs0 bucket_success=0.060 total_episodes= 3200 avg_len=195.5 return=-1.339
[Episode  4710] stage_8B1_position_r2 bucket=large_d3-5_obs0 bucket_success=0.000 total_episodes= 3210 avg_len=196.5 return=-1.473
[Episode  4720] stage_8B1_position_r2 bucket=small_d0-2_obs0 bucket_success=0.070 total_episodes= 3220 avg_len=196.5 return=-1.471
[Episode  4730] stage_8B1_position_r2 bucket=small_d3-5_obs0 bucket_success=0.050 total_episodes= 3230 avg_len=198.8 return=-1.726
[Episode  4740] stage_8B1_position_r2 bucket=small_d3-5_obs0 bucket_success=0.050 total_episodes= 3240 avg_len=198.8 return=-1.708
[Episode  4750] stage_8B1_position_r2 bucket=small_d0-2_obs0 bucket_success=0.080 total_episodes= 3250 avg_len=197.8 return=-1.468
[Episode  4760] stage_8B1_position_r2 bucket=large_d0-2_obs0 bucket_success=0.000 total_episodes= 3260 avg_len=197.8 return=-1.448
[Episode  4770] stage_8B1_position_r2 bucket=large_d3-5_obs0 bucket_success=0.000 total_episodes= 3270 avg_len=197.8 return=-1.442
[Episode  4780] stage_8B1_position_r2 bucket=large_d0-2_obs0 bucket_success=0.000 total_episodes= 3280 avg_len=197.8 return=-1.424
[Episode  4790] stage_8B1_position_r2 bucket=small_d0-2_obs0 bucket_success=0.060 total_episodes= 3290 avg_len=197.8 return=-1.404
[Episode  4800] stage_8B1_position_r2 bucket=small_d3-5_obs0 bucket_success=0.050 total_episodes= 3300 avg_len=199.0 return=-1.518
[Episode  4810] stage_8B1_position_r2 bucket=small_d3-5_obs0 bucket_success=0.050 total_episodes= 3310 avg_len=199.0 return=-1.472
[Episode  4820] stage_8B1_position_r2 bucket=large_d0-2_obs0 bucket_success=0.000 total_episodes= 3320 avg_len=199.0 return=-1.442
[Episode  4830] stage_8B1_position_r2 bucket=small_d0-2_obs0 bucket_success=0.040 total_episodes= 3330 avg_len=199.0 return=-1.458
[Episode  4840] stage_8B1_position_r2 bucket=small_d3-5_obs0 bucket_success=0.030 total_episodes= 3340 avg_len=197.9 return=-1.345
[Episode  4850] stage_8B1_position_r2 bucket=small_d0-2_obs0 bucket_success=0.050 total_episodes= 3350 avg_len=197.6 return=-1.448
[Episode  4860] stage_8B1_position_r2 bucket=small_d3-5_obs0 bucket_success=0.050 total_episodes= 3360 avg_len=194.9 return=-1.201
[Episode  4870] stage_8B1_position_r2 bucket=small_d3-5_obs0 bucket_success=0.050 total_episodes= 3370 avg_len=194.9 return=-1.215
[Episode  4880] stage_8B1_position_r2 bucket=large_d0-2_obs0 bucket_success=0.000 total_episodes= 3380 avg_len=194.9 return=-1.201
[Episode  4890] stage_8B1_position_r2 bucket=small_d3-5_obs0 bucket_success=0.050 total_episodes= 3390 avg_len=193.4 return=-1.076
[Episode  4900] stage_8B1_position_r2 bucket=small_d3-5_obs0 bucket_success=0.050 total_episodes= 3400 avg_len=193.4 return=-1.070
[Episode  4910] stage_8B1_position_r2 bucket=large_d3-5_obs0 bucket_success=0.000 total_episodes= 3410 avg_len=193.4 return=-1.106
[Episode  4920] stage_8B1_position_r2 bucket=large_d0-2_obs0 bucket_success=0.000 total_episodes= 3420 avg_len=193.4 return=-1.142
[Episode  4930] stage_8B1_position_r2 bucket=large_d0-2_obs0 bucket_success=0.000 total_episodes= 3430 avg_len=193.4 return=-1.140
[Episode  4940] stage_8B1_position_r2 bucket=small_d0-2_obs0 bucket_success=0.070 total_episodes= 3440 avg_len=193.0 return=-1.136
[Episode  4950] stage_8B1_position_r2 bucket=large_d3-5_obs0 bucket_success=0.000 total_episodes= 3450 avg_len=194.3 return=-1.266
[Episode  4960] stage_8B1_position_r2 bucket=small_d3-5_obs0 bucket_success=0.050 total_episodes= 3460 avg_len=197.0 return=-1.520
[Episode  4970] stage_8B1_position_r2 bucket=large_d0-2_obs0 bucket_success=0.000 total_episodes= 3470 avg_len=196.1 return=-1.407
[Episode  4980] stage_8B1_position_r2 bucket=small_d3-5_obs0 bucket_success=0.060 total_episodes= 3480 avg_len=194.3 return=-1.317
[Episode  4990] stage_8B1_position_r2 bucket=large_d3-5_obs0 bucket_success=0.000 total_episodes= 3490 avg_len=195.7 return=-1.435
[Episode  5000] stage_8B1_position_r2 bucket=large_d3-5_obs0 bucket_success=0.000 total_episodes= 3500 avg_len=195.7 return=-1.435
[Episode  5010] stage_8B1_position_r2 bucket=large_d0-2_obs0 bucket_success=0.000 total_episodes= 3510 avg_len=195.7 return=-1.325
[Episode  5020] stage_8B1_position_r2 bucket=large_d3-5_obs0 bucket_success=0.000 total_episodes= 3520 avg_len=195.7 return=-1.329
[Episode  5030] stage_8B1_position_r2 bucket=small_d0-2_obs0 bucket_success=0.070 total_episodes= 3530 avg_len=193.4 return=-1.096
[Episode  5040] stage_8B1_position_r2 bucket=large_d0-2_obs0 bucket_success=0.000 total_episodes= 3540 avg_len=195.0 return=-1.212
[Episode  5050] stage_8B1_position_r2 bucket=large_d0-2_obs0 bucket_success=0.000 total_episodes= 3550 avg_len=195.0 return=-1.198
[Episode  5060] stage_8B1_position_r2 bucket=large_d0-2_obs0 bucket_success=0.000 total_episodes= 3560 avg_len=195.0 return=-1.194
[Episode  5070] stage_8B1_position_r2 bucket=small_d0-2_obs0 bucket_success=0.070 total_episodes= 3570 avg_len=195.9 return=-1.313
