Device: cpu
Observation dim: 129
Loading Stage 7 checkpoint: checkpoints/stage_7_mastered.pt
[Episode    10] stage_8A_size        bucket=large_obs0     bucket_success=1.000 total_episodes=   10 avg_len=65.0 return=9.690
[Episode    20] stage_8A_size        bucket=large_obs0     bucket_success=1.000 total_episodes=   20 avg_len=56.8 return=10.302
[Episode    30] stage_8A_size        bucket=small_obs0     bucket_success=0.933 total_episodes=   30 avg_len=53.4 return=10.513
[Episode    40] stage_8A_size        bucket=large_obs0     bucket_success=1.000 total_episodes=   40 avg_len=54.2 return=10.338
[Episode    50] stage_8A_size        bucket=small_obs0     bucket_success=0.917 total_episodes=   50 avg_len=52.1 return=10.463
[Episode    60] stage_8A_size        bucket=small_obs0     bucket_success=0.926 total_episodes=   60 avg_len=50.2 return=10.551
[Episode    70] stage_8A_size        bucket=large_obs0     bucket_success=1.000 total_episodes=   70 avg_len=47.9 return=10.624
[Episode    80] stage_8A_size        bucket=large_obs0     bucket_success=1.000 total_episodes=   80 avg_len=46.0 return=10.680
[Episode    90] stage_8A_size        bucket=small_obs0     bucket_success=0.956 total_episodes=   90 avg_len=44.6 return=10.723
[Episode   100] stage_8A_size        bucket=small_obs0     bucket_success=0.960 total_episodes=  100 avg_len=44.1 return=10.751
[Episode   110] stage_8A_size        bucket=large_obs0     bucket_success=0.981 total_episodes=  110 avg_len=44.4 return=10.642
[Episode   120] stage_8A_size        bucket=large_obs0     bucket_success=0.982 total_episodes=  120 avg_len=42.3 return=10.663
[Episode   130] stage_8A_size        bucket=large_obs0     bucket_success=0.983 total_episodes=  130 avg_len=40.2 return=10.684
[Episode   140] stage_8A_size        bucket=large_obs0     bucket_success=0.985 total_episodes=  140 avg_len=38.7 return=10.801
[Episode   150] stage_8A_size        bucket=large_obs0     bucket_success=0.986 total_episodes=  150 avg_len=38.9 return=10.799
[Episode   160] stage_8A_size        bucket=large_obs0     bucket_success=0.987 total_episodes=  160 avg_len=38.3 return=10.805
[Episode   170] stage_8A_size        bucket=large_obs0     bucket_success=0.988 total_episodes=  170 avg_len=38.5 return=10.803
[Episode   180] stage_8A_size        bucket=small_obs0     bucket_success=0.967 total_episodes=  180 avg_len=40.7 return=10.679
[Episode   190] stage_8A_size        bucket=small_obs0     bucket_success=0.969 total_episodes=  190 avg_len=41.5 return=10.671
[Episode   200] stage_8A_size        bucket=small_obs0     bucket_success=0.970 total_episodes=  200 avg_len=41.5 return=10.671
[Episode   210] stage_8A_size        bucket=large_obs0     bucket_success=0.980 total_episodes=  210 avg_len=38.8 return=10.911
[Episode   220] stage_8A_size        bucket=small_obs0     bucket_success=0.980 total_episodes=  220 avg_len=40.8 return=10.890
[Episode   230] stage_8A_size        bucket=large_obs0     bucket_success=0.980 total_episodes=  230 avg_len=41.1 return=10.887
[Episode   240] stage_8A_size        bucket=small_obs0     bucket_success=0.980 total_episodes=  240 avg_len=40.1 return=10.897
[Episode   250] stage_8A_size        bucket=small_obs0     bucket_success=0.990 total_episodes=  250 avg_len=38.4 return=10.914
[Episode   260] stage_8A_size        bucket=large_obs0     bucket_success=0.980 total_episodes=  260 avg_len=37.6 return=10.922
[Episode   270] stage_8A_size        bucket=large_obs0     bucket_success=0.970 total_episodes=  270 avg_len=38.8 return=10.808
[Episode   280] stage_8A_size        bucket=large_obs0     bucket_success=0.960 total_episodes=  280 avg_len=38.0 return=10.816
[Episode   290] stage_8A_size        bucket=small_obs0     bucket_success=0.990 total_episodes=  290 avg_len=36.8 return=10.828
[Episode   300] stage_8A_size        bucket=small_obs0     bucket_success=0.990 total_episodes=  300 avg_len=35.5 return=10.841
[Episode   310] stage_8A_size        bucket=small_obs0     bucket_success=0.990 total_episodes=  310 avg_len=34.2 return=10.854
[Episode   320] stage_8A_size        bucket=large_obs0     bucket_success=0.970 total_episodes=  320 avg_len=32.5 return=10.871
[Episode   330] stage_8A_size        bucket=large_obs0     bucket_success=0.970 total_episodes=  330 avg_len=32.6 return=10.870
[Episode   340] stage_8A_size        bucket=large_obs0     bucket_success=0.970 total_episodes=  340 avg_len=32.4 return=10.872
[Episode   350] stage_8A_size        bucket=small_obs0     bucket_success=1.000 total_episodes=  350 avg_len=32.5 return=10.871
[Episode   360] stage_8A_size        bucket=large_obs0     bucket_success=0.980 total_episodes=  360 avg_len=32.6 return=10.870
[Episode   370] stage_8A_size        bucket=large_obs0     bucket_success=0.980 total_episodes=  370 avg_len=30.8 return=10.990
[Episode   380] stage_8A_size        bucket=small_obs0     bucket_success=1.000 total_episodes=  380 avg_len=28.6 return=11.114
[Episode   390] stage_8A_size        bucket=large_obs0     bucket_success=0.980 total_episodes=  390 avg_len=27.8 return=11.122
[Episode   400] stage_8A_size        bucket=large_obs0     bucket_success=0.980 total_episodes=  400 avg_len=27.9 return=11.121
[Episode   410] stage_8A_size        bucket=small_obs0     bucket_success=1.000 total_episodes=  410 avg_len=27.7 return=11.123
[Episode   420] stage_8A_size        bucket=small_obs0     bucket_success=1.000 total_episodes=  420 avg_len=27.7 return=11.123
[Episode   430] stage_8A_size        bucket=small_obs0     bucket_success=1.000 total_episodes=  430 avg_len=27.4 return=11.126
[Episode   440] stage_8A_size        bucket=small_obs0     bucket_success=1.000 total_episodes=  440 avg_len=27.0 return=11.130
[Episode   450] stage_8A_size        bucket=small_obs0     bucket_success=1.000 total_episodes=  450 avg_len=27.2 return=11.128
[Episode   460] stage_8A_size        bucket=large_obs0     bucket_success=0.990 total_episodes=  460 avg_len=26.9 return=11.131
[Episode   470] stage_8A_size        bucket=small_obs0     bucket_success=1.000 total_episodes=  470 avg_len=26.4 return=11.136
[Episode   480] stage_8A_size        bucket=large_obs0     bucket_success=1.000 total_episodes=  480 avg_len=26.8 return=11.133
[Episode   490] stage_8A_size        bucket=small_obs0     bucket_success=1.000 total_episodes=  490 avg_len=28.5 return=11.115
[Episode   500] stage_8A_size        bucket=small_obs0     bucket_success=1.000 total_episodes=  500 avg_len=28.2 return=11.117
[Episode   510] stage_8A_size        bucket=large_obs0     bucket_success=1.000 total_episodes=  510 avg_len=29.0 return=11.110
[Episode   520] stage_8A_size        bucket=small_obs0     bucket_success=1.000 total_episodes=  520 avg_len=29.1 return=11.110
[Episode   530] stage_8A_size        bucket=small_obs0     bucket_success=1.000 total_episodes=  530 avg_len=29.3 return=11.107
[Episode   540] stage_8A_size        bucket=small_obs0     bucket_success=1.000 total_episodes=  540 avg_len=30.3 return=11.097
[Episode   550] stage_8A_size        bucket=large_obs0     bucket_success=0.990 total_episodes=  550 avg_len=31.9 return=10.977
[Episode   560] stage_8A_size        bucket=large_obs0     bucket_success=0.990 total_episodes=  560 avg_len=32.7 return=10.969
[Episode   570] stage_8A_size        bucket=small_obs0     bucket_success=1.000 total_episodes=  570 avg_len=33.1 return=10.965
[Episode   580] stage_8A_size        bucket=small_obs0     bucket_success=1.000 total_episodes=  580 avg_len=35.3 return=10.837
[Episode   590] stage_8A_size        bucket=large_obs0     bucket_success=0.980 total_episodes=  590 avg_len=35.5 return=10.835
[Episode   600] stage_8A_size        bucket=small_obs0     bucket_success=1.000 total_episodes=  600 avg_len=38.9 return=10.593
[Episode   610] stage_8A_size        bucket=large_obs0     bucket_success=0.960 total_episodes=  610 avg_len=40.8 return=10.574
[Episode   620] stage_8A_size        bucket=small_obs0     bucket_success=1.000 total_episodes=  620 avg_len=41.8 return=10.458
[Episode   630] stage_8A_size        bucket=small_obs0     bucket_success=1.000 total_episodes=  630 avg_len=44.4 return=10.330
[Episode   640] stage_8A_size        bucket=large_obs0     bucket_success=0.940 total_episodes=  640 avg_len=43.1 return=10.343
[Episode   650] stage_8A_size        bucket=large_obs0     bucket_success=0.940 total_episodes=  650 avg_len=41.8 return=10.460
[Episode   660] stage_8A_size        bucket=large_obs0     bucket_success=0.940 total_episodes=  660 avg_len=43.4 return=10.444
[Episode   670] stage_8A_size        bucket=small_obs0     bucket_success=1.000 total_episodes=  670 avg_len=44.9 return=10.327
[Episode   680] stage_8A_size        bucket=large_obs0     bucket_success=0.920 total_episodes=  680 avg_len=44.5 return=10.335
[Episode   690] stage_8A_size        bucket=large_obs0     bucket_success=0.910 total_episodes=  690 avg_len=45.3 return=10.225
[Episode   700] stage_8A_size        bucket=small_obs0     bucket_success=1.000 total_episodes=  700 avg_len=42.5 return=10.461
[Episode   710] stage_8A_size        bucket=large_obs0     bucket_success=0.900 total_episodes=  710 avg_len=41.8 return=10.366
[Episode   720] stage_8A_size        bucket=small_obs0     bucket_success=1.000 total_episodes=  720 avg_len=40.4 return=10.486
[Episode   730] stage_8A_size        bucket=large_obs0     bucket_success=0.910 total_episodes=  730 avg_len=37.5 return=10.617
[Episode   740] stage_8A_size        bucket=small_obs0     bucket_success=1.000 total_episodes=  740 avg_len=38.4 return=10.608
[Episode   750] stage_8A_size        bucket=small_obs0     bucket_success=1.000 total_episodes=  750 avg_len=37.8 return=10.614
[Episode   760] stage_8A_size        bucket=small_obs0     bucket_success=1.000 total_episodes=  760 avg_len=36.0 return=10.632
[Episode   770] stage_8A_size        bucket=large_obs0     bucket_success=0.920 total_episodes=  770 avg_len=33.9 return=10.755
[Episode   780] stage_8A_size        bucket=large_obs0     bucket_success=0.920 total_episodes=  780 avg_len=32.3 return=10.873
[Episode   790] stage_8A_size        bucket=small_obs0     bucket_success=1.000 total_episodes=  790 avg_len=31.1 return=10.879
[Episode   800] stage_8A_size        bucket=small_obs0     bucket_success=1.000 total_episodes=  800 avg_len=30.5 return=10.885
[Episode   810] stage_8A_size        bucket=small_obs0     bucket_success=1.000 total_episodes=  810 avg_len=29.0 return=11.002
[Episode   820] stage_8A_size        bucket=small_obs0     bucket_success=1.000 total_episodes=  820 avg_len=29.4 return=10.998
[Episode   830] stage_8A_size        bucket=small_obs0     bucket_success=1.000 total_episodes=  830 avg_len=30.2 return=10.990
[Episode   840] stage_8A_size        bucket=large_obs0     bucket_success=0.950 total_episodes=  840 avg_len=30.1 return=10.991
[Episode   850] stage_8A_size        bucket=large_obs0     bucket_success=0.950 total_episodes=  850 avg_len=29.7 return=10.995
[Episode   860] stage_8A_size        bucket=large_obs0     bucket_success=0.950 total_episodes=  860 avg_len=29.6 return=10.996
[Episode   870] stage_8A_size        bucket=large_obs0     bucket_success=0.960 total_episodes=  870 avg_len=29.9 return=10.993
[Episode   880] stage_8A_size        bucket=small_obs0     bucket_success=1.000 total_episodes=  880 avg_len=29.5 return=10.997
[Episode   890] stage_8A_size        bucket=small_obs0     bucket_success=1.000 total_episodes=  890 avg_len=28.5 return=11.115
[Episode   900] stage_8A_size        bucket=large_obs0     bucket_success=0.980 total_episodes=  900 avg_len=28.7 return=11.113
[Episode   910] stage_8A_size        bucket=small_obs0     bucket_success=1.000 total_episodes=  910 avg_len=28.4 return=11.116
[Episode   920] stage_8A_size        bucket=large_obs0     bucket_success=0.990 total_episodes=  920 avg_len=28.0 return=11.120
[Episode   930] stage_8A_size        bucket=large_obs0     bucket_success=0.990 total_episodes=  930 avg_len=27.3 return=11.127
[Episode   940] stage_8A_size        bucket=large_obs0     bucket_success=0.990 total_episodes=  940 avg_len=27.6 return=11.124
[Episode   950] stage_8A_size        bucket=small_obs0     bucket_success=1.000 total_episodes=  950 avg_len=27.6 return=11.124
[Episode   960] stage_8A_size        bucket=small_obs0     bucket_success=1.000 total_episodes=  960 avg_len=27.4 return=11.126
[Episode   970] stage_8A_size        bucket=large_obs0     bucket_success=0.980 total_episodes=  970 avg_len=29.0 return=11.008
[Episode   980] stage_8A_size        bucket=small_obs0     bucket_success=1.000 total_episodes=  980 avg_len=29.8 return=11.000
[Episode   990] stage_8A_size        bucket=large_obs0     bucket_success=0.970 total_episodes=  990 avg_len=31.5 return=10.877
[Episode  1000] stage_8A_size        bucket=large_obs0     bucket_success=0.980 total_episodes= 1000 avg_len=32.3 return=10.869
[Episode  1010] stage_8A_size        bucket=large_obs0     bucket_success=0.980 total_episodes= 1010 avg_len=32.9 return=10.863
[Episode  1020] stage_8A_size        bucket=large_obs0     bucket_success=0.980 total_episodes= 1020 avg_len=32.8 return=10.864
[Episode  1030] stage_8A_size        bucket=small_obs0     bucket_success=1.000 total_episodes= 1030 avg_len=32.7 return=10.865
[Episode  1040] stage_8A_size        bucket=large_obs0     bucket_success=0.980 total_episodes= 1040 avg_len=32.4 return=10.869
[Episode  1050] stage_8A_size        bucket=large_obs0     bucket_success=0.980 total_episodes= 1050 avg_len=32.1 return=10.871
[Episode  1060] stage_8A_size        bucket=small_obs0     bucket_success=1.000 total_episodes= 1060 avg_len=31.9 return=10.873
[Episode  1070] stage_8A_size        bucket=small_obs0     bucket_success=1.000 total_episodes= 1070 avg_len=29.8 return=10.996
[Episode  1080] stage_8A_size        bucket=large_obs0     bucket_success=0.980 total_episodes= 1080 avg_len=29.4 return=11.000
[Episode  1090] stage_8A_size        bucket=large_obs0     bucket_success=0.980 total_episodes= 1090 avg_len=28.5 return=11.115
[Episode  1100] stage_8A_size        bucket=small_obs0     bucket_success=1.000 total_episodes= 1100 avg_len=27.5 return=11.125
[Episode  1110] stage_8A_size        bucket=large_obs0     bucket_success=0.970 total_episodes= 1110 avg_len=29.2 return=11.000
[Episode  1120] stage_8A_size        bucket=large_obs0     bucket_success=0.970 total_episodes= 1120 avg_len=29.0 return=11.002
[Episode  1130] stage_8A_size        bucket=small_obs0     bucket_success=1.000 total_episodes= 1130 avg_len=28.8 return=11.004
[Episode  1140] stage_8A_size        bucket=small_obs0     bucket_success=1.000 total_episodes= 1140 avg_len=28.4 return=11.008
[Episode  1150] stage_8A_size        bucket=large_obs0     bucket_success=0.970 total_episodes= 1150 avg_len=28.7 return=11.005
[Episode  1160] stage_8A_size        bucket=small_obs0     bucket_success=1.000 total_episodes= 1160 avg_len=29.3 return=10.999
[Episode  1170] stage_8A_size        bucket=large_obs0     bucket_success=0.980 total_episodes= 1170 avg_len=29.6 return=10.996
[Episode  1180] stage_8A_size        bucket=large_obs0     bucket_success=0.990 total_episodes= 1180 avg_len=30.8 return=10.984
[Episode  1190] stage_8A_size        bucket=small_obs0     bucket_success=1.000 total_episodes= 1190 avg_len=31.2 return=10.979
[Episode  1200] stage_8A_size        bucket=small_obs0     bucket_success=1.000 total_episodes= 1200 avg_len=32.8 return=10.964
[Episode  1210] stage_8A_size        bucket=large_obs0     bucket_success=0.990 total_episodes= 1210 avg_len=30.7 return=11.093
[Episode  1220] stage_8A_size        bucket=large_obs0     bucket_success=0.990 total_episodes= 1220 avg_len=31.0 return=11.090
[Episode  1230] stage_8A_size        bucket=large_obs0     bucket_success=0.990 total_episodes= 1230 avg_len=31.2 return=11.088
[Episode  1240] stage_8A_size        bucket=large_obs0     bucket_success=0.990 total_episodes= 1240 avg_len=31.5 return=11.085
[Episode  1250] stage_8A_size        bucket=large_obs0     bucket_success=0.990 total_episodes= 1250 avg_len=31.3 return=11.087
[Episode  1260] stage_8A_size        bucket=small_obs0     bucket_success=1.000 total_episodes= 1260 avg_len=30.7 return=11.093
[Episode  1270] stage_8A_size        bucket=small_obs0     bucket_success=1.000 total_episodes= 1270 avg_len=31.0 return=11.090
[Episode  1280] stage_8A_size        bucket=large_obs0     bucket_success=0.990 total_episodes= 1280 avg_len=29.3 return=11.107
[Episode  1290] stage_8A_size        bucket=large_obs0     bucket_success=0.990 total_episodes= 1290 avg_len=28.0 return=11.120
[Episode  1300] stage_8A_size        bucket=large_obs0     bucket_success=0.990 total_episodes= 1300 avg_len=26.2 return=11.138
[Episode  1310] stage_8A_size        bucket=large_obs0     bucket_success=1.000 total_episodes= 1310 avg_len=26.4 return=11.136
[Episode  1320] stage_8A_size        bucket=large_obs0     bucket_success=1.000 total_episodes= 1320 avg_len=26.2 return=11.138
[Episode  1330] stage_8A_size        bucket=large_obs0     bucket_success=1.000 total_episodes= 1330 avg_len=26.4 return=11.136
[Episode  1340] stage_8A_size        bucket=large_obs0     bucket_success=1.000 total_episodes= 1340 avg_len=26.2 return=11.138
[Episode  1350] stage_8A_size        bucket=large_obs0     bucket_success=1.000 total_episodes= 1350 avg_len=26.5 return=11.135
[Episode  1360] stage_8A_size        bucket=large_obs0     bucket_success=1.000 total_episodes= 1360 avg_len=27.2 return=11.128
[Episode  1370] stage_8A_size        bucket=small_obs0     bucket_success=1.000 total_episodes= 1370 avg_len=27.2 return=11.128
[Episode  1380] stage_8A_size        bucket=small_obs0     bucket_success=1.000 total_episodes= 1380 avg_len=27.1 return=11.129
[Episode  1390] stage_8A_size        bucket=large_obs0     bucket_success=1.000 total_episodes= 1390 avg_len=27.7 return=11.123
[Episode  1400] stage_8A_size        bucket=small_obs0     bucket_success=1.000 total_episodes= 1400 avg_len=27.8 return=11.122
[Episode  1410] stage_8A_size        bucket=large_obs0     bucket_success=1.000 total_episodes= 1410 avg_len=27.2 return=11.128
[Episode  1420] stage_8A_size        bucket=small_obs0     bucket_success=0.990 total_episodes= 1420 avg_len=28.6 return=11.006
[Episode  1430] stage_8A_size        bucket=small_obs0     bucket_success=0.990 total_episodes= 1430 avg_len=28.5 return=11.007
[Episode  1440] stage_8A_size        bucket=large_obs0     bucket_success=1.000 total_episodes= 1440 avg_len=28.7 return=11.005
[Episode  1450] stage_8A_size        bucket=large_obs0     bucket_success=1.000 total_episodes= 1450 avg_len=28.7 return=11.005
[Episode  1460] stage_8A_size        bucket=small_obs0     bucket_success=0.990 total_episodes= 1460 avg_len=28.4 return=11.008
[Episode  1470] stage_8A_size        bucket=small_obs0     bucket_success=0.990 total_episodes= 1470 avg_len=27.8 return=11.014
[Episode  1480] stage_8A_size        bucket=large_obs0     bucket_success=1.000 total_episodes= 1480 avg_len=27.5 return=11.017
[Episode  1490] stage_8A_size        bucket=large_obs0     bucket_success=1.000 total_episodes= 1490 avg_len=27.0 return=11.022
[Episode  1500] stage_8A_size        bucket=large_obs0     bucket_success=1.000 total_episodes= 1500 avg_len=26.6 return=11.026

======================================================================
stage_8A_size mastered!
  large_obs0       n= 100 success_rate=1.000
  small_obs0       n= 100 success_rate=0.990
======================================================================

Moving to stage_8B_position
[Episode  1510] stage_8B_position    bucket=large_obs0     bucket_success=0.000 total_episodes=   10 avg_len=200.0 return=-2.000
[Episode  1520] stage_8B_position    bucket=small_obs0     bucket_success=0.000 total_episodes=   20 avg_len=200.0 return=-1.800
[Episode  1530] stage_8B_position    bucket=small_obs0     bucket_success=0.000 total_episodes=   30 avg_len=198.9 return=-1.503
[Episode  1540] stage_8B_position    bucket=large_obs0     bucket_success=0.045 total_episodes=   40 avg_len=199.2 return=-1.647
[Episode  1550] stage_8B_position    bucket=small_obs0     bucket_success=0.000 total_episodes=   50 avg_len=199.4 return=-1.662
[Episode  1560] stage_8B_position    bucket=small_obs0     bucket_success=0.000 total_episodes=   60 avg_len=199.5 return=-1.721
[Episode  1570] stage_8B_position    bucket=large_obs0     bucket_success=0.028 total_episodes=   70 avg_len=199.5 return=-1.787
[Episode  1580] stage_8B_position    bucket=small_obs0     bucket_success=0.000 total_episodes=   80 avg_len=199.6 return=-1.816
[Episode  1590] stage_8B_position    bucket=large_obs0     bucket_success=0.022 total_episodes=   90 avg_len=199.6 return=-1.830
[Episode  1600] stage_8B_position    bucket=small_obs0     bucket_success=0.000 total_episodes=  100 avg_len=199.7 return=-1.851
[Episode  1610] stage_8B_position    bucket=large_obs0     bucket_success=0.018 total_episodes=  110 avg_len=199.7 return=-1.849
[Episode  1620] stage_8B_position    bucket=small_obs0     bucket_success=0.000 total_episodes=  120 avg_len=199.7 return=-1.899
[Episode  1630] stage_8B_position    bucket=small_obs0     bucket_success=0.000 total_episodes=  130 avg_len=200.0 return=-2.006
[Episode  1640] stage_8B_position    bucket=large_obs0     bucket_success=0.015 total_episodes=  140 avg_len=200.0 return=-1.998
[Episode  1650] stage_8B_position    bucket=small_obs0     bucket_success=0.000 total_episodes=  150 avg_len=200.0 return=-2.026
[Episode  1660] stage_8B_position    bucket=small_obs0     bucket_success=0.000 total_episodes=  160 avg_len=200.0 return=-2.022
[Episode  1670] stage_8B_position    bucket=small_obs0     bucket_success=0.000 total_episodes=  170 avg_len=200.0 return=-2.004
[Episode  1680] stage_8B_position    bucket=large_obs0     bucket_success=0.011 total_episodes=  180 avg_len=200.0 return=-2.000
[Episode  1690] stage_8B_position    bucket=small_obs0     bucket_success=0.000 total_episodes=  190 avg_len=200.0 return=-2.004
[Episode  1700] stage_8B_position    bucket=small_obs0     bucket_success=0.000 total_episodes=  200 avg_len=200.0 return=-2.000
[Episode  1710] stage_8B_position    bucket=large_obs0     bucket_success=0.010 total_episodes=  210 avg_len=200.0 return=-2.002
[Episode  1720] stage_8B_position    bucket=large_obs0     bucket_success=0.010 total_episodes=  220 avg_len=200.0 return=-1.994
[Episode  1730] stage_8B_position    bucket=small_obs0     bucket_success=0.000 total_episodes=  230 avg_len=200.0 return=-2.000
[Episode  1740] stage_8B_position    bucket=large_obs0     bucket_success=0.000 total_episodes=  240 avg_len=200.0 return=-1.998
[Episode  1750] stage_8B_position    bucket=large_obs0     bucket_success=0.000 total_episodes=  250 avg_len=200.0 return=-1.998
[Episode  1760] stage_8B_position    bucket=large_obs0     bucket_success=0.000 total_episodes=  260 avg_len=200.0 return=-2.000
[Episode  1770] stage_8B_position    bucket=small_obs0     bucket_success=0.000 total_episodes=  270 avg_len=200.0 return=-2.000
[Episode  1780] stage_8B_position    bucket=large_obs0     bucket_success=0.000 total_episodes=  280 avg_len=200.0 return=-2.002
[Episode  1790] stage_8B_position    bucket=small_obs0     bucket_success=0.000 total_episodes=  290 avg_len=200.0 return=-2.004
[Episode  1800] stage_8B_position    bucket=small_obs0     bucket_success=0.000 total_episodes=  300 avg_len=200.0 return=-2.004
[Episode  1810] stage_8B_position    bucket=small_obs0     bucket_success=0.000 total_episodes=  310 avg_len=200.0 return=-2.004
[Episode  1820] stage_8B_position    bucket=large_obs0     bucket_success=0.000 total_episodes=  320 avg_len=200.0 return=-2.002
[Episode  1830] stage_8B_position    bucket=large_obs0     bucket_success=0.000 total_episodes=  330 avg_len=200.0 return=-1.998
[Episode  1840] stage_8B_position    bucket=small_obs0     bucket_success=0.000 total_episodes=  340 avg_len=200.0 return=-1.998
[Episode  1850] stage_8B_position    bucket=small_obs0     bucket_success=0.000 total_episodes=  350 avg_len=200.0 return=-1.992
[Episode  1860] stage_8B_position    bucket=large_obs0     bucket_success=0.000 total_episodes=  360 avg_len=200.0 return=-1.992
[Episode  1870] stage_8B_position    bucket=large_obs0     bucket_success=0.000 total_episodes=  370 avg_len=200.0 return=-1.992
[Episode  1880] stage_8B_position    bucket=large_obs0     bucket_success=0.000 total_episodes=  380 avg_len=200.0 return=-1.992
[Episode  1890] stage_8B_position    bucket=large_obs0     bucket_success=0.000 total_episodes=  390 avg_len=200.0 return=-1.992
[Episode  1900] stage_8B_position    bucket=small_obs0     bucket_success=0.000 total_episodes=  400 avg_len=200.0 return=-1.992
[Episode  1910] stage_8B_position    bucket=small_obs0     bucket_success=0.000 total_episodes=  410 avg_len=200.0 return=-1.992
[Episode  1920] stage_8B_position    bucket=large_obs0     bucket_success=0.000 total_episodes=  420 avg_len=200.0 return=-1.992
[Episode  1930] stage_8B_position    bucket=small_obs0     bucket_success=0.000 total_episodes=  430 avg_len=200.0 return=-1.992
[Episode  1940] stage_8B_position    bucket=small_obs0     bucket_success=0.000 total_episodes=  440 avg_len=200.0 return=-1.994
[Episode  1950] stage_8B_position    bucket=small_obs0     bucket_success=0.000 total_episodes=  450 avg_len=200.0 return=-2.000
[Episode  1960] stage_8B_position    bucket=large_obs0     bucket_success=0.000 total_episodes=  460 avg_len=200.0 return=-2.000
[Episode  1970] stage_8B_position    bucket=small_obs0     bucket_success=0.000 total_episodes=  470 avg_len=200.0 return=-2.000
[Episode  1980] stage_8B_position    bucket=large_obs0     bucket_success=0.000 total_episodes=  480 avg_len=200.0 return=-2.000
[Episode  1990] stage_8B_position    bucket=large_obs0     bucket_success=0.000 total_episodes=  490 avg_len=200.0 return=-2.000
[Episode  2000] stage_8B_position    bucket=large_obs0     bucket_success=0.000 total_episodes=  500 avg_len=200.0 return=-2.000
[Episode  2010] stage_8B_position    bucket=small_obs0     bucket_success=0.000 total_episodes=  510 avg_len=200.0 return=-2.000
[Episode  2020] stage_8B_position    bucket=large_obs0     bucket_success=0.000 total_episodes=  520 avg_len=200.0 return=-1.998
[Episode  2030] stage_8B_position    bucket=large_obs0     bucket_success=0.000 total_episodes=  530 avg_len=200.0 return=-1.994
[Episode  2040] stage_8B_position    bucket=small_obs0     bucket_success=0.000 total_episodes=  540 avg_len=200.0 return=-1.994
[Episode  2050] stage_8B_position    bucket=large_obs0     bucket_success=0.000 total_episodes=  550 avg_len=200.0 return=-1.994
[Episode  2060] stage_8B_position    bucket=small_obs0     bucket_success=0.000 total_episodes=  560 avg_len=200.0 return=-1.994
[Episode  2070] stage_8B_position    bucket=large_obs0     bucket_success=0.000 total_episodes=  570 avg_len=200.0 return=-1.996
[Episode  2080] stage_8B_position    bucket=small_obs0     bucket_success=0.000 total_episodes=  580 avg_len=200.0 return=-1.994
[Episode  2090] stage_8B_position    bucket=small_obs0     bucket_success=0.000 total_episodes=  590 avg_len=200.0 return=-1.988
[Episode  2100] stage_8B_position    bucket=large_obs0     bucket_success=0.000 total_episodes=  600 avg_len=200.0 return=-1.988
[Episode  2110] stage_8B_position    bucket=large_obs0     bucket_success=0.000 total_episodes=  610 avg_len=200.0 return=-1.988
[Episode  2120] stage_8B_position    bucket=small_obs0     bucket_success=0.000 total_episodes=  620 avg_len=200.0 return=-1.990
[Episode  2130] stage_8B_position    bucket=large_obs0     bucket_success=0.000 total_episodes=  630 avg_len=200.0 return=-1.994
[Episode  2140] stage_8B_position    bucket=small_obs0     bucket_success=0.000 total_episodes=  640 avg_len=200.0 return=-1.994
[Episode  2150] stage_8B_position    bucket=small_obs0     bucket_success=0.000 total_episodes=  650 avg_len=200.0 return=-1.994
[Episode  2160] stage_8B_position    bucket=large_obs0     bucket_success=0.000 total_episodes=  660 avg_len=200.0 return=-1.994
[Episode  2170] stage_8B_position    bucket=large_obs0     bucket_success=0.000 total_episodes=  670 avg_len=200.0 return=-1.992
[Episode  2180] stage_8B_position    bucket=small_obs0     bucket_success=0.000 total_episodes=  680 avg_len=200.0 return=-1.994
[Episode  2190] stage_8B_position    bucket=large_obs0     bucket_success=0.000 total_episodes=  690 avg_len=200.0 return=-2.000
[Episode  2200] stage_8B_position    bucket=small_obs0     bucket_success=0.000 total_episodes=  700 avg_len=200.0 return=-2.000
[Episode  2210] stage_8B_position    bucket=small_obs0     bucket_success=0.000 total_episodes=  710 avg_len=200.0 return=-2.000
[Episode  2220] stage_8B_position    bucket=small_obs0     bucket_success=0.000 total_episodes=  720 avg_len=200.0 return=-2.002
[Episode  2230] stage_8B_position    bucket=large_obs0     bucket_success=0.000 total_episodes=  730 avg_len=200.0 return=-2.006
[Episode  2240] stage_8B_position    bucket=large_obs0     bucket_success=0.000 total_episodes=  740 avg_len=200.0 return=-2.004
[Episode  2250] stage_8B_position    bucket=small_obs0     bucket_success=0.000 total_episodes=  750 avg_len=200.0 return=-2.004
[Episode  2260] stage_8B_position    bucket=small_obs0     bucket_success=0.000 total_episodes=  760 avg_len=200.0 return=-2.004
[Episode  2270] stage_8B_position    bucket=large_obs0     bucket_success=0.000 total_episodes=  770 avg_len=200.0 return=-2.004
[Episode  2280] stage_8B_position    bucket=small_obs0     bucket_success=0.000 total_episodes=  780 avg_len=200.0 return=-2.004
[Episode  2290] stage_8B_position    bucket=large_obs0     bucket_success=0.000 total_episodes=  790 avg_len=200.0 return=-2.004
[Episode  2300] stage_8B_position    bucket=large_obs0     bucket_success=0.000 total_episodes=  800 avg_len=200.0 return=-2.004
[Episode  2310] stage_8B_position    bucket=large_obs0     bucket_success=0.000 total_episodes=  810 avg_len=200.0 return=-2.004
[Episode  2320] stage_8B_position    bucket=small_obs0     bucket_success=0.000 total_episodes=  820 avg_len=200.0 return=-2.002
[Episode  2330] stage_8B_position    bucket=large_obs0     bucket_success=0.000 total_episodes=  830 avg_len=200.0 return=-1.998
[Episode  2340] stage_8B_position    bucket=small_obs0     bucket_success=0.000 total_episodes=  840 avg_len=200.0 return=-2.000
[Episode  2350] stage_8B_position    bucket=small_obs0     bucket_success=0.000 total_episodes=  850 avg_len=200.0 return=-2.000
[Episode  2360] stage_8B_position    bucket=large_obs0     bucket_success=0.000 total_episodes=  860 avg_len=200.0 return=-2.000
[Episode  2370] stage_8B_position    bucket=small_obs0     bucket_success=0.000 total_episodes=  870 avg_len=200.0 return=-2.000
[Episode  2380] stage_8B_position    bucket=large_obs0     bucket_success=0.000 total_episodes=  880 avg_len=200.0 return=-2.000
[Episode  2390] stage_8B_position    bucket=large_obs0     bucket_success=0.000 total_episodes=  890 avg_len=200.0 return=-2.000
[Episode  2400] stage_8B_position    bucket=large_obs0     bucket_success=0.000 total_episodes=  900 avg_len=200.0 return=-2.004
[Episode  2410] stage_8B_position    bucket=small_obs0     bucket_success=0.000 total_episodes=  910 avg_len=200.0 return=-2.004
[Episode  2420] stage_8B_position    bucket=small_obs0     bucket_success=0.000 total_episodes=  920 avg_len=200.0 return=-2.004
[Episode  2430] stage_8B_position    bucket=large_obs0     bucket_success=0.000 total_episodes=  930 avg_len=200.0 return=-2.002
[Episode  2440] stage_8B_position    bucket=small_obs0     bucket_success=0.000 total_episodes=  940 avg_len=200.0 return=-2.000
[Episode  2450] stage_8B_position    bucket=large_obs0     bucket_success=0.000 total_episodes=  950 avg_len=200.0 return=-1.998
[Episode  2460] stage_8B_position    bucket=large_obs0     bucket_success=0.000 total_episodes=  960 avg_len=200.0 return=-1.998
[Episode  2470] stage_8B_position    bucket=large_obs0     bucket_success=0.000 total_episodes=  970 avg_len=200.0 return=-1.998
[Episode  2480] stage_8B_position    bucket=large_obs0     bucket_success=0.000 total_episodes=  980 avg_len=200.0 return=-1.998
[Episode  2490] stage_8B_position    bucket=small_obs0     bucket_success=0.000 total_episodes=  990 avg_len=200.0 return=-1.998
[Episode  2500] stage_8B_position    bucket=small_obs0     bucket_success=0.000 total_episodes= 1000 avg_len=200.0 return=-1.992
[Episode  2510] stage_8B_position    bucket=small_obs0     bucket_success=0.000 total_episodes= 1010 avg_len=200.0 return=-1.992
[Episode  2520] stage_8B_position    bucket=small_obs0     bucket_success=0.000 total_episodes= 1020 avg_len=200.0 return=-1.992
[Episode  2530] stage_8B_position    bucket=large_obs0     bucket_success=0.000 total_episodes= 1030 avg_len=200.0 return=-1.994
[Episode  2540] stage_8B_position    bucket=small_obs0     bucket_success=0.000 total_episodes= 1040 avg_len=200.0 return=-1.998
[Episode  2550] stage_8B_position    bucket=small_obs0     bucket_success=0.000 total_episodes= 1050 avg_len=200.0 return=-2.000
[Episode  2560] stage_8B_position    bucket=small_obs0     bucket_success=0.000 total_episodes= 1060 avg_len=200.0 return=-1.998
[Episode  2570] stage_8B_position    bucket=large_obs0     bucket_success=0.000 total_episodes= 1070 avg_len=200.0 return=-1.998
[Episode  2580] stage_8B_position    bucket=large_obs0     bucket_success=0.000 total_episodes= 1080 avg_len=200.0 return=-1.998
[Episode  2590] stage_8B_position    bucket=small_obs0     bucket_success=0.000 total_episodes= 1090 avg_len=200.0 return=-1.998
[Episode  2600] stage_8B_position    bucket=small_obs0     bucket_success=0.000 total_episodes= 1100 avg_len=200.0 return=-2.000
[Episode  2610] stage_8B_position    bucket=large_obs0     bucket_success=0.000 total_episodes= 1110 avg_len=200.0 return=-2.000
[Episode  2620] stage_8B_position    bucket=small_obs0     bucket_success=0.000 total_episodes= 1120 avg_len=200.0 return=-2.000
[Episode  2630] stage_8B_position    bucket=large_obs0     bucket_success=0.000 total_episodes= 1130 avg_len=200.0 return=-2.000
[Episode  2640] stage_8B_position    bucket=large_obs0     bucket_success=0.000 total_episodes= 1140 avg_len=200.0 return=-1.996
[Episode  2650] stage_8B_position    bucket=small_obs0     bucket_success=0.000 total_episodes= 1150 avg_len=200.0 return=-1.996
[Episode  2660] stage_8B_position    bucket=small_obs0     bucket_success=0.000 total_episodes= 1160 avg_len=200.0 return=-1.998
[Episode  2670] stage_8B_position    bucket=large_obs0     bucket_success=0.000 total_episodes= 1170 avg_len=200.0 return=-1.998
[Episode  2680] stage_8B_position    bucket=small_obs0     bucket_success=0.000 total_episodes= 1180 avg_len=200.0 return=-1.996
[Episode  2690] stage_8B_position    bucket=large_obs0     bucket_success=0.000 total_episodes= 1190 avg_len=200.0 return=-1.996
[Episode  2700] stage_8B_position    bucket=large_obs0     bucket_success=0.000 total_episodes= 1200 avg_len=200.0 return=-1.996
[Episode  2710] stage_8B_position    bucket=large_obs0     bucket_success=0.000 total_episodes= 1210 avg_len=200.0 return=-1.996
[Episode  2720] stage_8B_position    bucket=small_obs0     bucket_success=0.000 total_episodes= 1220 avg_len=200.0 return=-1.990
[Episode  2730] stage_8B_position    bucket=small_obs0     bucket_success=0.000 total_episodes= 1230 avg_len=200.0 return=-1.990
[Episode  2740] stage_8B_position    bucket=small_obs0     bucket_success=0.000 total_episodes= 1240 avg_len=200.0 return=-1.992
[Episode  2750] stage_8B_position    bucket=large_obs0     bucket_success=0.000 total_episodes= 1250 avg_len=200.0 return=-1.992
[Episode  2760] stage_8B_position    bucket=small_obs0     bucket_success=0.000 total_episodes= 1260 avg_len=200.0 return=-1.984
[Episode  2770] stage_8B_position    bucket=small_obs0     bucket_success=0.000 total_episodes= 1270 avg_len=200.0 return=-1.984
[Episode  2780] stage_8B_position    bucket=large_obs0     bucket_success=0.000 total_episodes= 1280 avg_len=200.0 return=-1.988
[Episode  2790] stage_8B_position    bucket=large_obs0     bucket_success=0.000 total_episodes= 1290 avg_len=200.0 return=-1.988
[Episode  2800] stage_8B_position    bucket=small_obs0     bucket_success=0.000 total_episodes= 1300 avg_len=200.0 return=-1.988
[Episode  2810] stage_8B_position    bucket=small_obs0     bucket_success=0.000 total_episodes= 1310 avg_len=200.0 return=-1.988
[Episode  2820] stage_8B_position    bucket=large_obs0     bucket_success=0.000 total_episodes= 1320 avg_len=200.0 return=-1.994
[Episode  2830] stage_8B_position    bucket=small_obs0     bucket_success=0.000 total_episodes= 1330 avg_len=200.0 return=-1.988
[Episode  2840] stage_8B_position    bucket=small_obs0     bucket_success=0.000 total_episodes= 1340 avg_len=200.0 return=-1.986
[Episode  2850] stage_8B_position    bucket=small_obs0     bucket_success=0.000 total_episodes= 1350 avg_len=200.0 return=-1.984
[Episode  2860] stage_8B_position    bucket=large_obs0     bucket_success=0.000 total_episodes= 1360 avg_len=200.0 return=-1.992
[Episode  2870] stage_8B_position    bucket=small_obs0     bucket_success=0.000 total_episodes= 1370 avg_len=200.0 return=-1.992
[Episode  2880] stage_8B_position    bucket=large_obs0     bucket_success=0.000 total_episodes= 1380 avg_len=200.0 return=-1.988
[Episode  2890] stage_8B_position    bucket=small_obs0     bucket_success=0.000 total_episodes= 1390 avg_len=200.0 return=-1.984
[Episode  2900] stage_8B_position    bucket=large_obs0     bucket_success=0.000 total_episodes= 1400 avg_len=200.0 return=-1.984
[Episode  2910] stage_8B_position    bucket=large_obs0     bucket_success=0.000 total_episodes= 1410 avg_len=200.0 return=-1.986
